-- The C compiler identification is GNU 13.3.0
-- The CXX compiler identification is GNU 13.3.0
-- Detecting C compiler ABI info
-- Detecting C compiler ABI info - done
-- Check for working C compiler: /usr/bin/cc - skipped
-- Detecting C compile features
-- Detecting C compile features - done
-- Detecting CXX compiler ABI info
-- Detecting CXX compiler ABI info - done
-- Check for working CXX compiler: /usr/bin/c++ - skipped
-- Detecting CXX compile features
-- Detecting CXX compile features - done
-- Found ament_cmake: 2.5.6 (/opt/ros/jazzy/share/ament_cmake/cmake)
-- Found Python3: /usr/bin/python3 (found version "3.12.3") found components: Interpreter 
-- Override CMake install command with custom implementation using symlinks instead of copying resources
-- Found geometry_msgs: 5.3.8 (/opt/ros/jazzy/share/geometry_msgs/cmake)
-- Found rosidl_generator_c: 4.6.9 (/opt/ros/jazzy/share/rosidl_generator_c/cmake)
-- Found rosidl_generator_cpp: 4.6.9 (/opt/ros/jazzy/share/rosidl_generator_cpp/cmake)
-- Using all available rosidl_typesupport_c: rosidl_typesupport_fastrtps_c;rosidl_typesupport_introspection_c
-- Using all available rosidl_typesupport_cpp: rosidl_typesupport_fastrtps_cpp;rosidl_typesupport_introspection_cpp
-- Found gz_msgs_vendor: 0.0.6 (/opt/ros/jazzy/share/gz_msgs_vendor/cmake)
-- Found gz_transport_vendor: 0.0.7 (/opt/ros/jazzy/share/gz_transport_vendor/cmake)
-- Looking for gz-msgs10 -- found version 10.3.2
-- Searching for dependencies of gz-msgs10
-- Found Protobuf: /usr/lib/x86_64-linux-gnu/libprotobuf.so (found version "3.21.12") 
-- Looking for gz-utils2 -- found version 2.2.1
-- Searching for dependencies of gz-utils2
-- Looking for gz-math7 -- found version 7.6.0
-- Searching for dependencies of gz-math7
-- Looking for gz-utils2 -- found version 2.2.1
-- Checking for module 'tinyxml2'
--   Found tinyxml2, version 10.0.0
-- Looking for gz-transport13 -- found version 13.5.0
-- Searching for dependencies of gz-transport13
-- Config-file not installed for ZeroMQ -- checking for pkg-config
-- Checking for module 'libzmq >= 4'
--   Found libzmq, version 4.3.5
-- Found ZeroMQ: TRUE (Required is at least version "4") 
-- Checking for module 'uuid'
--   Found uuid, version 2.39.3
-- Found UUID: TRUE  
-- Looking for gz-utils2 -- found version 2.2.1
-- Searching for dependencies of gz-utils2
-- Searching for <gz-utils2> component [cli]
-- Looking for gz-utils2-cli -- found version 2.2.1
-- Searching for dependencies of gz-utils2-cli
-- Looking for gz-msgs10 -- found version 10.3.2
-- Found rclcpp: 28.1.21 (/opt/ros/jazzy/share/rclcpp/cmake)
-- Found rmw_implementation_cmake: 7.3.3 (/opt/ros/jazzy/share/rmw_implementation_cmake/cmake)
-- Found rmw_fastrtps_cpp: 8.4.4 (/opt/ros/jazzy/share/rmw_fastrtps_cpp/cmake)
-- Found OpenSSL: /usr/lib/x86_64-linux-gnu/libcrypto.so (found version "3.0.13")  
-- Found FastRTPS: /opt/ros/jazzy/include (Required is at least version "2.13") 
-- Using RMW implementation 'rmw_fastrtps_cpp' as default
-- Found tf2_msgs: 0.36.21 (/opt/ros/jazzy/share/tf2_msgs/cmake)
-- Configuring done (1.3s)
-- Generating done (0.0s)
-- Build files have been written to: /home/ubbbb/beidou_robot_ws/build/beidou_gazebo_pose_bridge
[ 50%] Building CXX object CMakeFiles/elderly_pose_bridge.dir/src/elderly_pose_bridge.cpp.o
[100%] Linking CXX executable elderly_pose_bridge
[100%] Built target elderly_pose_bridge
-- Install configuration: ""
-- Execute custom install script
-- Symlinking: /home/ubbbb/beidou_robot_ws/install/beidou_gazebo_pose_bridge/lib/beidou_gazebo_pose_bridge/elderly_pose_bridge
-- Symlinking: /home/ubbbb/beidou_robot_ws/install/beidou_gazebo_pose_bridge/share/ament_index/resource_index/package_run_dependencies/beidou_gazebo_pose_bridge
-- Symlinking: /home/ubbbb/beidou_robot_ws/install/beidou_gazebo_pose_bridge/share/ament_index/resource_index/parent_prefix_path/beidou_gazebo_pose_bridge
-- Symlinking: /home/ubbbb/beidou_robot_ws/install/beidou_gazebo_pose_bridge/share/beidou_gazebo_pose_bridge/environment/ament_prefix_path.sh
-- Symlinking: /home/ubbbb/beidou_robot_ws/install/beidou_gazebo_pose_bridge/share/beidou_gazebo_pose_bridge/environment/ament_prefix_path.dsv
-- Symlinking: /home/ubbbb/beidou_robot_ws/install/beidou_gazebo_pose_bridge/share/beidou_gazebo_pose_bridge/environment/path.sh
-- Symlinking: /home/ubbbb/beidou_robot_ws/install/beidou_gazebo_pose_bridge/share/beidou_gazebo_pose_bridge/environment/path.dsv
-- Symlinking: /home/ubbbb/beidou_robot_ws/install/beidou_gazebo_pose_bridge/share/beidou_gazebo_pose_bridge/local_setup.bash
-- Symlinking: /home/ubbbb/beidou_robot_ws/install/beidou_gazebo_pose_bridge/share/beidou_gazebo_pose_bridge/local_setup.sh
-- Symlinking: /home/ubbbb/beidou_robot_ws/install/beidou_gazebo_pose_bridge/share/beidou_gazebo_pose_bridge/local_setup.zsh
-- Symlinking: /home/ubbbb/beidou_robot_ws/install/beidou_gazebo_pose_bridge/share/beidou_gazebo_pose_bridge/local_setup.dsv
-- Symlinking: /home/ubbbb/beidou_robot_ws/install/beidou_gazebo_pose_bridge/share/beidou_gazebo_pose_bridge/package.dsv
-- Symlinking: /home/ubbbb/beidou_robot_ws/install/beidou_gazebo_pose_bridge/share/ament_index/resource_index/packages/beidou_gazebo_pose_bridge
-- Symlinking: /home/ubbbb/beidou_robot_ws/install/beidou_gazebo_pose_bridge/share/beidou_gazebo_pose_bridge/cmake/beidou_gazebo_pose_bridgeConfig.cmake
-- Symlinking: /home/ubbbb/beidou_robot_ws/install/beidou_gazebo_pose_bridge/share/beidou_gazebo_pose_bridge/cmake/beidou_gazebo_pose_bridgeConfig-version.cmake
-- Symlinking: /home/ubbbb/beidou_robot_ws/install/beidou_gazebo_pose_bridge/share/beidou_gazebo_pose_bridge/package.xml
