[0.008s] Invoking command in '/home/ubbbb/beidou_robot_ws/build/beidou_gazebo_pose_bridge': CMAKE_PREFIX_PATH=${CMAKE_PREFIX_PATH}:/opt/ros/jazzy DEBUGINFOD_URLS=https://debuginfod.ubuntu.com /usr/bin/cmake /home/ubbbb/beidou_robot_ws/src/beidou_gazebo_pose_bridge -DAMENT_CMAKE_SYMLINK_INSTALL=1 -DCMAKE_INSTALL_PREFIX=/home/ubbbb/beidou_robot_ws/install/beidou_gazebo_pose_bridge
[0.109s] -- The C compiler identification is GNU 13.3.0
[0.183s] -- The CXX compiler identification is GNU 13.3.0
[0.200s] -- Detecting C compiler ABI info
[0.285s] -- Detecting C compiler ABI info - done
[0.293s] -- Check for working C compiler: /usr/bin/cc - skipped
[0.293s] -- Detecting C compile features
[0.293s] -- Detecting C compile features - done
[0.302s] -- Detecting CXX compiler ABI info
[0.388s] -- Detecting CXX compiler ABI info - done
[0.398s] -- Check for working CXX compiler: /usr/bin/c++ - skipped
[0.398s] -- Detecting CXX compile features
[0.398s] -- Detecting CXX compile features - done
[0.401s] -- Found ament_cmake: 2.5.6 (/opt/ros/jazzy/share/ament_cmake/cmake)
[0.509s] -- Found Python3: /usr/bin/python3 (found version "3.12.3") found components: Interpreter 
[0.562s] -- Override CMake install command with custom implementation using symlinks instead of copying resources
[0.595s] -- Found geometry_msgs: 5.3.8 (/opt/ros/jazzy/share/geometry_msgs/cmake)
[0.630s] -- Found rosidl_generator_c: 4.6.9 (/opt/ros/jazzy/share/rosidl_generator_c/cmake)
[0.640s] -- Found rosidl_generator_cpp: 4.6.9 (/opt/ros/jazzy/share/rosidl_generator_cpp/cmake)
[0.652s] -- Using all available rosidl_typesupport_c: rosidl_typesupport_fastrtps_c;rosidl_typesupport_introspection_c
[0.666s] -- Using all available rosidl_typesupport_cpp: rosidl_typesupport_fastrtps_cpp;rosidl_typesupport_introspection_cpp
[0.698s] -- Found gz_msgs_vendor: 0.0.6 (/opt/ros/jazzy/share/gz_msgs_vendor/cmake)
[0.708s] -- Found gz_transport_vendor: 0.0.7 (/opt/ros/jazzy/share/gz_transport_vendor/cmake)
[0.710s] -- Looking for gz-msgs10 -- found version 10.3.2
[0.718s] -- Searching for dependencies of gz-msgs10
[0.835s] -- Found Protobuf: /usr/lib/x86_64-linux-gnu/libprotobuf.so (found version "3.21.12") 
[0.838s] -- Looking for gz-utils2 -- found version 2.2.1
[0.839s] -- Searching for dependencies of gz-utils2
[0.842s] -- Looking for gz-math7 -- found version 7.6.0
[0.842s] -- Searching for dependencies of gz-math7
[0.842s] -- Looking for gz-utils2 -- found version 2.2.1
[0.849s] -- Checking for module 'tinyxml2'
[0.864s] --   Found tinyxml2, version 10.0.0
[0.896s] -- Looking for gz-transport13 -- found version 13.5.0
[0.896s] -- Searching for dependencies of gz-transport13
[0.916s] -- Config-file not installed for ZeroMQ -- checking for pkg-config
[0.921s] -- Checking for module 'libzmq >= 4'
[0.934s] --   Found libzmq, version 4.3.5
[0.972s] -- Found ZeroMQ: TRUE (Required is at least version "4") 
[0.977s] -- Checking for module 'uuid'
[0.990s] --   Found uuid, version 2.39.3
[1.022s] -- Found UUID: TRUE  
[1.023s] -- Looking for gz-utils2 -- found version 2.2.1
[1.023s] -- Searching for dependencies of gz-utils2
[1.023s] -- Searching for <gz-utils2> component [cli]
[1.025s] -- Looking for gz-utils2-cli -- found version 2.2.1
[1.025s] -- Searching for dependencies of gz-utils2-cli
[1.025s] -- Looking for gz-msgs10 -- found version 10.3.2
[1.028s] -- Found rclcpp: 28.1.21 (/opt/ros/jazzy/share/rclcpp/cmake)
[1.079s] -- Found rmw_implementation_cmake: 7.3.3 (/opt/ros/jazzy/share/rmw_implementation_cmake/cmake)
[1.082s] -- Found rmw_fastrtps_cpp: 8.4.4 (/opt/ros/jazzy/share/rmw_fastrtps_cpp/cmake)
[1.166s] -- Found OpenSSL: /usr/lib/x86_64-linux-gnu/libcrypto.so (found version "3.0.13")  
[1.186s] -- Found FastRTPS: /opt/ros/jazzy/include (Required is at least version "2.13") 
[1.205s] -- Using RMW implementation 'rmw_fastrtps_cpp' as default
[1.262s] -- Found tf2_msgs: 0.36.21 (/opt/ros/jazzy/share/tf2_msgs/cmake)
[1.366s] -- Configuring done (1.3s)
[1.375s] -- Generating done (0.0s)
[1.378s] -- Build files have been written to: /home/ubbbb/beidou_robot_ws/build/beidou_gazebo_pose_bridge
[1.388s] Invoked command in '/home/ubbbb/beidou_robot_ws/build/beidou_gazebo_pose_bridge' returned '0': CMAKE_PREFIX_PATH=${CMAKE_PREFIX_PATH}:/opt/ros/jazzy DEBUGINFOD_URLS=https://debuginfod.ubuntu.com /usr/bin/cmake /home/ubbbb/beidou_robot_ws/src/beidou_gazebo_pose_bridge -DAMENT_CMAKE_SYMLINK_INSTALL=1 -DCMAKE_INSTALL_PREFIX=/home/ubbbb/beidou_robot_ws/install/beidou_gazebo_pose_bridge
[1.389s] Invoking command in '/home/ubbbb/beidou_robot_ws/build/beidou_gazebo_pose_bridge': CMAKE_PREFIX_PATH=${CMAKE_PREFIX_PATH}:/opt/ros/jazzy DEBUGINFOD_URLS=https://debuginfod.ubuntu.com /usr/bin/cmake --build /home/ubbbb/beidou_robot_ws/build/beidou_gazebo_pose_bridge -- -j18 -l18
[1.440s] [ 50%] Building CXX object CMakeFiles/elderly_pose_bridge.dir/src/elderly_pose_bridge.cpp.o
[5.247s] [100%] Linking CXX executable elderly_pose_bridge
[5.422s] [100%] Built target elderly_pose_bridge
[5.432s] Invoked command in '/home/ubbbb/beidou_robot_ws/build/beidou_gazebo_pose_bridge' returned '0': CMAKE_PREFIX_PATH=${CMAKE_PREFIX_PATH}:/opt/ros/jazzy DEBUGINFOD_URLS=https://debuginfod.ubuntu.com /usr/bin/cmake --build /home/ubbbb/beidou_robot_ws/build/beidou_gazebo_pose_bridge -- -j18 -l18
[5.440s] Invoking command in '/home/ubbbb/beidou_robot_ws/build/beidou_gazebo_pose_bridge': CMAKE_PREFIX_PATH=${CMAKE_PREFIX_PATH}:/opt/ros/jazzy DEBUGINFOD_URLS=https://debuginfod.ubuntu.com /usr/bin/cmake --install /home/ubbbb/beidou_robot_ws/build/beidou_gazebo_pose_bridge
[5.445s] -- Install configuration: ""
[5.445s] -- Execute custom install script
[5.445s] -- Symlinking: /home/ubbbb/beidou_robot_ws/install/beidou_gazebo_pose_bridge/lib/beidou_gazebo_pose_bridge/elderly_pose_bridge
[5.458s] -- Symlinking: /home/ubbbb/beidou_robot_ws/install/beidou_gazebo_pose_bridge/share/ament_index/resource_index/package_run_dependencies/beidou_gazebo_pose_bridge
[5.466s] -- Symlinking: /home/ubbbb/beidou_robot_ws/install/beidou_gazebo_pose_bridge/share/ament_index/resource_index/parent_prefix_path/beidou_gazebo_pose_bridge
[5.472s] -- Symlinking: /home/ubbbb/beidou_robot_ws/install/beidou_gazebo_pose_bridge/share/beidou_gazebo_pose_bridge/environment/ament_prefix_path.sh
[5.480s] -- Symlinking: /home/ubbbb/beidou_robot_ws/install/beidou_gazebo_pose_bridge/share/beidou_gazebo_pose_bridge/environment/ament_prefix_path.dsv
[5.486s] -- Symlinking: /home/ubbbb/beidou_robot_ws/install/beidou_gazebo_pose_bridge/share/beidou_gazebo_pose_bridge/environment/path.sh
[5.495s] -- Symlinking: /home/ubbbb/beidou_robot_ws/install/beidou_gazebo_pose_bridge/share/beidou_gazebo_pose_bridge/environment/path.dsv
[5.502s] -- Symlinking: /home/ubbbb/beidou_robot_ws/install/beidou_gazebo_pose_bridge/share/beidou_gazebo_pose_bridge/local_setup.bash
[5.514s] -- Symlinking: /home/ubbbb/beidou_robot_ws/install/beidou_gazebo_pose_bridge/share/beidou_gazebo_pose_bridge/local_setup.sh
[5.522s] -- Symlinking: /home/ubbbb/beidou_robot_ws/install/beidou_gazebo_pose_bridge/share/beidou_gazebo_pose_bridge/local_setup.zsh
[5.530s] -- Symlinking: /home/ubbbb/beidou_robot_ws/install/beidou_gazebo_pose_bridge/share/beidou_gazebo_pose_bridge/local_setup.dsv
[5.537s] -- Symlinking: /home/ubbbb/beidou_robot_ws/install/beidou_gazebo_pose_bridge/share/beidou_gazebo_pose_bridge/package.dsv
[5.545s] -- Symlinking: /home/ubbbb/beidou_robot_ws/install/beidou_gazebo_pose_bridge/share/ament_index/resource_index/packages/beidou_gazebo_pose_bridge
[5.553s] -- Symlinking: /home/ubbbb/beidou_robot_ws/install/beidou_gazebo_pose_bridge/share/beidou_gazebo_pose_bridge/cmake/beidou_gazebo_pose_bridgeConfig.cmake
[5.562s] -- Symlinking: /home/ubbbb/beidou_robot_ws/install/beidou_gazebo_pose_bridge/share/beidou_gazebo_pose_bridge/cmake/beidou_gazebo_pose_bridgeConfig-version.cmake
[5.568s] -- Symlinking: /home/ubbbb/beidou_robot_ws/install/beidou_gazebo_pose_bridge/share/beidou_gazebo_pose_bridge/package.xml
[5.578s] Invoked command in '/home/ubbbb/beidou_robot_ws/build/beidou_gazebo_pose_bridge' returned '0': CMAKE_PREFIX_PATH=${CMAKE_PREFIX_PATH}:/opt/ros/jazzy DEBUGINFOD_URLS=https://debuginfod.ubuntu.com /usr/bin/cmake --install /home/ubbbb/beidou_robot_ws/build/beidou_gazebo_pose_bridge
