[1.208s] Invoking command in '/home/ubbbb/beidou_robot_ws/build/beidou_gazebo': AMENT_PREFIX_PATH=/home/ubbbb/beidou_robot_ws/install/beidou_interfaces:/home/ubbbb/beidou_robot_ws/install/beidou_gazebo_pose_bridge:${AMENT_PREFIX_PATH} CMAKE_PREFIX_PATH=/home/ubbbb/beidou_robot_ws/install/beidou_interfaces:/home/ubbbb/beidou_robot_ws/install/beidou_gazebo_pose_bridge:${CMAKE_PREFIX_PATH} DEBUGINFOD_URLS=https://debuginfod.ubuntu.com LD_LIBRARY_PATH=/home/ubbbb/beidou_robot_ws/install/beidou_interfaces/lib:${LD_LIBRARY_PATH} PYTHONPATH=/home/ubbbb/beidou_robot_ws/build/beidou_gazebo/prefix_override:/usr/lib/python3/dist-packages/colcon_core/task/python/colcon_distutils_commands:/home/ubbbb/beidou_robot_ws/install/beidou_gazebo/lib/python3.12/site-packages:/home/ubbbb/beidou_robot_ws/install/beidou_interfaces/lib/python3.12/site-packages:${PYTHONPATH} /usr/bin/python3 -W ignore:setup.py install is deprecated -W ignore:easy_install command is deprecated setup.py develop --editable --build-directory /home/ubbbb/beidou_robot_ws/build/beidou_gazebo/build --no-deps symlink_data
[1.552s] running develop
[1.744s] running egg_info
[1.762s] writing beidou_gazebo.egg-info/PKG-INFO
[1.762s] writing dependency_links to beidou_gazebo.egg-info/dependency_links.txt
[1.762s] writing entry points to beidou_gazebo.egg-info/entry_points.txt
[1.762s] writing requirements to beidou_gazebo.egg-info/requires.txt
[1.763s] writing top-level names to beidou_gazebo.egg-info/top_level.txt
[1.798s] reading manifest file 'beidou_gazebo.egg-info/SOURCES.txt'
[1.799s] writing manifest file 'beidou_gazebo.egg-info/SOURCES.txt'
[1.816s] running build_ext
[1.817s] Creating /home/ubbbb/beidou_robot_ws/install/beidou_gazebo/lib/python3.12/site-packages/beidou-gazebo.egg-link (link to .)
[1.818s] Installing beidou_position_publisher script to /home/ubbbb/beidou_robot_ws/install/beidou_gazebo/lib/beidou_gazebo
[1.818s] Installing elderly_companion_navigation script to /home/ubbbb/beidou_robot_ws/install/beidou_gazebo/lib/beidou_gazebo
[1.819s] Installing elderly_companion_v2 script to /home/ubbbb/beidou_robot_ws/install/beidou_gazebo/lib/beidou_gazebo
[1.819s] Installing elderly_geofence script to /home/ubbbb/beidou_robot_ws/install/beidou_gazebo/lib/beidou_gazebo
[1.819s] Installing elderly_guard_navigation script to /home/ubbbb/beidou_robot_ws/install/beidou_gazebo/lib/beidou_gazebo
[1.819s] Installing elderly_motion_estimator script to /home/ubbbb/beidou_robot_ws/install/beidou_gazebo/lib/beidou_gazebo
[1.819s] Installing elderly_voice_alarm script to /home/ubbbb/beidou_robot_ws/install/beidou_gazebo/lib/beidou_gazebo
[1.819s] Installing elderly_walker script to /home/ubbbb/beidou_robot_ws/install/beidou_gazebo/lib/beidou_gazebo
[1.819s] Installing piper_chinese_tts script to /home/ubbbb/beidou_robot_ws/install/beidou_gazebo/lib/beidou_gazebo
[1.819s] 
[1.819s] Installed /home/ubbbb/beidou_robot_ws/build/beidou_gazebo
[1.820s] running symlink_data
[1.820s] symbolically linking /home/ubbbb/beidou_robot_ws/build/beidou_gazebo/launch/companion_v2.launch.py -> /home/ubbbb/beidou_robot_ws/install/beidou_gazebo/share/beidou_gazebo/launch
[1.820s] creating /home/ubbbb/beidou_robot_ws/install/beidou_gazebo/share/beidou_gazebo/behavior_trees
[1.820s] symbolically linking /home/ubbbb/beidou_robot_ws/build/beidou_gazebo/behavior_trees/companion_follow.xml -> /home/ubbbb/beidou_robot_ws/install/beidou_gazebo/share/beidou_gazebo/behavior_trees
[1.850s] Invoked command in '/home/ubbbb/beidou_robot_ws/build/beidou_gazebo' returned '0': AMENT_PREFIX_PATH=/home/ubbbb/beidou_robot_ws/install/beidou_interfaces:/home/ubbbb/beidou_robot_ws/install/beidou_gazebo_pose_bridge:${AMENT_PREFIX_PATH} CMAKE_PREFIX_PATH=/home/ubbbb/beidou_robot_ws/install/beidou_interfaces:/home/ubbbb/beidou_robot_ws/install/beidou_gazebo_pose_bridge:${CMAKE_PREFIX_PATH} DEBUGINFOD_URLS=https://debuginfod.ubuntu.com LD_LIBRARY_PATH=/home/ubbbb/beidou_robot_ws/install/beidou_interfaces/lib:${LD_LIBRARY_PATH} PYTHONPATH=/home/ubbbb/beidou_robot_ws/build/beidou_gazebo/prefix_override:/usr/lib/python3/dist-packages/colcon_core/task/python/colcon_distutils_commands:/home/ubbbb/beidou_robot_ws/install/beidou_gazebo/lib/python3.12/site-packages:/home/ubbbb/beidou_robot_ws/install/beidou_interfaces/lib/python3.12/site-packages:${PYTHONPATH} /usr/bin/python3 -W ignore:setup.py install is deprecated -W ignore:easy_install command is deprecated setup.py develop --editable --build-directory /home/ubbbb/beidou_robot_ws/build/beidou_gazebo/build --no-deps symlink_data
