[0.110s] DEBUG:colcon:Command line arguments: ['/usr/bin/colcon', 'build', '--packages-select', 'beidou_interfaces', 'beidou_gazebo', '--symlink-install', '--event-handlers', 'console_direct+']
[0.110s] DEBUG:colcon:Parsed command line arguments: Namespace(log_base=None, log_level=None, verb_name='build', build_base='build', install_base='install', merge_install=False, symlink_install=True, test_result_base=None, continue_on_error=False, executor='parallel', parallel_workers=18, event_handlers=['console_direct+'], ignore_user_meta=False, metas=['./colcon.meta'], base_paths=['.'], packages_ignore=None, packages_ignore_regex=None, paths=None, packages_up_to=None, packages_up_to_regex=None, packages_above=None, packages_above_and_dependencies=None, packages_above_depth=None, packages_select_by_dep=None, packages_skip_by_dep=None, packages_skip_up_to=None, packages_select_build_failed=False, packages_skip_build_finished=False, packages_select_test_failures=False, packages_skip_test_passed=False, packages_select=['beidou_interfaces', 'beidou_gazebo'], packages_skip=None, packages_select_regex=None, packages_skip_regex=None, packages_start=None, packages_end=None, allow_overriding=[], cmake_args=None, cmake_target=None, cmake_target_skip_unavailable=False, cmake_clean_cache=False, cmake_clean_first=False, cmake_force_configure=False, ament_cmake_args=None, catkin_cmake_args=None, catkin_skip_building_tests=False, verb_parser=<colcon_defaults.argument_parser.defaults.DefaultArgumentsDecorator object at 0x775921c821e0>, verb_extension=<colcon_core.verb.build.BuildVerb object at 0x775921db2660>, main=<bound method BuildVerb.main of <colcon_core.verb.build.BuildVerb object at 0x775921db2660>>)
[0.147s] Level 1:colcon.colcon_core.package_discovery:discover_packages(colcon_meta) check parameters
[0.147s] Level 1:colcon.colcon_core.package_discovery:discover_packages(recursive) check parameters
[0.147s] Level 1:colcon.colcon_core.package_discovery:discover_packages(ignore) check parameters
[0.147s] Level 1:colcon.colcon_core.package_discovery:discover_packages(path) check parameters
[0.147s] Level 1:colcon.colcon_core.package_discovery:discover_packages(colcon_meta) discover
[0.147s] Level 1:colcon.colcon_core.package_discovery:discover_packages(recursive) discover
[0.147s] INFO:colcon.colcon_core.package_discovery:Crawling recursively for packages in '/home/ubbbb/beidou_robot_ws'
[0.147s] Level 1:colcon.colcon_core.package_identification:_identify(.) by extensions ['ignore', 'ignore_ament_install']
[0.148s] Level 1:colcon.colcon_core.package_identification:_identify(.) by extension 'ignore'
[0.148s] Level 1:colcon.colcon_core.package_identification:_identify(.) by extension 'ignore_ament_install'
[0.148s] Level 1:colcon.colcon_core.package_identification:_identify(.) by extensions ['colcon_pkg']
[0.148s] Level 1:colcon.colcon_core.package_identification:_identify(.) by extension 'colcon_pkg'
[0.148s] Level 1:colcon.colcon_core.package_identification:_identify(.) by extensions ['colcon_meta']
[0.148s] Level 1:colcon.colcon_core.package_identification:_identify(.) by extension 'colcon_meta'
[0.148s] Level 1:colcon.colcon_core.package_identification:_identify(.) by extensions ['ros']
[0.148s] Level 1:colcon.colcon_core.package_identification:_identify(.) by extension 'ros'
[0.182s] Level 1:colcon.colcon_core.package_identification:_identify(.) by extensions ['cmake', 'python']
[0.182s] Level 1:colcon.colcon_core.package_identification:_identify(.) by extension 'cmake'
[0.182s] Level 1:colcon.colcon_core.package_identification:_identify(.) by extension 'python'
[0.182s] Level 1:colcon.colcon_core.package_identification:_identify(.) by extensions ['python_setup_py']
[0.182s] Level 1:colcon.colcon_core.package_identification:_identify(.) by extension 'python_setup_py'
[0.183s] Level 1:colcon.colcon_core.package_identification:_identify(build) by extensions ['ignore', 'ignore_ament_install']
[0.183s] Level 1:colcon.colcon_core.package_identification:_identify(build) by extension 'ignore'
[0.183s] Level 1:colcon.colcon_core.package_identification:_identify(build) ignored
[0.183s] Level 1:colcon.colcon_core.package_identification:_identify(install) by extensions ['ignore', 'ignore_ament_install']
[0.183s] Level 1:colcon.colcon_core.package_identification:_identify(install) by extension 'ignore'
[0.183s] Level 1:colcon.colcon_core.package_identification:_identify(install) ignored
[0.183s] Level 1:colcon.colcon_core.package_identification:_identify(log) by extensions ['ignore', 'ignore_ament_install']
[0.183s] Level 1:colcon.colcon_core.package_identification:_identify(log) by extension 'ignore'
[0.183s] Level 1:colcon.colcon_core.package_identification:_identify(log) ignored
[0.183s] Level 1:colcon.colcon_core.package_identification:_identify(maps) by extensions ['ignore', 'ignore_ament_install']
[0.183s] Level 1:colcon.colcon_core.package_identification:_identify(maps) by extension 'ignore'
[0.183s] Level 1:colcon.colcon_core.package_identification:_identify(maps) by extension 'ignore_ament_install'
[0.183s] Level 1:colcon.colcon_core.package_identification:_identify(maps) by extensions ['colcon_pkg']
[0.183s] Level 1:colcon.colcon_core.package_identification:_identify(maps) by extension 'colcon_pkg'
[0.183s] Level 1:colcon.colcon_core.package_identification:_identify(maps) by extensions ['colcon_meta']
[0.183s] Level 1:colcon.colcon_core.package_identification:_identify(maps) by extension 'colcon_meta'
[0.183s] Level 1:colcon.colcon_core.package_identification:_identify(maps) by extensions ['ros']
[0.183s] Level 1:colcon.colcon_core.package_identification:_identify(maps) by extension 'ros'
[0.184s] Level 1:colcon.colcon_core.package_identification:_identify(maps) by extensions ['cmake', 'python']
[0.184s] Level 1:colcon.colcon_core.package_identification:_identify(maps) by extension 'cmake'
[0.184s] Level 1:colcon.colcon_core.package_identification:_identify(maps) by extension 'python'
[0.184s] Level 1:colcon.colcon_core.package_identification:_identify(maps) by extensions ['python_setup_py']
[0.184s] Level 1:colcon.colcon_core.package_identification:_identify(maps) by extension 'python_setup_py'
[0.184s] Level 1:colcon.colcon_core.package_identification:_identify(maps_backup) by extensions ['ignore', 'ignore_ament_install']
[0.184s] Level 1:colcon.colcon_core.package_identification:_identify(maps_backup) by extension 'ignore'
[0.184s] Level 1:colcon.colcon_core.package_identification:_identify(maps_backup) by extension 'ignore_ament_install'
[0.184s] Level 1:colcon.colcon_core.package_identification:_identify(maps_backup) by extensions ['colcon_pkg']
[0.184s] Level 1:colcon.colcon_core.package_identification:_identify(maps_backup) by extension 'colcon_pkg'
[0.184s] Level 1:colcon.colcon_core.package_identification:_identify(maps_backup) by extensions ['colcon_meta']
[0.184s] Level 1:colcon.colcon_core.package_identification:_identify(maps_backup) by extension 'colcon_meta'
[0.184s] Level 1:colcon.colcon_core.package_identification:_identify(maps_backup) by extensions ['ros']
[0.184s] Level 1:colcon.colcon_core.package_identification:_identify(maps_backup) by extension 'ros'
[0.184s] Level 1:colcon.colcon_core.package_identification:_identify(maps_backup) by extensions ['cmake', 'python']
[0.184s] Level 1:colcon.colcon_core.package_identification:_identify(maps_backup) by extension 'cmake'
[0.184s] Level 1:colcon.colcon_core.package_identification:_identify(maps_backup) by extension 'python'
[0.184s] Level 1:colcon.colcon_core.package_identification:_identify(maps_backup) by extensions ['python_setup_py']
[0.184s] Level 1:colcon.colcon_core.package_identification:_identify(maps_backup) by extension 'python_setup_py'
[0.184s] Level 1:colcon.colcon_core.package_identification:_identify(src) by extensions ['ignore', 'ignore_ament_install']
[0.184s] Level 1:colcon.colcon_core.package_identification:_identify(src) by extension 'ignore'
[0.184s] Level 1:colcon.colcon_core.package_identification:_identify(src) by extension 'ignore_ament_install'
[0.184s] Level 1:colcon.colcon_core.package_identification:_identify(src) by extensions ['colcon_pkg']
[0.184s] Level 1:colcon.colcon_core.package_identification:_identify(src) by extension 'colcon_pkg'
[0.184s] Level 1:colcon.colcon_core.package_identification:_identify(src) by extensions ['colcon_meta']
[0.184s] Level 1:colcon.colcon_core.package_identification:_identify(src) by extension 'colcon_meta'
[0.185s] Level 1:colcon.colcon_core.package_identification:_identify(src) by extensions ['ros']
[0.185s] Level 1:colcon.colcon_core.package_identification:_identify(src) by extension 'ros'
[0.185s] Level 1:colcon.colcon_core.package_identification:_identify(src) by extensions ['cmake', 'python']
[0.185s] Level 1:colcon.colcon_core.package_identification:_identify(src) by extension 'cmake'
[0.185s] Level 1:colcon.colcon_core.package_identification:_identify(src) by extension 'python'
[0.185s] Level 1:colcon.colcon_core.package_identification:_identify(src) by extensions ['python_setup_py']
[0.185s] Level 1:colcon.colcon_core.package_identification:_identify(src) by extension 'python_setup_py'
[0.185s] Level 1:colcon.colcon_core.package_identification:_identify(src/beidou_gazebo) by extensions ['ignore', 'ignore_ament_install']
[0.185s] Level 1:colcon.colcon_core.package_identification:_identify(src/beidou_gazebo) by extension 'ignore'
[0.185s] Level 1:colcon.colcon_core.package_identification:_identify(src/beidou_gazebo) by extension 'ignore_ament_install'
[0.185s] Level 1:colcon.colcon_core.package_identification:_identify(src/beidou_gazebo) by extensions ['colcon_pkg']
[0.185s] Level 1:colcon.colcon_core.package_identification:_identify(src/beidou_gazebo) by extension 'colcon_pkg'
[0.185s] Level 1:colcon.colcon_core.package_identification:_identify(src/beidou_gazebo) by extensions ['colcon_meta']
[0.185s] Level 1:colcon.colcon_core.package_identification:_identify(src/beidou_gazebo) by extension 'colcon_meta'
[0.185s] Level 1:colcon.colcon_core.package_identification:_identify(src/beidou_gazebo) by extensions ['ros']
[0.185s] Level 1:colcon.colcon_core.package_identification:_identify(src/beidou_gazebo) by extension 'ros'
[0.188s] DEBUG:colcon.colcon_core.package_identification:Package 'src/beidou_gazebo' with type 'ros.ament_python' and name 'beidou_gazebo'
[0.188s] Level 1:colcon.colcon_core.package_identification:_identify(src/beidou_gazebo_pose_bridge) by extensions ['ignore', 'ignore_ament_install']
[0.188s] Level 1:colcon.colcon_core.package_identification:_identify(src/beidou_gazebo_pose_bridge) by extension 'ignore'
[0.189s] Level 1:colcon.colcon_core.package_identification:_identify(src/beidou_gazebo_pose_bridge) by extension 'ignore_ament_install'
[0.189s] Level 1:colcon.colcon_core.package_identification:_identify(src/beidou_gazebo_pose_bridge) by extensions ['colcon_pkg']
[0.189s] Level 1:colcon.colcon_core.package_identification:_identify(src/beidou_gazebo_pose_bridge) by extension 'colcon_pkg'
[0.189s] Level 1:colcon.colcon_core.package_identification:_identify(src/beidou_gazebo_pose_bridge) by extensions ['colcon_meta']
[0.189s] Level 1:colcon.colcon_core.package_identification:_identify(src/beidou_gazebo_pose_bridge) by extension 'colcon_meta'
[0.189s] Level 1:colcon.colcon_core.package_identification:_identify(src/beidou_gazebo_pose_bridge) by extensions ['ros']
[0.189s] Level 1:colcon.colcon_core.package_identification:_identify(src/beidou_gazebo_pose_bridge) by extension 'ros'
[0.189s] DEBUG:colcon.colcon_core.package_identification:Package 'src/beidou_gazebo_pose_bridge' with type 'ros.ament_cmake' and name 'beidou_gazebo_pose_bridge'
[0.189s] Level 1:colcon.colcon_core.package_identification:_identify(src/beidou_interfaces) by extensions ['ignore', 'ignore_ament_install']
[0.189s] Level 1:colcon.colcon_core.package_identification:_identify(src/beidou_interfaces) by extension 'ignore'
[0.189s] Level 1:colcon.colcon_core.package_identification:_identify(src/beidou_interfaces) by extension 'ignore_ament_install'
[0.190s] Level 1:colcon.colcon_core.package_identification:_identify(src/beidou_interfaces) by extensions ['colcon_pkg']
[0.190s] Level 1:colcon.colcon_core.package_identification:_identify(src/beidou_interfaces) by extension 'colcon_pkg'
[0.190s] Level 1:colcon.colcon_core.package_identification:_identify(src/beidou_interfaces) by extensions ['colcon_meta']
[0.190s] Level 1:colcon.colcon_core.package_identification:_identify(src/beidou_interfaces) by extension 'colcon_meta'
[0.190s] Level 1:colcon.colcon_core.package_identification:_identify(src/beidou_interfaces) by extensions ['ros']
[0.190s] Level 1:colcon.colcon_core.package_identification:_identify(src/beidou_interfaces) by extension 'ros'
[0.190s] DEBUG:colcon.colcon_core.package_identification:Package 'src/beidou_interfaces' with type 'ros.ament_cmake' and name 'beidou_interfaces'
[0.190s] Level 1:colcon.colcon_core.package_discovery:discover_packages(recursive) using defaults
[0.190s] Level 1:colcon.colcon_core.package_discovery:discover_packages(ignore) discover
[0.190s] Level 1:colcon.colcon_core.package_discovery:discover_packages(ignore) using defaults
[0.190s] Level 1:colcon.colcon_core.package_discovery:discover_packages(path) discover
[0.190s] Level 1:colcon.colcon_core.package_discovery:discover_packages(path) using defaults
[0.214s] INFO:colcon.colcon_core.package_selection:Skipping not selected package 'beidou_gazebo_pose_bridge' in 'src/beidou_gazebo_pose_bridge'
[0.215s] Level 1:colcon.colcon_core.package_discovery:discover_packages(prefix_path) check parameters
[0.215s] Level 1:colcon.colcon_core.package_discovery:discover_packages(prefix_path) discover
[0.218s] DEBUG:colcon.colcon_installed_package_information.package_discovery:Found 409 installed packages in /opt/ros/jazzy
[0.219s] Level 1:colcon.colcon_core.package_discovery:discover_packages(prefix_path) using defaults
[0.273s] Level 5:colcon.colcon_core.verb:set package 'beidou_interfaces' build argument 'cmake_args' from command line to 'None'
[0.273s] Level 5:colcon.colcon_core.verb:set package 'beidou_interfaces' build argument 'cmake_target' from command line to 'None'
[0.273s] Level 5:colcon.colcon_core.verb:set package 'beidou_interfaces' build argument 'cmake_target_skip_unavailable' from command line to 'False'
[0.274s] Level 5:colcon.colcon_core.verb:set package 'beidou_interfaces' build argument 'cmake_clean_cache' from command line to 'False'
[0.274s] Level 5:colcon.colcon_core.verb:set package 'beidou_interfaces' build argument 'cmake_clean_first' from command line to 'False'
[0.274s] Level 5:colcon.colcon_core.verb:set package 'beidou_interfaces' build argument 'cmake_force_configure' from command line to 'False'
[0.274s] Level 5:colcon.colcon_core.verb:set package 'beidou_interfaces' build argument 'ament_cmake_args' from command line to 'None'
[0.274s] Level 5:colcon.colcon_core.verb:set package 'beidou_interfaces' build argument 'catkin_cmake_args' from command line to 'None'
[0.274s] Level 5:colcon.colcon_core.verb:set package 'beidou_interfaces' build argument 'catkin_skip_building_tests' from command line to 'False'
[0.274s] DEBUG:colcon.colcon_core.verb:Building package 'beidou_interfaces' with the following arguments: {'ament_cmake_args': None, 'build_base': '/home/ubbbb/beidou_robot_ws/build/beidou_interfaces', 'catkin_cmake_args': None, 'catkin_skip_building_tests': False, 'cmake_args': None, 'cmake_clean_cache': False, 'cmake_clean_first': False, 'cmake_force_configure': False, 'cmake_target': None, 'cmake_target_skip_unavailable': False, 'install_base': '/home/ubbbb/beidou_robot_ws/install/beidou_interfaces', 'merge_install': False, 'path': '/home/ubbbb/beidou_robot_ws/src/beidou_interfaces', 'symlink_install': True, 'test_result_base': None}
[0.274s] Level 5:colcon.colcon_core.verb:set package 'beidou_gazebo' build argument 'cmake_args' from command line to 'None'
[0.274s] Level 5:colcon.colcon_core.verb:set package 'beidou_gazebo' build argument 'cmake_target' from command line to 'None'
[0.274s] Level 5:colcon.colcon_core.verb:set package 'beidou_gazebo' build argument 'cmake_target_skip_unavailable' from command line to 'False'
[0.274s] Level 5:colcon.colcon_core.verb:set package 'beidou_gazebo' build argument 'cmake_clean_cache' from command line to 'False'
[0.274s] Level 5:colcon.colcon_core.verb:set package 'beidou_gazebo' build argument 'cmake_clean_first' from command line to 'False'
[0.274s] Level 5:colcon.colcon_core.verb:set package 'beidou_gazebo' build argument 'cmake_force_configure' from command line to 'False'
[0.274s] Level 5:colcon.colcon_core.verb:set package 'beidou_gazebo' build argument 'ament_cmake_args' from command line to 'None'
[0.274s] Level 5:colcon.colcon_core.verb:set package 'beidou_gazebo' build argument 'catkin_cmake_args' from command line to 'None'
[0.275s] Level 5:colcon.colcon_core.verb:set package 'beidou_gazebo' build argument 'catkin_skip_building_tests' from command line to 'False'
[0.275s] DEBUG:colcon.colcon_core.verb:Building package 'beidou_gazebo' with the following arguments: {'ament_cmake_args': None, 'build_base': '/home/ubbbb/beidou_robot_ws/build/beidou_gazebo', 'catkin_cmake_args': None, 'catkin_skip_building_tests': False, 'cmake_args': None, 'cmake_clean_cache': False, 'cmake_clean_first': False, 'cmake_force_configure': False, 'cmake_target': None, 'cmake_target_skip_unavailable': False, 'install_base': '/home/ubbbb/beidou_robot_ws/install/beidou_gazebo', 'merge_install': False, 'path': '/home/ubbbb/beidou_robot_ws/src/beidou_gazebo', 'symlink_install': True, 'test_result_base': None}
[0.275s] INFO:colcon.colcon_core.executor:Executing jobs using 'parallel' executor
[0.276s] DEBUG:colcon.colcon_parallel_executor.executor.parallel:run_until_complete
[0.277s] INFO:colcon.colcon_ros.task.ament_cmake.build:Building ROS package in '/home/ubbbb/beidou_robot_ws/src/beidou_interfaces' with build type 'ament_cmake'
[0.277s] INFO:colcon.colcon_cmake.task.cmake.build:Building CMake package in '/home/ubbbb/beidou_robot_ws/src/beidou_interfaces'
[0.279s] INFO:colcon.colcon_core.plugin_system:Skipping extension 'colcon_core.shell.bat': Not used on non-Windows systems
[0.280s] INFO:colcon.colcon_core.shell:Skip shell extension 'powershell' for command environment: Not usable outside of PowerShell
[0.280s] DEBUG:colcon.colcon_core.shell:Skip shell extension 'dsv' for command environment
[0.292s] DEBUG:colcon.colcon_core.event_handler.log_command:Invoking command in '/home/ubbbb/beidou_robot_ws/build/beidou_interfaces': CMAKE_PREFIX_PATH=${CMAKE_PREFIX_PATH}:/opt/ros/jazzy DEBUGINFOD_URLS=https://debuginfod.ubuntu.com /usr/bin/cmake --build /home/ubbbb/beidou_robot_ws/build/beidou_interfaces -- -j18 -l18
[0.795s] DEBUG:colcon.colcon_core.event_handler.log_command:Invoked command in '/home/ubbbb/beidou_robot_ws/build/beidou_interfaces' returned '0': CMAKE_PREFIX_PATH=${CMAKE_PREFIX_PATH}:/opt/ros/jazzy DEBUGINFOD_URLS=https://debuginfod.ubuntu.com /usr/bin/cmake --build /home/ubbbb/beidou_robot_ws/build/beidou_interfaces -- -j18 -l18
[0.809s] DEBUG:colcon.colcon_core.event_handler.log_command:Invoking command in '/home/ubbbb/beidou_robot_ws/build/beidou_interfaces': CMAKE_PREFIX_PATH=${CMAKE_PREFIX_PATH}:/opt/ros/jazzy DEBUGINFOD_URLS=https://debuginfod.ubuntu.com /usr/bin/cmake --install /home/ubbbb/beidou_robot_ws/build/beidou_interfaces
[0.898s] Level 1:colcon.colcon_core.environment:create_environment_scripts_only(beidou_interfaces)
[0.898s] DEBUG:colcon.colcon_core.event_handler.log_command:Invoked command in '/home/ubbbb/beidou_robot_ws/build/beidou_interfaces' returned '0': CMAKE_PREFIX_PATH=${CMAKE_PREFIX_PATH}:/opt/ros/jazzy DEBUGINFOD_URLS=https://debuginfod.ubuntu.com /usr/bin/cmake --install /home/ubbbb/beidou_robot_ws/build/beidou_interfaces
[0.902s] Level 1:colcon.colcon_core.environment:checking '/home/ubbbb/beidou_robot_ws/install/beidou_interfaces' for CMake module files
[0.903s] Level 1:colcon.colcon_core.environment:checking '/home/ubbbb/beidou_robot_ws/install/beidou_interfaces' for CMake config files
[0.903s] Level 1:colcon.colcon_core.shell:create_environment_hook('beidou_interfaces', 'cmake_prefix_path')
[0.904s] INFO:colcon.colcon_core.shell:Creating environment hook '/home/ubbbb/beidou_robot_ws/install/beidou_interfaces/share/beidou_interfaces/hook/cmake_prefix_path.ps1'
[0.905s] INFO:colcon.colcon_core.shell:Creating environment descriptor '/home/ubbbb/beidou_robot_ws/install/beidou_interfaces/share/beidou_interfaces/hook/cmake_prefix_path.dsv'
[0.906s] INFO:colcon.colcon_core.shell:Creating environment hook '/home/ubbbb/beidou_robot_ws/install/beidou_interfaces/share/beidou_interfaces/hook/cmake_prefix_path.sh'
[0.907s] Level 1:colcon.colcon_core.environment:checking '/home/ubbbb/beidou_robot_ws/install/beidou_interfaces/lib'
[0.907s] Level 1:colcon.colcon_core.shell:create_environment_hook('beidou_interfaces', 'ld_library_path_lib')
[0.908s] INFO:colcon.colcon_core.shell:Creating environment hook '/home/ubbbb/beidou_robot_ws/install/beidou_interfaces/share/beidou_interfaces/hook/ld_library_path_lib.ps1'
[0.908s] INFO:colcon.colcon_core.shell:Creating environment descriptor '/home/ubbbb/beidou_robot_ws/install/beidou_interfaces/share/beidou_interfaces/hook/ld_library_path_lib.dsv'
[0.909s] INFO:colcon.colcon_core.shell:Creating environment hook '/home/ubbbb/beidou_robot_ws/install/beidou_interfaces/share/beidou_interfaces/hook/ld_library_path_lib.sh'
[0.909s] Level 1:colcon.colcon_core.environment:checking '/home/ubbbb/beidou_robot_ws/install/beidou_interfaces/bin'
[0.910s] Level 1:colcon.colcon_core.environment:checking '/home/ubbbb/beidou_robot_ws/install/beidou_interfaces/lib/pkgconfig/beidou_interfaces.pc'
[0.910s] Level 1:colcon.colcon_core.environment:checking '/home/ubbbb/beidou_robot_ws/install/beidou_interfaces/lib/python3.12/site-packages'
[0.910s] Level 1:colcon.colcon_core.shell:create_environment_hook('beidou_interfaces', 'pythonpath')
[0.910s] INFO:colcon.colcon_core.shell:Creating environment hook '/home/ubbbb/beidou_robot_ws/install/beidou_interfaces/share/beidou_interfaces/hook/pythonpath.ps1'
[0.911s] INFO:colcon.colcon_core.shell:Creating environment descriptor '/home/ubbbb/beidou_robot_ws/install/beidou_interfaces/share/beidou_interfaces/hook/pythonpath.dsv'
[0.911s] INFO:colcon.colcon_core.shell:Creating environment hook '/home/ubbbb/beidou_robot_ws/install/beidou_interfaces/share/beidou_interfaces/hook/pythonpath.sh'
[0.911s] Level 1:colcon.colcon_core.environment:checking '/home/ubbbb/beidou_robot_ws/install/beidou_interfaces/bin'
[0.912s] INFO:colcon.colcon_core.shell:Creating package script '/home/ubbbb/beidou_robot_ws/install/beidou_interfaces/share/beidou_interfaces/package.ps1'
[0.913s] INFO:colcon.colcon_core.shell:Creating package descriptor '/home/ubbbb/beidou_robot_ws/install/beidou_interfaces/share/beidou_interfaces/package.dsv'
[0.914s] INFO:colcon.colcon_core.shell:Creating package script '/home/ubbbb/beidou_robot_ws/install/beidou_interfaces/share/beidou_interfaces/package.sh'
[0.915s] INFO:colcon.colcon_core.shell:Creating package script '/home/ubbbb/beidou_robot_ws/install/beidou_interfaces/share/beidou_interfaces/package.bash'
[0.915s] INFO:colcon.colcon_core.shell:Creating package script '/home/ubbbb/beidou_robot_ws/install/beidou_interfaces/share/beidou_interfaces/package.zsh'
[0.916s] Level 1:colcon.colcon_core.environment:create_file_with_runtime_dependencies(/home/ubbbb/beidou_robot_ws/install/beidou_interfaces/share/colcon-core/packages/beidou_interfaces)
[0.917s] Level 1:colcon.colcon_core.environment:create_environment_scripts_only(beidou_interfaces)
[0.917s] Level 1:colcon.colcon_core.environment:checking '/home/ubbbb/beidou_robot_ws/install/beidou_interfaces' for CMake module files
[0.918s] Level 1:colcon.colcon_core.environment:checking '/home/ubbbb/beidou_robot_ws/install/beidou_interfaces' for CMake config files
[0.918s] Level 1:colcon.colcon_core.shell:create_environment_hook('beidou_interfaces', 'cmake_prefix_path')
[0.918s] INFO:colcon.colcon_core.shell:Creating environment hook '/home/ubbbb/beidou_robot_ws/install/beidou_interfaces/share/beidou_interfaces/hook/cmake_prefix_path.ps1'
[0.919s] INFO:colcon.colcon_core.shell:Creating environment descriptor '/home/ubbbb/beidou_robot_ws/install/beidou_interfaces/share/beidou_interfaces/hook/cmake_prefix_path.dsv'
[0.919s] INFO:colcon.colcon_core.shell:Creating environment hook '/home/ubbbb/beidou_robot_ws/install/beidou_interfaces/share/beidou_interfaces/hook/cmake_prefix_path.sh'
[0.919s] Level 1:colcon.colcon_core.environment:checking '/home/ubbbb/beidou_robot_ws/install/beidou_interfaces/lib'
[0.919s] Level 1:colcon.colcon_core.shell:create_environment_hook('beidou_interfaces', 'ld_library_path_lib')
[0.920s] INFO:colcon.colcon_core.shell:Creating environment hook '/home/ubbbb/beidou_robot_ws/install/beidou_interfaces/share/beidou_interfaces/hook/ld_library_path_lib.ps1'
[0.920s] INFO:colcon.colcon_core.shell:Creating environment descriptor '/home/ubbbb/beidou_robot_ws/install/beidou_interfaces/share/beidou_interfaces/hook/ld_library_path_lib.dsv'
[0.920s] INFO:colcon.colcon_core.shell:Creating environment hook '/home/ubbbb/beidou_robot_ws/install/beidou_interfaces/share/beidou_interfaces/hook/ld_library_path_lib.sh'
[0.920s] Level 1:colcon.colcon_core.environment:checking '/home/ubbbb/beidou_robot_ws/install/beidou_interfaces/bin'
[0.921s] Level 1:colcon.colcon_core.environment:checking '/home/ubbbb/beidou_robot_ws/install/beidou_interfaces/lib/pkgconfig/beidou_interfaces.pc'
[0.921s] Level 1:colcon.colcon_core.environment:checking '/home/ubbbb/beidou_robot_ws/install/beidou_interfaces/lib/python3.12/site-packages'
[0.921s] Level 1:colcon.colcon_core.shell:create_environment_hook('beidou_interfaces', 'pythonpath')
[0.921s] INFO:colcon.colcon_core.shell:Creating environment hook '/home/ubbbb/beidou_robot_ws/install/beidou_interfaces/share/beidou_interfaces/hook/pythonpath.ps1'
[0.921s] INFO:colcon.colcon_core.shell:Creating environment descriptor '/home/ubbbb/beidou_robot_ws/install/beidou_interfaces/share/beidou_interfaces/hook/pythonpath.dsv'
[0.921s] INFO:colcon.colcon_core.shell:Creating environment hook '/home/ubbbb/beidou_robot_ws/install/beidou_interfaces/share/beidou_interfaces/hook/pythonpath.sh'
[0.922s] Level 1:colcon.colcon_core.environment:checking '/home/ubbbb/beidou_robot_ws/install/beidou_interfaces/bin'
[0.922s] INFO:colcon.colcon_core.shell:Creating package script '/home/ubbbb/beidou_robot_ws/install/beidou_interfaces/share/beidou_interfaces/package.ps1'
[0.923s] INFO:colcon.colcon_core.shell:Creating package descriptor '/home/ubbbb/beidou_robot_ws/install/beidou_interfaces/share/beidou_interfaces/package.dsv'
[0.924s] INFO:colcon.colcon_core.shell:Creating package script '/home/ubbbb/beidou_robot_ws/install/beidou_interfaces/share/beidou_interfaces/package.sh'
[0.924s] INFO:colcon.colcon_core.shell:Creating package script '/home/ubbbb/beidou_robot_ws/install/beidou_interfaces/share/beidou_interfaces/package.bash'
[0.925s] INFO:colcon.colcon_core.shell:Creating package script '/home/ubbbb/beidou_robot_ws/install/beidou_interfaces/share/beidou_interfaces/package.zsh'
[0.925s] Level 1:colcon.colcon_core.environment:create_file_with_runtime_dependencies(/home/ubbbb/beidou_robot_ws/install/beidou_interfaces/share/colcon-core/packages/beidou_interfaces)
[0.926s] INFO:colcon.colcon_ros.task.ament_python.build:Building ROS package in '/home/ubbbb/beidou_robot_ws/src/beidou_gazebo' with build type 'ament_python'
[0.926s] Level 1:colcon.colcon_core.shell:create_environment_hook('beidou_gazebo', 'ament_prefix_path')
[0.926s] INFO:colcon.colcon_core.shell:Creating environment hook '/home/ubbbb/beidou_robot_ws/install/beidou_gazebo/share/beidou_gazebo/hook/ament_prefix_path.ps1'
[0.927s] INFO:colcon.colcon_core.shell:Creating environment descriptor '/home/ubbbb/beidou_robot_ws/install/beidou_gazebo/share/beidou_gazebo/hook/ament_prefix_path.dsv'
[0.928s] INFO:colcon.colcon_core.shell:Creating environment hook '/home/ubbbb/beidou_robot_ws/install/beidou_gazebo/share/beidou_gazebo/hook/ament_prefix_path.sh'
[0.928s] INFO:colcon.colcon_core.shell:Skip shell extension 'powershell' for command environment: Not usable outside of PowerShell
[0.928s] DEBUG:colcon.colcon_core.shell:Skip shell extension 'dsv' for command environment
[1.200s] INFO:colcon.colcon_core.task.python.build:Building Python package in '/home/ubbbb/beidou_robot_ws/src/beidou_gazebo'
[1.201s] INFO:colcon.colcon_core.shell:Skip shell extension 'powershell' for command environment: Not usable outside of PowerShell
[1.201s] DEBUG:colcon.colcon_core.shell:Skip shell extension 'dsv' for command environment
[1.859s] DEBUG:colcon.colcon_core.task.python.build:Available setuptools commands: upload_docs, symlink_data, bdist_dumb, setopt, build_py, register, update_catalog, clean, easy_install, install_data, extract_messages, init_catalog, bdist_egg, egg_info, build_ext, sdist, editable_wheel, build_scripts, compile_catalog, build, test, install_scripts, rotate, saveopts, install_headers, check, install_lib, develop, dist_info, install_egg_info, upload, build_clib, install, bdist, alias, bdist_rpm
[2.293s] DEBUG:colcon.colcon_core.task.python.build:Available setuptools 'develop' options: --always-copy, --find-links, --verbose, --zip-ok, --multi-version, --dry-run, --prefix, --upgrade, --no-find-links, --editable, --quiet, --install-layout, --script-dir, --egg-path, --site-dirs, --exclude-scripts, --install-dir, --optimize, --no-user-cfg, --allow-hosts, --uninstall, --version, --force-installation-into-system-dir, --help, --index-url, --always-unzip, --local-snapshots-ok, --user, --record, --no-deps, --build-directory
[2.295s] DEBUG:colcon.colcon_core.event_handler.log_command:Invoking command in '/home/ubbbb/beidou_robot_ws/build/beidou_gazebo': AMENT_PREFIX_PATH=/home/ubbbb/beidou_robot_ws/install/beidou_interfaces:/home/ubbbb/beidou_robot_ws/install/beidou_gazebo_pose_bridge:${AMENT_PREFIX_PATH} CMAKE_PREFIX_PATH=/home/ubbbb/beidou_robot_ws/install/beidou_interfaces:/home/ubbbb/beidou_robot_ws/install/beidou_gazebo_pose_bridge:${CMAKE_PREFIX_PATH} DEBUGINFOD_URLS=https://debuginfod.ubuntu.com LD_LIBRARY_PATH=/home/ubbbb/beidou_robot_ws/install/beidou_interfaces/lib:${LD_LIBRARY_PATH} PYTHONPATH=/home/ubbbb/beidou_robot_ws/build/beidou_gazebo/prefix_override:/usr/lib/python3/dist-packages/colcon_core/task/python/colcon_distutils_commands:/home/ubbbb/beidou_robot_ws/install/beidou_gazebo/lib/python3.12/site-packages:/home/ubbbb/beidou_robot_ws/install/beidou_interfaces/lib/python3.12/site-packages:${PYTHONPATH} /usr/bin/python3 -W ignore:setup.py install is deprecated -W ignore:easy_install command is deprecated setup.py develop --editable --build-directory /home/ubbbb/beidou_robot_ws/build/beidou_gazebo/build --no-deps symlink_data
[3.057s] Level 1:colcon.colcon_core.shell:create_environment_hook('beidou_gazebo', 'pythonpath_develop')
[3.057s] INFO:colcon.colcon_core.shell:Creating environment hook '/home/ubbbb/beidou_robot_ws/build/beidou_gazebo/share/beidou_gazebo/hook/pythonpath_develop.ps1'
[3.058s] DEBUG:colcon.colcon_core.event_handler.log_command:Invoked command in '/home/ubbbb/beidou_robot_ws/build/beidou_gazebo' returned '0': AMENT_PREFIX_PATH=/home/ubbbb/beidou_robot_ws/install/beidou_interfaces:/home/ubbbb/beidou_robot_ws/install/beidou_gazebo_pose_bridge:${AMENT_PREFIX_PATH} CMAKE_PREFIX_PATH=/home/ubbbb/beidou_robot_ws/install/beidou_interfaces:/home/ubbbb/beidou_robot_ws/install/beidou_gazebo_pose_bridge:${CMAKE_PREFIX_PATH} DEBUGINFOD_URLS=https://debuginfod.ubuntu.com LD_LIBRARY_PATH=/home/ubbbb/beidou_robot_ws/install/beidou_interfaces/lib:${LD_LIBRARY_PATH} PYTHONPATH=/home/ubbbb/beidou_robot_ws/build/beidou_gazebo/prefix_override:/usr/lib/python3/dist-packages/colcon_core/task/python/colcon_distutils_commands:/home/ubbbb/beidou_robot_ws/install/beidou_gazebo/lib/python3.12/site-packages:/home/ubbbb/beidou_robot_ws/install/beidou_interfaces/lib/python3.12/site-packages:${PYTHONPATH} /usr/bin/python3 -W ignore:setup.py install is deprecated -W ignore:easy_install command is deprecated setup.py develop --editable --build-directory /home/ubbbb/beidou_robot_ws/build/beidou_gazebo/build --no-deps symlink_data
[3.058s] INFO:colcon.colcon_core.shell:Creating environment descriptor '/home/ubbbb/beidou_robot_ws/build/beidou_gazebo/share/beidou_gazebo/hook/pythonpath_develop.dsv'
[3.059s] INFO:colcon.colcon_core.shell:Creating environment hook '/home/ubbbb/beidou_robot_ws/build/beidou_gazebo/share/beidou_gazebo/hook/pythonpath_develop.sh'
[3.059s] Level 1:colcon.colcon_core.environment:checking '/home/ubbbb/beidou_robot_ws/install/beidou_gazebo' for CMake module files
[3.060s] Level 1:colcon.colcon_core.environment:checking '/home/ubbbb/beidou_robot_ws/install/beidou_gazebo' for CMake config files
[3.060s] Level 1:colcon.colcon_core.environment:checking '/home/ubbbb/beidou_robot_ws/install/beidou_gazebo/lib'
[3.061s] Level 1:colcon.colcon_core.environment:checking '/home/ubbbb/beidou_robot_ws/install/beidou_gazebo/bin'
[3.061s] Level 1:colcon.colcon_core.environment:checking '/home/ubbbb/beidou_robot_ws/install/beidou_gazebo/lib/pkgconfig/beidou_gazebo.pc'
[3.061s] Level 1:colcon.colcon_core.environment:checking '/home/ubbbb/beidou_robot_ws/install/beidou_gazebo/lib/python3.12/site-packages'
[3.061s] Level 1:colcon.colcon_core.shell:create_environment_hook('beidou_gazebo', 'pythonpath')
[3.061s] INFO:colcon.colcon_core.shell:Creating environment hook '/home/ubbbb/beidou_robot_ws/install/beidou_gazebo/share/beidou_gazebo/hook/pythonpath.ps1'
[3.062s] INFO:colcon.colcon_core.shell:Creating environment descriptor '/home/ubbbb/beidou_robot_ws/install/beidou_gazebo/share/beidou_gazebo/hook/pythonpath.dsv'
[3.062s] INFO:colcon.colcon_core.shell:Creating environment hook '/home/ubbbb/beidou_robot_ws/install/beidou_gazebo/share/beidou_gazebo/hook/pythonpath.sh'
[3.063s] Level 1:colcon.colcon_core.environment:checking '/home/ubbbb/beidou_robot_ws/install/beidou_gazebo/bin'
[3.063s] Level 1:colcon.colcon_core.environment:create_environment_scripts_only(beidou_gazebo)
[3.063s] INFO:colcon.colcon_core.shell:Creating package script '/home/ubbbb/beidou_robot_ws/install/beidou_gazebo/share/beidou_gazebo/package.ps1'
[3.064s] INFO:colcon.colcon_core.shell:Creating package descriptor '/home/ubbbb/beidou_robot_ws/install/beidou_gazebo/share/beidou_gazebo/package.dsv'
[3.064s] INFO:colcon.colcon_core.shell:Creating package script '/home/ubbbb/beidou_robot_ws/install/beidou_gazebo/share/beidou_gazebo/package.sh'
[3.065s] INFO:colcon.colcon_core.shell:Creating package script '/home/ubbbb/beidou_robot_ws/install/beidou_gazebo/share/beidou_gazebo/package.bash'
[3.066s] INFO:colcon.colcon_core.shell:Creating package script '/home/ubbbb/beidou_robot_ws/install/beidou_gazebo/share/beidou_gazebo/package.zsh'
[3.066s] Level 1:colcon.colcon_core.environment:create_file_with_runtime_dependencies(/home/ubbbb/beidou_robot_ws/install/beidou_gazebo/share/colcon-core/packages/beidou_gazebo)
[3.067s] DEBUG:colcon.colcon_parallel_executor.executor.parallel:closing loop
[3.067s] DEBUG:colcon.colcon_parallel_executor.executor.parallel:loop closed
[3.067s] DEBUG:colcon.colcon_parallel_executor.executor.parallel:run_until_complete finished with '0'
[3.067s] DEBUG:colcon.colcon_core.event_reactor:joining thread
[3.074s] INFO:colcon.colcon_core.plugin_system:Skipping extension 'colcon_notification.desktop_notification.terminal_notifier': Not used on non-Darwin systems
[3.074s] INFO:colcon.colcon_core.plugin_system:Skipping extension 'colcon_notification.desktop_notification.win32': Not used on non-Windows systems
[3.074s] INFO:colcon.colcon_notification.desktop_notification:Sending desktop notification using 'notify2'
[3.094s] DEBUG:colcon.colcon_core.event_reactor:joined thread
[3.094s] INFO:colcon.colcon_core.shell:Creating prefix script '/home/ubbbb/beidou_robot_ws/install/local_setup.ps1'
[3.096s] INFO:colcon.colcon_core.shell:Creating prefix util module '/home/ubbbb/beidou_robot_ws/install/_local_setup_util_ps1.py'
[3.098s] INFO:colcon.colcon_core.shell:Creating prefix chain script '/home/ubbbb/beidou_robot_ws/install/setup.ps1'
[3.100s] INFO:colcon.colcon_core.shell:Creating prefix script '/home/ubbbb/beidou_robot_ws/install/local_setup.sh'
[3.100s] INFO:colcon.colcon_core.shell:Creating prefix util module '/home/ubbbb/beidou_robot_ws/install/_local_setup_util_sh.py'
[3.101s] INFO:colcon.colcon_core.shell:Creating prefix chain script '/home/ubbbb/beidou_robot_ws/install/setup.sh'
[3.103s] INFO:colcon.colcon_core.shell:Creating prefix script '/home/ubbbb/beidou_robot_ws/install/local_setup.bash'
[3.103s] INFO:colcon.colcon_core.shell:Creating prefix chain script '/home/ubbbb/beidou_robot_ws/install/setup.bash'
[3.105s] INFO:colcon.colcon_core.shell:Creating prefix script '/home/ubbbb/beidou_robot_ws/install/local_setup.zsh'
[3.106s] INFO:colcon.colcon_core.shell:Creating prefix chain script '/home/ubbbb/beidou_robot_ws/install/setup.zsh'
