[1.227s] Invoking command in '/home/ubbbb/beidou_robot_ws/build/beidou_gazebo': AMENT_PREFIX_PATH=/home/ubbbb/beidou_robot_ws/install/beidou_interfaces:/home/ubbbb/beidou_robot_ws/install/beidou_gazebo_pose_bridge:${AMENT_PREFIX_PATH} CMAKE_PREFIX_PATH=/home/ubbbb/beidou_robot_ws/install/beidou_interfaces:/home/ubbbb/beidou_robot_ws/install/beidou_gazebo_pose_bridge:${CMAKE_PREFIX_PATH} DEBUGINFOD_URLS=https://debuginfod.ubuntu.com LD_LIBRARY_PATH=/home/ubbbb/beidou_robot_ws/install/beidou_interfaces/lib:${LD_LIBRARY_PATH} PYTHONPATH=/home/ubbbb/beidou_robot_ws/build/beidou_gazebo/prefix_override:/usr/lib/python3/dist-packages/colcon_core/task/python/colcon_distutils_commands:/home/ubbbb/beidou_robot_ws/install/beidou_gazebo/lib/python3.12/site-packages:/home/ubbbb/beidou_robot_ws/install/beidou_interfaces/lib/python3.12/site-packages:${PYTHONPATH} /usr/bin/python3 -W ignore:setup.py install is deprecated -W ignore:easy_install command is deprecated setup.py develop --editable --build-directory /home/ubbbb/beidou_robot_ws/build/beidou_gazebo/build --no-deps symlink_data
[1.567s] running develop
[1.719s] running egg_info
[1.731s] writing beidou_gazebo.egg-info/PKG-INFO
[1.731s] writing dependency_links to beidou_gazebo.egg-info/dependency_links.txt
[1.731s] writing entry points to beidou_gazebo.egg-info/entry_points.txt
[1.732s] writing requirements to beidou_gazebo.egg-info/requires.txt
[1.732s] writing top-level names to beidou_gazebo.egg-info/top_level.txt
[1.753s] reading manifest file 'beidou_gazebo.egg-info/SOURCES.txt'
[1.754s] writing manifest file 'beidou_gazebo.egg-info/SOURCES.txt'
[1.766s] running build_ext
[1.766s] Creating /home/ubbbb/beidou_robot_ws/install/beidou_gazebo/lib/python3.12/site-packages/beidou-gazebo.egg-link (link to .)
[1.766s] Installing beidou_position_publisher script to /home/ubbbb/beidou_robot_ws/install/beidou_gazebo/lib/beidou_gazebo
[1.766s] Installing elderly_companion_navigation script to /home/ubbbb/beidou_robot_ws/install/beidou_gazebo/lib/beidou_gazebo
[1.767s] Installing elderly_companion_v2 script to /home/ubbbb/beidou_robot_ws/install/beidou_gazebo/lib/beidou_gazebo
[1.767s] Installing elderly_geofence script to /home/ubbbb/beidou_robot_ws/install/beidou_gazebo/lib/beidou_gazebo
[1.768s] Installing elderly_guard_navigation script to /home/ubbbb/beidou_robot_ws/install/beidou_gazebo/lib/beidou_gazebo
[1.768s] Installing elderly_motion_estimator script to /home/ubbbb/beidou_robot_ws/install/beidou_gazebo/lib/beidou_gazebo
[1.768s] Installing elderly_voice_alarm script to /home/ubbbb/beidou_robot_ws/install/beidou_gazebo/lib/beidou_gazebo
[1.768s] Installing elderly_walker script to /home/ubbbb/beidou_robot_ws/install/beidou_gazebo/lib/beidou_gazebo
[1.768s] Installing piper_chinese_tts script to /home/ubbbb/beidou_robot_ws/install/beidou_gazebo/lib/beidou_gazebo
[1.768s] 
[1.768s] Installed /home/ubbbb/beidou_robot_ws/build/beidou_gazebo
[1.768s] running symlink_data
[1.768s] symbolically linking /home/ubbbb/beidou_robot_ws/build/beidou_gazebo/launch/nav2_final_navigation.launch.py -> /home/ubbbb/beidou_robot_ws/install/beidou_gazebo/share/beidou_gazebo/launch
[1.769s] symbolically linking /home/ubbbb/beidou_robot_ws/build/beidou_gazebo/launch/elderly_final.launch.py -> /home/ubbbb/beidou_robot_ws/install/beidou_gazebo/share/beidou_gazebo/launch
[1.769s] symbolically linking /home/ubbbb/beidou_robot_ws/build/beidou_gazebo/config/nav2_final_params.yaml -> /home/ubbbb/beidou_robot_ws/install/beidou_gazebo/share/beidou_gazebo/config
[1.794s] Invoked command in '/home/ubbbb/beidou_robot_ws/build/beidou_gazebo' returned '0': AMENT_PREFIX_PATH=/home/ubbbb/beidou_robot_ws/install/beidou_interfaces:/home/ubbbb/beidou_robot_ws/install/beidou_gazebo_pose_bridge:${AMENT_PREFIX_PATH} CMAKE_PREFIX_PATH=/home/ubbbb/beidou_robot_ws/install/beidou_interfaces:/home/ubbbb/beidou_robot_ws/install/beidou_gazebo_pose_bridge:${CMAKE_PREFIX_PATH} DEBUGINFOD_URLS=https://debuginfod.ubuntu.com LD_LIBRARY_PATH=/home/ubbbb/beidou_robot_ws/install/beidou_interfaces/lib:${LD_LIBRARY_PATH} PYTHONPATH=/home/ubbbb/beidou_robot_ws/build/beidou_gazebo/prefix_override:/usr/lib/python3/dist-packages/colcon_core/task/python/colcon_distutils_commands:/home/ubbbb/beidou_robot_ws/install/beidou_gazebo/lib/python3.12/site-packages:/home/ubbbb/beidou_robot_ws/install/beidou_interfaces/lib/python3.12/site-packages:${PYTHONPATH} /usr/bin/python3 -W ignore:setup.py install is deprecated -W ignore:easy_install command is deprecated setup.py develop --editable --build-directory /home/ubbbb/beidou_robot_ws/build/beidou_gazebo/build --no-deps symlink_data
