[0.064s] DEBUG:colcon:Command line arguments: ['/usr/bin/colcon', 'build', '--symlink-install', '--packages-select', 'beidou_gazebo']
[0.064s] DEBUG:colcon:Parsed command line arguments: Namespace(log_base=None, log_level=None, verb_name='build', build_base='build', install_base='install', merge_install=False, symlink_install=True, test_result_base=None, continue_on_error=False, executor='parallel', parallel_workers=18, event_handlers=None, ignore_user_meta=False, metas=['./colcon.meta'], base_paths=['.'], packages_ignore=None, packages_ignore_regex=None, paths=None, packages_up_to=None, packages_up_to_regex=None, packages_above=None, packages_above_and_dependencies=None, packages_above_depth=None, packages_select_by_dep=None, packages_skip_by_dep=None, packages_skip_up_to=None, packages_select_build_failed=False, packages_skip_build_finished=False, packages_select_test_failures=False, packages_skip_test_passed=False, packages_select=['beidou_gazebo'], packages_skip=None, packages_select_regex=None, packages_skip_regex=None, packages_start=None, packages_end=None, allow_overriding=[], cmake_args=None, cmake_target=None, cmake_target_skip_unavailable=False, cmake_clean_cache=False, cmake_clean_first=False, cmake_force_configure=False, ament_cmake_args=None, catkin_cmake_args=None, catkin_skip_building_tests=False, verb_parser=<colcon_defaults.argument_parser.defaults.DefaultArgumentsDecorator object at 0x74ce7677e000>, verb_extension=<colcon_core.verb.build.BuildVerb object at 0x74ce768aadb0>, main=<bound method BuildVerb.main of <colcon_core.verb.build.BuildVerb object at 0x74ce768aadb0>>)
[0.087s] Level 1:colcon.colcon_core.package_discovery:discover_packages(colcon_meta) check parameters
[0.087s] Level 1:colcon.colcon_core.package_discovery:discover_packages(recursive) check parameters
[0.087s] Level 1:colcon.colcon_core.package_discovery:discover_packages(ignore) check parameters
[0.087s] Level 1:colcon.colcon_core.package_discovery:discover_packages(path) check parameters
[0.087s] Level 1:colcon.colcon_core.package_discovery:discover_packages(colcon_meta) discover
[0.087s] Level 1:colcon.colcon_core.package_discovery:discover_packages(recursive) discover
[0.087s] INFO:colcon.colcon_core.package_discovery:Crawling recursively for packages in '/home/ubbbb/beidou_robot_ws'
[0.087s] Level 1:colcon.colcon_core.package_identification:_identify(.) by extensions ['ignore', 'ignore_ament_install']
[0.087s] Level 1:colcon.colcon_core.package_identification:_identify(.) by extension 'ignore'
[0.087s] Level 1:colcon.colcon_core.package_identification:_identify(.) by extension 'ignore_ament_install'
[0.088s] Level 1:colcon.colcon_core.package_identification:_identify(.) by extensions ['colcon_pkg']
[0.088s] Level 1:colcon.colcon_core.package_identification:_identify(.) by extension 'colcon_pkg'
[0.088s] Level 1:colcon.colcon_core.package_identification:_identify(.) by extensions ['colcon_meta']
[0.088s] Level 1:colcon.colcon_core.package_identification:_identify(.) by extension 'colcon_meta'
[0.088s] Level 1:colcon.colcon_core.package_identification:_identify(.) by extensions ['ros']
[0.088s] Level 1:colcon.colcon_core.package_identification:_identify(.) by extension 'ros'
[0.104s] Level 1:colcon.colcon_core.package_identification:_identify(.) by extensions ['cmake', 'python']
[0.104s] Level 1:colcon.colcon_core.package_identification:_identify(.) by extension 'cmake'
[0.104s] Level 1:colcon.colcon_core.package_identification:_identify(.) by extension 'python'
[0.104s] Level 1:colcon.colcon_core.package_identification:_identify(.) by extensions ['python_setup_py']
[0.104s] Level 1:colcon.colcon_core.package_identification:_identify(.) by extension 'python_setup_py'
[0.104s] Level 1:colcon.colcon_core.package_identification:_identify(build) by extensions ['ignore', 'ignore_ament_install']
[0.104s] Level 1:colcon.colcon_core.package_identification:_identify(build) by extension 'ignore'
[0.104s] Level 1:colcon.colcon_core.package_identification:_identify(build) ignored
[0.104s] Level 1:colcon.colcon_core.package_identification:_identify(install) by extensions ['ignore', 'ignore_ament_install']
[0.104s] Level 1:colcon.colcon_core.package_identification:_identify(install) by extension 'ignore'
[0.104s] Level 1:colcon.colcon_core.package_identification:_identify(install) ignored
[0.104s] Level 1:colcon.colcon_core.package_identification:_identify(log) by extensions ['ignore', 'ignore_ament_install']
[0.104s] Level 1:colcon.colcon_core.package_identification:_identify(log) by extension 'ignore'
[0.104s] Level 1:colcon.colcon_core.package_identification:_identify(log) ignored
[0.104s] Level 1:colcon.colcon_core.package_identification:_identify(maps) by extensions ['ignore', 'ignore_ament_install']
[0.104s] Level 1:colcon.colcon_core.package_identification:_identify(maps) by extension 'ignore'
[0.104s] Level 1:colcon.colcon_core.package_identification:_identify(maps) by extension 'ignore_ament_install'
[0.104s] Level 1:colcon.colcon_core.package_identification:_identify(maps) by extensions ['colcon_pkg']
[0.104s] Level 1:colcon.colcon_core.package_identification:_identify(maps) by extension 'colcon_pkg'
[0.104s] Level 1:colcon.colcon_core.package_identification:_identify(maps) by extensions ['colcon_meta']
[0.104s] Level 1:colcon.colcon_core.package_identification:_identify(maps) by extension 'colcon_meta'
[0.105s] Level 1:colcon.colcon_core.package_identification:_identify(maps) by extensions ['ros']
[0.105s] Level 1:colcon.colcon_core.package_identification:_identify(maps) by extension 'ros'
[0.105s] Level 1:colcon.colcon_core.package_identification:_identify(maps) by extensions ['cmake', 'python']
[0.105s] Level 1:colcon.colcon_core.package_identification:_identify(maps) by extension 'cmake'
[0.105s] Level 1:colcon.colcon_core.package_identification:_identify(maps) by extension 'python'
[0.105s] Level 1:colcon.colcon_core.package_identification:_identify(maps) by extensions ['python_setup_py']
[0.105s] Level 1:colcon.colcon_core.package_identification:_identify(maps) by extension 'python_setup_py'
[0.105s] Level 1:colcon.colcon_core.package_identification:_identify(maps_backup) by extensions ['ignore', 'ignore_ament_install']
[0.105s] Level 1:colcon.colcon_core.package_identification:_identify(maps_backup) by extension 'ignore'
[0.105s] Level 1:colcon.colcon_core.package_identification:_identify(maps_backup) by extension 'ignore_ament_install'
[0.105s] Level 1:colcon.colcon_core.package_identification:_identify(maps_backup) by extensions ['colcon_pkg']
[0.105s] Level 1:colcon.colcon_core.package_identification:_identify(maps_backup) by extension 'colcon_pkg'
[0.105s] Level 1:colcon.colcon_core.package_identification:_identify(maps_backup) by extensions ['colcon_meta']
[0.105s] Level 1:colcon.colcon_core.package_identification:_identify(maps_backup) by extension 'colcon_meta'
[0.105s] Level 1:colcon.colcon_core.package_identification:_identify(maps_backup) by extensions ['ros']
[0.105s] Level 1:colcon.colcon_core.package_identification:_identify(maps_backup) by extension 'ros'
[0.105s] Level 1:colcon.colcon_core.package_identification:_identify(maps_backup) by extensions ['cmake', 'python']
[0.105s] Level 1:colcon.colcon_core.package_identification:_identify(maps_backup) by extension 'cmake'
[0.105s] Level 1:colcon.colcon_core.package_identification:_identify(maps_backup) by extension 'python'
[0.105s] Level 1:colcon.colcon_core.package_identification:_identify(maps_backup) by extensions ['python_setup_py']
[0.105s] Level 1:colcon.colcon_core.package_identification:_identify(maps_backup) by extension 'python_setup_py'
[0.105s] Level 1:colcon.colcon_core.package_identification:_identify(src) by extensions ['ignore', 'ignore_ament_install']
[0.105s] Level 1:colcon.colcon_core.package_identification:_identify(src) by extension 'ignore'
[0.105s] Level 1:colcon.colcon_core.package_identification:_identify(src) by extension 'ignore_ament_install'
[0.105s] Level 1:colcon.colcon_core.package_identification:_identify(src) by extensions ['colcon_pkg']
[0.105s] Level 1:colcon.colcon_core.package_identification:_identify(src) by extension 'colcon_pkg'
[0.105s] Level 1:colcon.colcon_core.package_identification:_identify(src) by extensions ['colcon_meta']
[0.105s] Level 1:colcon.colcon_core.package_identification:_identify(src) by extension 'colcon_meta'
[0.105s] Level 1:colcon.colcon_core.package_identification:_identify(src) by extensions ['ros']
[0.105s] Level 1:colcon.colcon_core.package_identification:_identify(src) by extension 'ros'
[0.105s] Level 1:colcon.colcon_core.package_identification:_identify(src) by extensions ['cmake', 'python']
[0.105s] Level 1:colcon.colcon_core.package_identification:_identify(src) by extension 'cmake'
[0.105s] Level 1:colcon.colcon_core.package_identification:_identify(src) by extension 'python'
[0.105s] Level 1:colcon.colcon_core.package_identification:_identify(src) by extensions ['python_setup_py']
[0.105s] Level 1:colcon.colcon_core.package_identification:_identify(src) by extension 'python_setup_py'
[0.105s] Level 1:colcon.colcon_core.package_identification:_identify(src/beidou_gazebo) by extensions ['ignore', 'ignore_ament_install']
[0.105s] Level 1:colcon.colcon_core.package_identification:_identify(src/beidou_gazebo) by extension 'ignore'
[0.105s] Level 1:colcon.colcon_core.package_identification:_identify(src/beidou_gazebo) by extension 'ignore_ament_install'
[0.105s] Level 1:colcon.colcon_core.package_identification:_identify(src/beidou_gazebo) by extensions ['colcon_pkg']
[0.105s] Level 1:colcon.colcon_core.package_identification:_identify(src/beidou_gazebo) by extension 'colcon_pkg'
[0.105s] Level 1:colcon.colcon_core.package_identification:_identify(src/beidou_gazebo) by extensions ['colcon_meta']
[0.105s] Level 1:colcon.colcon_core.package_identification:_identify(src/beidou_gazebo) by extension 'colcon_meta'
[0.106s] Level 1:colcon.colcon_core.package_identification:_identify(src/beidou_gazebo) by extensions ['ros']
[0.106s] Level 1:colcon.colcon_core.package_identification:_identify(src/beidou_gazebo) by extension 'ros'
[0.108s] DEBUG:colcon.colcon_core.package_identification:Package 'src/beidou_gazebo' with type 'ros.ament_python' and name 'beidou_gazebo'
[0.108s] Level 1:colcon.colcon_core.package_discovery:discover_packages(recursive) using defaults
[0.108s] Level 1:colcon.colcon_core.package_discovery:discover_packages(ignore) discover
[0.108s] Level 1:colcon.colcon_core.package_discovery:discover_packages(ignore) using defaults
[0.108s] Level 1:colcon.colcon_core.package_discovery:discover_packages(path) discover
[0.108s] Level 1:colcon.colcon_core.package_discovery:discover_packages(path) using defaults
[0.120s] Level 1:colcon.colcon_core.package_discovery:discover_packages(prefix_path) check parameters
[0.120s] Level 1:colcon.colcon_core.package_discovery:discover_packages(prefix_path) discover
[0.122s] DEBUG:colcon.colcon_installed_package_information.package_discovery:Found 409 installed packages in /opt/ros/jazzy
[0.122s] Level 1:colcon.colcon_core.package_discovery:discover_packages(prefix_path) using defaults
[0.154s] Level 5:colcon.colcon_core.verb:set package 'beidou_gazebo' build argument 'cmake_args' from command line to 'None'
[0.154s] Level 5:colcon.colcon_core.verb:set package 'beidou_gazebo' build argument 'cmake_target' from command line to 'None'
[0.154s] Level 5:colcon.colcon_core.verb:set package 'beidou_gazebo' build argument 'cmake_target_skip_unavailable' from command line to 'False'
[0.154s] Level 5:colcon.colcon_core.verb:set package 'beidou_gazebo' build argument 'cmake_clean_cache' from command line to 'False'
[0.154s] Level 5:colcon.colcon_core.verb:set package 'beidou_gazebo' build argument 'cmake_clean_first' from command line to 'False'
[0.154s] Level 5:colcon.colcon_core.verb:set package 'beidou_gazebo' build argument 'cmake_force_configure' from command line to 'False'
[0.154s] Level 5:colcon.colcon_core.verb:set package 'beidou_gazebo' build argument 'ament_cmake_args' from command line to 'None'
[0.154s] Level 5:colcon.colcon_core.verb:set package 'beidou_gazebo' build argument 'catkin_cmake_args' from command line to 'None'
[0.154s] Level 5:colcon.colcon_core.verb:set package 'beidou_gazebo' build argument 'catkin_skip_building_tests' from command line to 'False'
[0.154s] DEBUG:colcon.colcon_core.verb:Building package 'beidou_gazebo' with the following arguments: {'ament_cmake_args': None, 'build_base': '/home/ubbbb/beidou_robot_ws/build/beidou_gazebo', 'catkin_cmake_args': None, 'catkin_skip_building_tests': False, 'cmake_args': None, 'cmake_clean_cache': False, 'cmake_clean_first': False, 'cmake_force_configure': False, 'cmake_target': None, 'cmake_target_skip_unavailable': False, 'install_base': '/home/ubbbb/beidou_robot_ws/install/beidou_gazebo', 'merge_install': False, 'path': '/home/ubbbb/beidou_robot_ws/src/beidou_gazebo', 'symlink_install': True, 'test_result_base': None}
[0.155s] INFO:colcon.colcon_core.executor:Executing jobs using 'parallel' executor
[0.156s] DEBUG:colcon.colcon_parallel_executor.executor.parallel:run_until_complete
[0.156s] INFO:colcon.colcon_ros.task.ament_python.build:Building ROS package in '/home/ubbbb/beidou_robot_ws/src/beidou_gazebo' with build type 'ament_python'
[0.156s] Level 1:colcon.colcon_core.shell:create_environment_hook('beidou_gazebo', 'ament_prefix_path')
[0.157s] INFO:colcon.colcon_core.plugin_system:Skipping extension 'colcon_core.shell.bat': Not used on non-Windows systems
[0.157s] INFO:colcon.colcon_core.shell:Creating environment hook '/home/ubbbb/beidou_robot_ws/install/beidou_gazebo/share/beidou_gazebo/hook/ament_prefix_path.ps1'
[0.157s] INFO:colcon.colcon_core.shell:Creating environment descriptor '/home/ubbbb/beidou_robot_ws/install/beidou_gazebo/share/beidou_gazebo/hook/ament_prefix_path.dsv'
[0.158s] INFO:colcon.colcon_core.shell:Creating environment hook '/home/ubbbb/beidou_robot_ws/install/beidou_gazebo/share/beidou_gazebo/hook/ament_prefix_path.sh'
[0.158s] INFO:colcon.colcon_core.shell:Skip shell extension 'powershell' for command environment: Not usable outside of PowerShell
[0.158s] DEBUG:colcon.colcon_core.shell:Skip shell extension 'dsv' for command environment
[0.300s] INFO:colcon.colcon_core.task.python.build:Building Python package in '/home/ubbbb/beidou_robot_ws/src/beidou_gazebo'
[0.300s] INFO:colcon.colcon_core.shell:Skip shell extension 'powershell' for command environment: Not usable outside of PowerShell
[0.300s] DEBUG:colcon.colcon_core.shell:Skip shell extension 'dsv' for command environment
[0.650s] DEBUG:colcon.colcon_core.task.python.build:Available setuptools commands: bdist_rpm, build_py, dist_info, sdist, compile_catalog, build_clib, build, clean, easy_install, develop, upload, bdist, test, install_lib, upload_docs, install_data, install_scripts, install_headers, setopt, alias, update_catalog, init_catalog, build_scripts, register, install_egg_info, build_ext, install, bdist_egg, egg_info, check, symlink_data, editable_wheel, saveopts, extract_messages, rotate, bdist_dumb
[0.848s] DEBUG:colcon.colcon_core.task.python.build:Available setuptools 'develop' options: --quiet, --help, --always-copy, --build-directory, --local-snapshots-ok, --verbose, --user, --script-dir, --dry-run, --install-layout, --no-find-links, --version, --find-links, --zip-ok, --editable, --force-installation-into-system-dir, --no-user-cfg, --record, --site-dirs, --always-unzip, --uninstall, --egg-path, --prefix, --index-url, --allow-hosts, --install-dir, --upgrade, --no-deps, --exclude-scripts, --multi-version, --optimize
[0.850s] DEBUG:colcon.colcon_core.event_handler.log_command:Invoking command in '/home/ubbbb/beidou_robot_ws/build/beidou_gazebo': DEBUGINFOD_URLS=https://debuginfod.ubuntu.com PYTHONPATH=/home/ubbbb/beidou_robot_ws/build/beidou_gazebo/prefix_override:/usr/lib/python3/dist-packages/colcon_core/task/python/colcon_distutils_commands:/home/ubbbb/beidou_robot_ws/install/beidou_gazebo/lib/python3.12/site-packages:${PYTHONPATH} /usr/bin/python3 -W ignore:setup.py install is deprecated -W ignore:easy_install command is deprecated setup.py develop --editable --build-directory /home/ubbbb/beidou_robot_ws/build/beidou_gazebo/build --no-deps symlink_data
[1.216s] Level 1:colcon.colcon_core.shell:create_environment_hook('beidou_gazebo', 'pythonpath_develop')
[1.217s] INFO:colcon.colcon_core.shell:Creating environment hook '/home/ubbbb/beidou_robot_ws/build/beidou_gazebo/share/beidou_gazebo/hook/pythonpath_develop.ps1'
[1.217s] DEBUG:colcon.colcon_core.event_handler.log_command:Invoked command in '/home/ubbbb/beidou_robot_ws/build/beidou_gazebo' returned '0': DEBUGINFOD_URLS=https://debuginfod.ubuntu.com PYTHONPATH=/home/ubbbb/beidou_robot_ws/build/beidou_gazebo/prefix_override:/usr/lib/python3/dist-packages/colcon_core/task/python/colcon_distutils_commands:/home/ubbbb/beidou_robot_ws/install/beidou_gazebo/lib/python3.12/site-packages:${PYTHONPATH} /usr/bin/python3 -W ignore:setup.py install is deprecated -W ignore:easy_install command is deprecated setup.py develop --editable --build-directory /home/ubbbb/beidou_robot_ws/build/beidou_gazebo/build --no-deps symlink_data
[1.218s] INFO:colcon.colcon_core.shell:Creating environment descriptor '/home/ubbbb/beidou_robot_ws/build/beidou_gazebo/share/beidou_gazebo/hook/pythonpath_develop.dsv'
[1.218s] INFO:colcon.colcon_core.shell:Creating environment hook '/home/ubbbb/beidou_robot_ws/build/beidou_gazebo/share/beidou_gazebo/hook/pythonpath_develop.sh'
[1.220s] Level 1:colcon.colcon_core.environment:checking '/home/ubbbb/beidou_robot_ws/install/beidou_gazebo' for CMake module files
[1.221s] Level 1:colcon.colcon_core.environment:checking '/home/ubbbb/beidou_robot_ws/install/beidou_gazebo' for CMake config files
[1.221s] Level 1:colcon.colcon_core.environment:checking '/home/ubbbb/beidou_robot_ws/install/beidou_gazebo/lib'
[1.221s] Level 1:colcon.colcon_core.environment:checking '/home/ubbbb/beidou_robot_ws/install/beidou_gazebo/bin'
[1.221s] Level 1:colcon.colcon_core.environment:checking '/home/ubbbb/beidou_robot_ws/install/beidou_gazebo/lib/pkgconfig/beidou_gazebo.pc'
[1.221s] Level 1:colcon.colcon_core.environment:checking '/home/ubbbb/beidou_robot_ws/install/beidou_gazebo/lib/python3.12/site-packages'
[1.222s] Level 1:colcon.colcon_core.shell:create_environment_hook('beidou_gazebo', 'pythonpath')
[1.222s] INFO:colcon.colcon_core.shell:Creating environment hook '/home/ubbbb/beidou_robot_ws/install/beidou_gazebo/share/beidou_gazebo/hook/pythonpath.ps1'
[1.222s] INFO:colcon.colcon_core.shell:Creating environment descriptor '/home/ubbbb/beidou_robot_ws/install/beidou_gazebo/share/beidou_gazebo/hook/pythonpath.dsv'
[1.222s] INFO:colcon.colcon_core.shell:Creating environment hook '/home/ubbbb/beidou_robot_ws/install/beidou_gazebo/share/beidou_gazebo/hook/pythonpath.sh'
[1.223s] Level 1:colcon.colcon_core.environment:checking '/home/ubbbb/beidou_robot_ws/install/beidou_gazebo/bin'
[1.223s] Level 1:colcon.colcon_core.environment:create_environment_scripts_only(beidou_gazebo)
[1.223s] INFO:colcon.colcon_core.shell:Creating package script '/home/ubbbb/beidou_robot_ws/install/beidou_gazebo/share/beidou_gazebo/package.ps1'
[1.223s] INFO:colcon.colcon_core.shell:Creating package descriptor '/home/ubbbb/beidou_robot_ws/install/beidou_gazebo/share/beidou_gazebo/package.dsv'
[1.224s] INFO:colcon.colcon_core.shell:Creating package script '/home/ubbbb/beidou_robot_ws/install/beidou_gazebo/share/beidou_gazebo/package.sh'
[1.224s] INFO:colcon.colcon_core.shell:Creating package script '/home/ubbbb/beidou_robot_ws/install/beidou_gazebo/share/beidou_gazebo/package.bash'
[1.225s] INFO:colcon.colcon_core.shell:Creating package script '/home/ubbbb/beidou_robot_ws/install/beidou_gazebo/share/beidou_gazebo/package.zsh'
[1.225s] Level 1:colcon.colcon_core.environment:create_file_with_runtime_dependencies(/home/ubbbb/beidou_robot_ws/install/beidou_gazebo/share/colcon-core/packages/beidou_gazebo)
[1.225s] DEBUG:colcon.colcon_parallel_executor.executor.parallel:closing loop
[1.225s] DEBUG:colcon.colcon_parallel_executor.executor.parallel:loop closed
[1.225s] DEBUG:colcon.colcon_parallel_executor.executor.parallel:run_until_complete finished with '0'
[1.225s] DEBUG:colcon.colcon_core.event_reactor:joining thread
[1.229s] INFO:colcon.colcon_core.plugin_system:Skipping extension 'colcon_notification.desktop_notification.terminal_notifier': Not used on non-Darwin systems
[1.229s] INFO:colcon.colcon_core.plugin_system:Skipping extension 'colcon_notification.desktop_notification.win32': Not used on non-Windows systems
[1.229s] INFO:colcon.colcon_notification.desktop_notification:Sending desktop notification using 'notify2'
[1.240s] DEBUG:colcon.colcon_core.event_reactor:joined thread
[1.241s] INFO:colcon.colcon_core.shell:Creating prefix script '/home/ubbbb/beidou_robot_ws/install/local_setup.ps1'
[1.241s] INFO:colcon.colcon_core.shell:Creating prefix util module '/home/ubbbb/beidou_robot_ws/install/_local_setup_util_ps1.py'
[1.242s] INFO:colcon.colcon_core.shell:Creating prefix chain script '/home/ubbbb/beidou_robot_ws/install/setup.ps1'
[1.242s] INFO:colcon.colcon_core.shell:Creating prefix script '/home/ubbbb/beidou_robot_ws/install/local_setup.sh'
[1.243s] INFO:colcon.colcon_core.shell:Creating prefix util module '/home/ubbbb/beidou_robot_ws/install/_local_setup_util_sh.py'
[1.243s] INFO:colcon.colcon_core.shell:Creating prefix chain script '/home/ubbbb/beidou_robot_ws/install/setup.sh'
[1.244s] INFO:colcon.colcon_core.shell:Creating prefix script '/home/ubbbb/beidou_robot_ws/install/local_setup.bash'
[1.244s] INFO:colcon.colcon_core.shell:Creating prefix chain script '/home/ubbbb/beidou_robot_ws/install/setup.bash'
[1.245s] INFO:colcon.colcon_core.shell:Creating prefix script '/home/ubbbb/beidou_robot_ws/install/local_setup.zsh'
[1.246s] INFO:colcon.colcon_core.shell:Creating prefix chain script '/home/ubbbb/beidou_robot_ws/install/setup.zsh'
