[1.183s] Invoking command in '/home/ubbbb/beidou_robot_ws/build/beidou_gazebo': AMENT_PREFIX_PATH=/home/ubbbb/beidou_robot_ws/install/beidou_gazebo_pose_bridge:${AMENT_PREFIX_PATH} CMAKE_PREFIX_PATH=/home/ubbbb/beidou_robot_ws/install/beidou_gazebo_pose_bridge:${CMAKE_PREFIX_PATH} DEBUGINFOD_URLS=https://debuginfod.ubuntu.com PYTHONPATH=/home/ubbbb/beidou_robot_ws/build/beidou_gazebo/prefix_override:/usr/lib/python3/dist-packages/colcon_core/task/python/colcon_distutils_commands:/home/ubbbb/beidou_robot_ws/install/beidou_gazebo/lib/python3.12/site-packages:${PYTHONPATH} /usr/bin/python3 -W ignore:setup.py install is deprecated -W ignore:easy_install command is deprecated setup.py develop --editable --build-directory /home/ubbbb/beidou_robot_ws/build/beidou_gazebo/build --no-deps symlink_data
[1.527s] running develop
[1.719s] running egg_info
[1.737s] writing beidou_gazebo.egg-info/PKG-INFO
[1.738s] writing dependency_links to beidou_gazebo.egg-info/dependency_links.txt
[1.738s] writing entry points to beidou_gazebo.egg-info/entry_points.txt
[1.738s] writing requirements to beidou_gazebo.egg-info/requires.txt
[1.738s] writing top-level names to beidou_gazebo.egg-info/top_level.txt
[1.776s] reading manifest file 'beidou_gazebo.egg-info/SOURCES.txt'
[1.777s] writing manifest file 'beidou_gazebo.egg-info/SOURCES.txt'
[1.798s] running build_ext
[1.798s] Creating /home/ubbbb/beidou_robot_ws/install/beidou_gazebo/lib/python3.12/site-packages/beidou-gazebo.egg-link (link to .)
[1.799s] Installing beidou_position_publisher script to /home/ubbbb/beidou_robot_ws/install/beidou_gazebo/lib/beidou_gazebo
[1.799s] Installing elderly_geofence script to /home/ubbbb/beidou_robot_ws/install/beidou_gazebo/lib/beidou_gazebo
[1.799s] Installing elderly_guard_navigation script to /home/ubbbb/beidou_robot_ws/install/beidou_gazebo/lib/beidou_gazebo
[1.799s] Installing elderly_voice_alarm script to /home/ubbbb/beidou_robot_ws/install/beidou_gazebo/lib/beidou_gazebo
[1.799s] Installing piper_chinese_tts script to /home/ubbbb/beidou_robot_ws/install/beidou_gazebo/lib/beidou_gazebo
[1.800s] 
[1.800s] Installed /home/ubbbb/beidou_robot_ws/build/beidou_gazebo
[1.800s] running symlink_data
[1.835s] Invoked command in '/home/ubbbb/beidou_robot_ws/build/beidou_gazebo' returned '0': AMENT_PREFIX_PATH=/home/ubbbb/beidou_robot_ws/install/beidou_gazebo_pose_bridge:${AMENT_PREFIX_PATH} CMAKE_PREFIX_PATH=/home/ubbbb/beidou_robot_ws/install/beidou_gazebo_pose_bridge:${CMAKE_PREFIX_PATH} DEBUGINFOD_URLS=https://debuginfod.ubuntu.com PYTHONPATH=/home/ubbbb/beidou_robot_ws/build/beidou_gazebo/prefix_override:/usr/lib/python3/dist-packages/colcon_core/task/python/colcon_distutils_commands:/home/ubbbb/beidou_robot_ws/install/beidou_gazebo/lib/python3.12/site-packages:${PYTHONPATH} /usr/bin/python3 -W ignore:setup.py install is deprecated -W ignore:easy_install command is deprecated setup.py develop --editable --build-directory /home/ubbbb/beidou_robot_ws/build/beidou_gazebo/build --no-deps symlink_data
