[0.135s] DEBUG:colcon:Command line arguments: ['/usr/bin/colcon', 'build', '--packages-select', 'beidou_interfaces', 'beidou_gazebo_pose_bridge', 'beidou_gazebo', '--symlink-install']
[0.135s] DEBUG:colcon:Parsed command line arguments: Namespace(log_base=None, log_level=None, verb_name='build', build_base='build', install_base='install', merge_install=False, symlink_install=True, test_result_base=None, continue_on_error=False, executor='parallel', parallel_workers=18, event_handlers=None, ignore_user_meta=False, metas=['./colcon.meta'], base_paths=['.'], packages_ignore=None, packages_ignore_regex=None, paths=None, packages_up_to=None, packages_up_to_regex=None, packages_above=None, packages_above_and_dependencies=None, packages_above_depth=None, packages_select_by_dep=None, packages_skip_by_dep=None, packages_skip_up_to=None, packages_select_build_failed=False, packages_skip_build_finished=False, packages_select_test_failures=False, packages_skip_test_passed=False, packages_select=['beidou_interfaces', 'beidou_gazebo_pose_bridge', 'beidou_gazebo'], packages_skip=None, packages_select_regex=None, packages_skip_regex=None, packages_start=None, packages_end=None, allow_overriding=[], cmake_args=None, cmake_target=None, cmake_target_skip_unavailable=False, cmake_clean_cache=False, cmake_clean_first=False, cmake_force_configure=False, ament_cmake_args=None, catkin_cmake_args=None, catkin_skip_building_tests=False, verb_parser=<colcon_defaults.argument_parser.defaults.DefaultArgumentsDecorator object at 0x7eaca1435f10>, verb_extension=<colcon_core.verb.build.BuildVerb object at 0x7eaca159af90>, main=<bound method BuildVerb.main of <colcon_core.verb.build.BuildVerb object at 0x7eaca159af90>>)
[0.179s] Level 1:colcon.colcon_core.package_discovery:discover_packages(colcon_meta) check parameters
[0.179s] Level 1:colcon.colcon_core.package_discovery:discover_packages(recursive) check parameters
[0.179s] Level 1:colcon.colcon_core.package_discovery:discover_packages(ignore) check parameters
[0.179s] Level 1:colcon.colcon_core.package_discovery:discover_packages(path) check parameters
[0.179s] Level 1:colcon.colcon_core.package_discovery:discover_packages(colcon_meta) discover
[0.180s] Level 1:colcon.colcon_core.package_discovery:discover_packages(recursive) discover
[0.180s] INFO:colcon.colcon_core.package_discovery:Crawling recursively for packages in '/home/ubbbb/beidou_robot_ws'
[0.180s] Level 1:colcon.colcon_core.package_identification:_identify(.) by extensions ['ignore', 'ignore_ament_install']
[0.180s] Level 1:colcon.colcon_core.package_identification:_identify(.) by extension 'ignore'
[0.180s] Level 1:colcon.colcon_core.package_identification:_identify(.) by extension 'ignore_ament_install'
[0.180s] Level 1:colcon.colcon_core.package_identification:_identify(.) by extensions ['colcon_pkg']
[0.180s] Level 1:colcon.colcon_core.package_identification:_identify(.) by extension 'colcon_pkg'
[0.180s] Level 1:colcon.colcon_core.package_identification:_identify(.) by extensions ['colcon_meta']
[0.180s] Level 1:colcon.colcon_core.package_identification:_identify(.) by extension 'colcon_meta'
[0.180s] Level 1:colcon.colcon_core.package_identification:_identify(.) by extensions ['ros']
[0.180s] Level 1:colcon.colcon_core.package_identification:_identify(.) by extension 'ros'
[0.210s] Level 1:colcon.colcon_core.package_identification:_identify(.) by extensions ['cmake', 'python']
[0.210s] Level 1:colcon.colcon_core.package_identification:_identify(.) by extension 'cmake'
[0.210s] Level 1:colcon.colcon_core.package_identification:_identify(.) by extension 'python'
[0.210s] Level 1:colcon.colcon_core.package_identification:_identify(.) by extensions ['python_setup_py']
[0.210s] Level 1:colcon.colcon_core.package_identification:_identify(.) by extension 'python_setup_py'
[0.210s] Level 1:colcon.colcon_core.package_identification:_identify(build) by extensions ['ignore', 'ignore_ament_install']
[0.210s] Level 1:colcon.colcon_core.package_identification:_identify(build) by extension 'ignore'
[0.210s] Level 1:colcon.colcon_core.package_identification:_identify(build) ignored
[0.211s] Level 1:colcon.colcon_core.package_identification:_identify(install) by extensions ['ignore', 'ignore_ament_install']
[0.211s] Level 1:colcon.colcon_core.package_identification:_identify(install) by extension 'ignore'
[0.211s] Level 1:colcon.colcon_core.package_identification:_identify(install) ignored
[0.211s] Level 1:colcon.colcon_core.package_identification:_identify(log) by extensions ['ignore', 'ignore_ament_install']
[0.211s] Level 1:colcon.colcon_core.package_identification:_identify(log) by extension 'ignore'
[0.211s] Level 1:colcon.colcon_core.package_identification:_identify(log) ignored
[0.211s] Level 1:colcon.colcon_core.package_identification:_identify(maps) by extensions ['ignore', 'ignore_ament_install']
[0.211s] Level 1:colcon.colcon_core.package_identification:_identify(maps) by extension 'ignore'
[0.211s] Level 1:colcon.colcon_core.package_identification:_identify(maps) by extension 'ignore_ament_install'
[0.211s] Level 1:colcon.colcon_core.package_identification:_identify(maps) by extensions ['colcon_pkg']
[0.211s] Level 1:colcon.colcon_core.package_identification:_identify(maps) by extension 'colcon_pkg'
[0.211s] Level 1:colcon.colcon_core.package_identification:_identify(maps) by extensions ['colcon_meta']
[0.211s] Level 1:colcon.colcon_core.package_identification:_identify(maps) by extension 'colcon_meta'
[0.211s] Level 1:colcon.colcon_core.package_identification:_identify(maps) by extensions ['ros']
[0.211s] Level 1:colcon.colcon_core.package_identification:_identify(maps) by extension 'ros'
[0.212s] Level 1:colcon.colcon_core.package_identification:_identify(maps) by extensions ['cmake', 'python']
[0.212s] Level 1:colcon.colcon_core.package_identification:_identify(maps) by extension 'cmake'
[0.212s] Level 1:colcon.colcon_core.package_identification:_identify(maps) by extension 'python'
[0.212s] Level 1:colcon.colcon_core.package_identification:_identify(maps) by extensions ['python_setup_py']
[0.212s] Level 1:colcon.colcon_core.package_identification:_identify(maps) by extension 'python_setup_py'
[0.212s] Level 1:colcon.colcon_core.package_identification:_identify(maps_backup) by extensions ['ignore', 'ignore_ament_install']
[0.212s] Level 1:colcon.colcon_core.package_identification:_identify(maps_backup) by extension 'ignore'
[0.212s] Level 1:colcon.colcon_core.package_identification:_identify(maps_backup) by extension 'ignore_ament_install'
[0.212s] Level 1:colcon.colcon_core.package_identification:_identify(maps_backup) by extensions ['colcon_pkg']
[0.212s] Level 1:colcon.colcon_core.package_identification:_identify(maps_backup) by extension 'colcon_pkg'
[0.212s] Level 1:colcon.colcon_core.package_identification:_identify(maps_backup) by extensions ['colcon_meta']
[0.212s] Level 1:colcon.colcon_core.package_identification:_identify(maps_backup) by extension 'colcon_meta'
[0.212s] Level 1:colcon.colcon_core.package_identification:_identify(maps_backup) by extensions ['ros']
[0.212s] Level 1:colcon.colcon_core.package_identification:_identify(maps_backup) by extension 'ros'
[0.212s] Level 1:colcon.colcon_core.package_identification:_identify(maps_backup) by extensions ['cmake', 'python']
[0.212s] Level 1:colcon.colcon_core.package_identification:_identify(maps_backup) by extension 'cmake'
[0.212s] Level 1:colcon.colcon_core.package_identification:_identify(maps_backup) by extension 'python'
[0.212s] Level 1:colcon.colcon_core.package_identification:_identify(maps_backup) by extensions ['python_setup_py']
[0.212s] Level 1:colcon.colcon_core.package_identification:_identify(maps_backup) by extension 'python_setup_py'
[0.212s] Level 1:colcon.colcon_core.package_identification:_identify(src) by extensions ['ignore', 'ignore_ament_install']
[0.212s] Level 1:colcon.colcon_core.package_identification:_identify(src) by extension 'ignore'
[0.213s] Level 1:colcon.colcon_core.package_identification:_identify(src) by extension 'ignore_ament_install'
[0.213s] Level 1:colcon.colcon_core.package_identification:_identify(src) by extensions ['colcon_pkg']
[0.213s] Level 1:colcon.colcon_core.package_identification:_identify(src) by extension 'colcon_pkg'
[0.213s] Level 1:colcon.colcon_core.package_identification:_identify(src) by extensions ['colcon_meta']
[0.213s] Level 1:colcon.colcon_core.package_identification:_identify(src) by extension 'colcon_meta'
[0.213s] Level 1:colcon.colcon_core.package_identification:_identify(src) by extensions ['ros']
[0.213s] Level 1:colcon.colcon_core.package_identification:_identify(src) by extension 'ros'
[0.213s] Level 1:colcon.colcon_core.package_identification:_identify(src) by extensions ['cmake', 'python']
[0.213s] Level 1:colcon.colcon_core.package_identification:_identify(src) by extension 'cmake'
[0.213s] Level 1:colcon.colcon_core.package_identification:_identify(src) by extension 'python'
[0.213s] Level 1:colcon.colcon_core.package_identification:_identify(src) by extensions ['python_setup_py']
[0.213s] Level 1:colcon.colcon_core.package_identification:_identify(src) by extension 'python_setup_py'
[0.213s] Level 1:colcon.colcon_core.package_identification:_identify(src/beidou_gazebo) by extensions ['ignore', 'ignore_ament_install']
[0.213s] Level 1:colcon.colcon_core.package_identification:_identify(src/beidou_gazebo) by extension 'ignore'
[0.213s] Level 1:colcon.colcon_core.package_identification:_identify(src/beidou_gazebo) by extension 'ignore_ament_install'
[0.213s] Level 1:colcon.colcon_core.package_identification:_identify(src/beidou_gazebo) by extensions ['colcon_pkg']
[0.213s] Level 1:colcon.colcon_core.package_identification:_identify(src/beidou_gazebo) by extension 'colcon_pkg'
[0.213s] Level 1:colcon.colcon_core.package_identification:_identify(src/beidou_gazebo) by extensions ['colcon_meta']
[0.213s] Level 1:colcon.colcon_core.package_identification:_identify(src/beidou_gazebo) by extension 'colcon_meta'
[0.213s] Level 1:colcon.colcon_core.package_identification:_identify(src/beidou_gazebo) by extensions ['ros']
[0.213s] Level 1:colcon.colcon_core.package_identification:_identify(src/beidou_gazebo) by extension 'ros'
[0.217s] DEBUG:colcon.colcon_core.package_identification:Package 'src/beidou_gazebo' with type 'ros.ament_python' and name 'beidou_gazebo'
[0.217s] Level 1:colcon.colcon_core.package_identification:_identify(src/beidou_gazebo_pose_bridge) by extensions ['ignore', 'ignore_ament_install']
[0.217s] Level 1:colcon.colcon_core.package_identification:_identify(src/beidou_gazebo_pose_bridge) by extension 'ignore'
[0.217s] Level 1:colcon.colcon_core.package_identification:_identify(src/beidou_gazebo_pose_bridge) by extension 'ignore_ament_install'
[0.218s] Level 1:colcon.colcon_core.package_identification:_identify(src/beidou_gazebo_pose_bridge) by extensions ['colcon_pkg']
[0.218s] Level 1:colcon.colcon_core.package_identification:_identify(src/beidou_gazebo_pose_bridge) by extension 'colcon_pkg'
[0.218s] Level 1:colcon.colcon_core.package_identification:_identify(src/beidou_gazebo_pose_bridge) by extensions ['colcon_meta']
[0.218s] Level 1:colcon.colcon_core.package_identification:_identify(src/beidou_gazebo_pose_bridge) by extension 'colcon_meta'
[0.218s] Level 1:colcon.colcon_core.package_identification:_identify(src/beidou_gazebo_pose_bridge) by extensions ['ros']
[0.218s] Level 1:colcon.colcon_core.package_identification:_identify(src/beidou_gazebo_pose_bridge) by extension 'ros'
[0.219s] DEBUG:colcon.colcon_core.package_identification:Package 'src/beidou_gazebo_pose_bridge' with type 'ros.ament_cmake' and name 'beidou_gazebo_pose_bridge'
[0.219s] Level 1:colcon.colcon_core.package_identification:_identify(src/beidou_interfaces) by extensions ['ignore', 'ignore_ament_install']
[0.219s] Level 1:colcon.colcon_core.package_identification:_identify(src/beidou_interfaces) by extension 'ignore'
[0.219s] Level 1:colcon.colcon_core.package_identification:_identify(src/beidou_interfaces) by extension 'ignore_ament_install'
[0.219s] Level 1:colcon.colcon_core.package_identification:_identify(src/beidou_interfaces) by extensions ['colcon_pkg']
[0.219s] Level 1:colcon.colcon_core.package_identification:_identify(src/beidou_interfaces) by extension 'colcon_pkg'
[0.219s] Level 1:colcon.colcon_core.package_identification:_identify(src/beidou_interfaces) by extensions ['colcon_meta']
[0.219s] Level 1:colcon.colcon_core.package_identification:_identify(src/beidou_interfaces) by extension 'colcon_meta'
[0.219s] Level 1:colcon.colcon_core.package_identification:_identify(src/beidou_interfaces) by extensions ['ros']
[0.219s] Level 1:colcon.colcon_core.package_identification:_identify(src/beidou_interfaces) by extension 'ros'
[0.220s] DEBUG:colcon.colcon_core.package_identification:Package 'src/beidou_interfaces' with type 'ros.ament_cmake' and name 'beidou_interfaces'
[0.220s] Level 1:colcon.colcon_core.package_identification:_identify(tools) by extensions ['ignore', 'ignore_ament_install']
[0.220s] Level 1:colcon.colcon_core.package_identification:_identify(tools) by extension 'ignore'
[0.220s] Level 1:colcon.colcon_core.package_identification:_identify(tools) by extension 'ignore_ament_install'
[0.220s] Level 1:colcon.colcon_core.package_identification:_identify(tools) by extensions ['colcon_pkg']
[0.220s] Level 1:colcon.colcon_core.package_identification:_identify(tools) by extension 'colcon_pkg'
[0.220s] Level 1:colcon.colcon_core.package_identification:_identify(tools) by extensions ['colcon_meta']
[0.220s] Level 1:colcon.colcon_core.package_identification:_identify(tools) by extension 'colcon_meta'
[0.220s] Level 1:colcon.colcon_core.package_identification:_identify(tools) by extensions ['ros']
[0.220s] Level 1:colcon.colcon_core.package_identification:_identify(tools) by extension 'ros'
[0.220s] Level 1:colcon.colcon_core.package_identification:_identify(tools) by extensions ['cmake', 'python']
[0.220s] Level 1:colcon.colcon_core.package_identification:_identify(tools) by extension 'cmake'
[0.220s] Level 1:colcon.colcon_core.package_identification:_identify(tools) by extension 'python'
[0.220s] Level 1:colcon.colcon_core.package_identification:_identify(tools) by extensions ['python_setup_py']
[0.220s] Level 1:colcon.colcon_core.package_identification:_identify(tools) by extension 'python_setup_py'
[0.220s] Level 1:colcon.colcon_core.package_identification:_identify(tools/__pycache__) by extensions ['ignore', 'ignore_ament_install']
[0.220s] Level 1:colcon.colcon_core.package_identification:_identify(tools/__pycache__) by extension 'ignore'
[0.220s] Level 1:colcon.colcon_core.package_identification:_identify(tools/__pycache__) by extension 'ignore_ament_install'
[0.221s] Level 1:colcon.colcon_core.package_identification:_identify(tools/__pycache__) by extensions ['colcon_pkg']
[0.221s] Level 1:colcon.colcon_core.package_identification:_identify(tools/__pycache__) by extension 'colcon_pkg'
[0.221s] Level 1:colcon.colcon_core.package_identification:_identify(tools/__pycache__) by extensions ['colcon_meta']
[0.221s] Level 1:colcon.colcon_core.package_identification:_identify(tools/__pycache__) by extension 'colcon_meta'
[0.221s] Level 1:colcon.colcon_core.package_identification:_identify(tools/__pycache__) by extensions ['ros']
[0.221s] Level 1:colcon.colcon_core.package_identification:_identify(tools/__pycache__) by extension 'ros'
[0.221s] Level 1:colcon.colcon_core.package_identification:_identify(tools/__pycache__) by extensions ['cmake', 'python']
[0.221s] Level 1:colcon.colcon_core.package_identification:_identify(tools/__pycache__) by extension 'cmake'
[0.221s] Level 1:colcon.colcon_core.package_identification:_identify(tools/__pycache__) by extension 'python'
[0.221s] Level 1:colcon.colcon_core.package_identification:_identify(tools/__pycache__) by extensions ['python_setup_py']
[0.221s] Level 1:colcon.colcon_core.package_identification:_identify(tools/__pycache__) by extension 'python_setup_py'
[0.221s] Level 1:colcon.colcon_core.package_discovery:discover_packages(recursive) using defaults
[0.221s] Level 1:colcon.colcon_core.package_discovery:discover_packages(ignore) discover
[0.221s] Level 1:colcon.colcon_core.package_discovery:discover_packages(ignore) using defaults
[0.221s] Level 1:colcon.colcon_core.package_discovery:discover_packages(path) discover
[0.221s] Level 1:colcon.colcon_core.package_discovery:discover_packages(path) using defaults
[0.244s] Level 1:colcon.colcon_core.package_discovery:discover_packages(prefix_path) check parameters
[0.244s] Level 1:colcon.colcon_core.package_discovery:discover_packages(prefix_path) discover
[0.247s] DEBUG:colcon.colcon_installed_package_information.package_discovery:Found 409 installed packages in /opt/ros/jazzy
[0.248s] Level 1:colcon.colcon_core.package_discovery:discover_packages(prefix_path) using defaults
[0.304s] Level 5:colcon.colcon_core.verb:set package 'beidou_gazebo_pose_bridge' build argument 'cmake_args' from command line to 'None'
[0.305s] Level 5:colcon.colcon_core.verb:set package 'beidou_gazebo_pose_bridge' build argument 'cmake_target' from command line to 'None'
[0.305s] Level 5:colcon.colcon_core.verb:set package 'beidou_gazebo_pose_bridge' build argument 'cmake_target_skip_unavailable' from command line to 'False'
[0.305s] Level 5:colcon.colcon_core.verb:set package 'beidou_gazebo_pose_bridge' build argument 'cmake_clean_cache' from command line to 'False'
[0.305s] Level 5:colcon.colcon_core.verb:set package 'beidou_gazebo_pose_bridge' build argument 'cmake_clean_first' from command line to 'False'
[0.305s] Level 5:colcon.colcon_core.verb:set package 'beidou_gazebo_pose_bridge' build argument 'cmake_force_configure' from command line to 'False'
[0.305s] Level 5:colcon.colcon_core.verb:set package 'beidou_gazebo_pose_bridge' build argument 'ament_cmake_args' from command line to 'None'
[0.305s] Level 5:colcon.colcon_core.verb:set package 'beidou_gazebo_pose_bridge' build argument 'catkin_cmake_args' from command line to 'None'
[0.305s] Level 5:colcon.colcon_core.verb:set package 'beidou_gazebo_pose_bridge' build argument 'catkin_skip_building_tests' from command line to 'False'
[0.305s] DEBUG:colcon.colcon_core.verb:Building package 'beidou_gazebo_pose_bridge' with the following arguments: {'ament_cmake_args': None, 'build_base': '/home/ubbbb/beidou_robot_ws/build/beidou_gazebo_pose_bridge', 'catkin_cmake_args': None, 'catkin_skip_building_tests': False, 'cmake_args': None, 'cmake_clean_cache': False, 'cmake_clean_first': False, 'cmake_force_configure': False, 'cmake_target': None, 'cmake_target_skip_unavailable': False, 'install_base': '/home/ubbbb/beidou_robot_ws/install/beidou_gazebo_pose_bridge', 'merge_install': False, 'path': '/home/ubbbb/beidou_robot_ws/src/beidou_gazebo_pose_bridge', 'symlink_install': True, 'test_result_base': None}
[0.305s] Level 5:colcon.colcon_core.verb:set package 'beidou_interfaces' build argument 'cmake_args' from command line to 'None'
[0.305s] Level 5:colcon.colcon_core.verb:set package 'beidou_interfaces' build argument 'cmake_target' from command line to 'None'
[0.305s] Level 5:colcon.colcon_core.verb:set package 'beidou_interfaces' build argument 'cmake_target_skip_unavailable' from command line to 'False'
[0.305s] Level 5:colcon.colcon_core.verb:set package 'beidou_interfaces' build argument 'cmake_clean_cache' from command line to 'False'
[0.305s] Level 5:colcon.colcon_core.verb:set package 'beidou_interfaces' build argument 'cmake_clean_first' from command line to 'False'
[0.305s] Level 5:colcon.colcon_core.verb:set package 'beidou_interfaces' build argument 'cmake_force_configure' from command line to 'False'
[0.305s] Level 5:colcon.colcon_core.verb:set package 'beidou_interfaces' build argument 'ament_cmake_args' from command line to 'None'
[0.305s] Level 5:colcon.colcon_core.verb:set package 'beidou_interfaces' build argument 'catkin_cmake_args' from command line to 'None'
[0.305s] Level 5:colcon.colcon_core.verb:set package 'beidou_interfaces' build argument 'catkin_skip_building_tests' from command line to 'False'
[0.305s] DEBUG:colcon.colcon_core.verb:Building package 'beidou_interfaces' with the following arguments: {'ament_cmake_args': None, 'build_base': '/home/ubbbb/beidou_robot_ws/build/beidou_interfaces', 'catkin_cmake_args': None, 'catkin_skip_building_tests': False, 'cmake_args': None, 'cmake_clean_cache': False, 'cmake_clean_first': False, 'cmake_force_configure': False, 'cmake_target': None, 'cmake_target_skip_unavailable': False, 'install_base': '/home/ubbbb/beidou_robot_ws/install/beidou_interfaces', 'merge_install': False, 'path': '/home/ubbbb/beidou_robot_ws/src/beidou_interfaces', 'symlink_install': True, 'test_result_base': None}
[0.306s] Level 5:colcon.colcon_core.verb:set package 'beidou_gazebo' build argument 'cmake_args' from command line to 'None'
[0.306s] Level 5:colcon.colcon_core.verb:set package 'beidou_gazebo' build argument 'cmake_target' from command line to 'None'
[0.306s] Level 5:colcon.colcon_core.verb:set package 'beidou_gazebo' build argument 'cmake_target_skip_unavailable' from command line to 'False'
[0.306s] Level 5:colcon.colcon_core.verb:set package 'beidou_gazebo' build argument 'cmake_clean_cache' from command line to 'False'
[0.306s] Level 5:colcon.colcon_core.verb:set package 'beidou_gazebo' build argument 'cmake_clean_first' from command line to 'False'
[0.306s] Level 5:colcon.colcon_core.verb:set package 'beidou_gazebo' build argument 'cmake_force_configure' from command line to 'False'
[0.306s] Level 5:colcon.colcon_core.verb:set package 'beidou_gazebo' build argument 'ament_cmake_args' from command line to 'None'
[0.306s] Level 5:colcon.colcon_core.verb:set package 'beidou_gazebo' build argument 'catkin_cmake_args' from command line to 'None'
[0.306s] Level 5:colcon.colcon_core.verb:set package 'beidou_gazebo' build argument 'catkin_skip_building_tests' from command line to 'False'
[0.306s] DEBUG:colcon.colcon_core.verb:Building package 'beidou_gazebo' with the following arguments: {'ament_cmake_args': None, 'build_base': '/home/ubbbb/beidou_robot_ws/build/beidou_gazebo', 'catkin_cmake_args': None, 'catkin_skip_building_tests': False, 'cmake_args': None, 'cmake_clean_cache': False, 'cmake_clean_first': False, 'cmake_force_configure': False, 'cmake_target': None, 'cmake_target_skip_unavailable': False, 'install_base': '/home/ubbbb/beidou_robot_ws/install/beidou_gazebo', 'merge_install': False, 'path': '/home/ubbbb/beidou_robot_ws/src/beidou_gazebo', 'symlink_install': True, 'test_result_base': None}
[0.306s] INFO:colcon.colcon_core.executor:Executing jobs using 'parallel' executor
[0.307s] DEBUG:colcon.colcon_parallel_executor.executor.parallel:run_until_complete
[0.308s] INFO:colcon.colcon_ros.task.ament_cmake.build:Building ROS package in '/home/ubbbb/beidou_robot_ws/src/beidou_gazebo_pose_bridge' with build type 'ament_cmake'
[0.308s] INFO:colcon.colcon_cmake.task.cmake.build:Building CMake package in '/home/ubbbb/beidou_robot_ws/src/beidou_gazebo_pose_bridge'
[0.310s] INFO:colcon.colcon_core.plugin_system:Skipping extension 'colcon_core.shell.bat': Not used on non-Windows systems
[0.310s] INFO:colcon.colcon_core.shell:Skip shell extension 'powershell' for command environment: Not usable outside of PowerShell
[0.310s] DEBUG:colcon.colcon_core.shell:Skip shell extension 'dsv' for command environment
[0.315s] INFO:colcon.colcon_ros.task.ament_cmake.build:Building ROS package in '/home/ubbbb/beidou_robot_ws/src/beidou_interfaces' with build type 'ament_cmake'
[0.315s] INFO:colcon.colcon_cmake.task.cmake.build:Building CMake package in '/home/ubbbb/beidou_robot_ws/src/beidou_interfaces'
[0.315s] INFO:colcon.colcon_core.shell:Skip shell extension 'powershell' for command environment: Not usable outside of PowerShell
[0.315s] DEBUG:colcon.colcon_core.shell:Skip shell extension 'dsv' for command environment
[0.323s] DEBUG:colcon.colcon_core.event_handler.log_command:Invoking command in '/home/ubbbb/beidou_robot_ws/build/beidou_gazebo_pose_bridge': CMAKE_PREFIX_PATH=${CMAKE_PREFIX_PATH}:/opt/ros/jazzy DEBUGINFOD_URLS=https://debuginfod.ubuntu.com /usr/bin/cmake --build /home/ubbbb/beidou_robot_ws/build/beidou_gazebo_pose_bridge -- -j18 -l18
[0.326s] DEBUG:colcon.colcon_core.event_handler.log_command:Invoking command in '/home/ubbbb/beidou_robot_ws/build/beidou_interfaces': CMAKE_PREFIX_PATH=${CMAKE_PREFIX_PATH}:/opt/ros/jazzy DEBUGINFOD_URLS=https://debuginfod.ubuntu.com /usr/bin/cmake --build /home/ubbbb/beidou_robot_ws/build/beidou_interfaces -- -j18 -l18
[0.439s] DEBUG:colcon.colcon_core.event_handler.log_command:Invoked command in '/home/ubbbb/beidou_robot_ws/build/beidou_gazebo_pose_bridge' returned '0': CMAKE_PREFIX_PATH=${CMAKE_PREFIX_PATH}:/opt/ros/jazzy DEBUGINFOD_URLS=https://debuginfod.ubuntu.com /usr/bin/cmake --build /home/ubbbb/beidou_robot_ws/build/beidou_gazebo_pose_bridge -- -j18 -l18
[0.457s] DEBUG:colcon.colcon_core.event_handler.log_command:Invoking command in '/home/ubbbb/beidou_robot_ws/build/beidou_gazebo_pose_bridge': CMAKE_PREFIX_PATH=${CMAKE_PREFIX_PATH}:/opt/ros/jazzy DEBUGINFOD_URLS=https://debuginfod.ubuntu.com /usr/bin/cmake --install /home/ubbbb/beidou_robot_ws/build/beidou_gazebo_pose_bridge
[0.492s] Level 1:colcon.colcon_core.environment:create_environment_scripts_only(beidou_gazebo_pose_bridge)
[0.493s] DEBUG:colcon.colcon_core.event_handler.log_command:Invoked command in '/home/ubbbb/beidou_robot_ws/build/beidou_gazebo_pose_bridge' returned '0': CMAKE_PREFIX_PATH=${CMAKE_PREFIX_PATH}:/opt/ros/jazzy DEBUGINFOD_URLS=https://debuginfod.ubuntu.com /usr/bin/cmake --install /home/ubbbb/beidou_robot_ws/build/beidou_gazebo_pose_bridge
[0.496s] Level 1:colcon.colcon_core.environment:checking '/home/ubbbb/beidou_robot_ws/install/beidou_gazebo_pose_bridge' for CMake module files
[0.497s] Level 1:colcon.colcon_core.environment:checking '/home/ubbbb/beidou_robot_ws/install/beidou_gazebo_pose_bridge' for CMake config files
[0.497s] Level 1:colcon.colcon_core.shell:create_environment_hook('beidou_gazebo_pose_bridge', 'cmake_prefix_path')
[0.498s] INFO:colcon.colcon_core.shell:Creating environment hook '/home/ubbbb/beidou_robot_ws/install/beidou_gazebo_pose_bridge/share/beidou_gazebo_pose_bridge/hook/cmake_prefix_path.ps1'
[0.499s] INFO:colcon.colcon_core.shell:Creating environment descriptor '/home/ubbbb/beidou_robot_ws/install/beidou_gazebo_pose_bridge/share/beidou_gazebo_pose_bridge/hook/cmake_prefix_path.dsv'
[0.500s] INFO:colcon.colcon_core.shell:Creating environment hook '/home/ubbbb/beidou_robot_ws/install/beidou_gazebo_pose_bridge/share/beidou_gazebo_pose_bridge/hook/cmake_prefix_path.sh'
[0.501s] Level 1:colcon.colcon_core.environment:checking '/home/ubbbb/beidou_robot_ws/install/beidou_gazebo_pose_bridge/lib'
[0.502s] Level 1:colcon.colcon_core.environment:checking '/home/ubbbb/beidou_robot_ws/install/beidou_gazebo_pose_bridge/bin'
[0.502s] Level 1:colcon.colcon_core.environment:checking '/home/ubbbb/beidou_robot_ws/install/beidou_gazebo_pose_bridge/lib/pkgconfig/beidou_gazebo_pose_bridge.pc'
[0.502s] Level 1:colcon.colcon_core.environment:checking '/home/ubbbb/beidou_robot_ws/install/beidou_gazebo_pose_bridge/lib/python3.12/site-packages'
[0.503s] Level 1:colcon.colcon_core.environment:checking '/home/ubbbb/beidou_robot_ws/install/beidou_gazebo_pose_bridge/bin'
[0.503s] INFO:colcon.colcon_core.shell:Creating package script '/home/ubbbb/beidou_robot_ws/install/beidou_gazebo_pose_bridge/share/beidou_gazebo_pose_bridge/package.ps1'
[0.504s] INFO:colcon.colcon_core.shell:Creating package descriptor '/home/ubbbb/beidou_robot_ws/install/beidou_gazebo_pose_bridge/share/beidou_gazebo_pose_bridge/package.dsv'
[0.505s] INFO:colcon.colcon_core.shell:Creating package script '/home/ubbbb/beidou_robot_ws/install/beidou_gazebo_pose_bridge/share/beidou_gazebo_pose_bridge/package.sh'
[0.506s] INFO:colcon.colcon_core.shell:Creating package script '/home/ubbbb/beidou_robot_ws/install/beidou_gazebo_pose_bridge/share/beidou_gazebo_pose_bridge/package.bash'
[0.506s] INFO:colcon.colcon_core.shell:Creating package script '/home/ubbbb/beidou_robot_ws/install/beidou_gazebo_pose_bridge/share/beidou_gazebo_pose_bridge/package.zsh'
[0.507s] Level 1:colcon.colcon_core.environment:create_file_with_runtime_dependencies(/home/ubbbb/beidou_robot_ws/install/beidou_gazebo_pose_bridge/share/colcon-core/packages/beidou_gazebo_pose_bridge)
[0.508s] Level 1:colcon.colcon_core.environment:create_environment_scripts_only(beidou_gazebo_pose_bridge)
[0.508s] Level 1:colcon.colcon_core.environment:checking '/home/ubbbb/beidou_robot_ws/install/beidou_gazebo_pose_bridge' for CMake module files
[0.509s] Level 1:colcon.colcon_core.environment:checking '/home/ubbbb/beidou_robot_ws/install/beidou_gazebo_pose_bridge' for CMake config files
[0.509s] Level 1:colcon.colcon_core.shell:create_environment_hook('beidou_gazebo_pose_bridge', 'cmake_prefix_path')
[0.509s] INFO:colcon.colcon_core.shell:Creating environment hook '/home/ubbbb/beidou_robot_ws/install/beidou_gazebo_pose_bridge/share/beidou_gazebo_pose_bridge/hook/cmake_prefix_path.ps1'
[0.510s] INFO:colcon.colcon_core.shell:Creating environment descriptor '/home/ubbbb/beidou_robot_ws/install/beidou_gazebo_pose_bridge/share/beidou_gazebo_pose_bridge/hook/cmake_prefix_path.dsv'
[0.510s] INFO:colcon.colcon_core.shell:Creating environment hook '/home/ubbbb/beidou_robot_ws/install/beidou_gazebo_pose_bridge/share/beidou_gazebo_pose_bridge/hook/cmake_prefix_path.sh'
[0.511s] Level 1:colcon.colcon_core.environment:checking '/home/ubbbb/beidou_robot_ws/install/beidou_gazebo_pose_bridge/lib'
[0.511s] Level 1:colcon.colcon_core.environment:checking '/home/ubbbb/beidou_robot_ws/install/beidou_gazebo_pose_bridge/bin'
[0.511s] Level 1:colcon.colcon_core.environment:checking '/home/ubbbb/beidou_robot_ws/install/beidou_gazebo_pose_bridge/lib/pkgconfig/beidou_gazebo_pose_bridge.pc'
[0.511s] Level 1:colcon.colcon_core.environment:checking '/home/ubbbb/beidou_robot_ws/install/beidou_gazebo_pose_bridge/lib/python3.12/site-packages'
[0.512s] Level 1:colcon.colcon_core.environment:checking '/home/ubbbb/beidou_robot_ws/install/beidou_gazebo_pose_bridge/bin'
[0.512s] INFO:colcon.colcon_core.shell:Creating package script '/home/ubbbb/beidou_robot_ws/install/beidou_gazebo_pose_bridge/share/beidou_gazebo_pose_bridge/package.ps1'
[0.512s] INFO:colcon.colcon_core.shell:Creating package descriptor '/home/ubbbb/beidou_robot_ws/install/beidou_gazebo_pose_bridge/share/beidou_gazebo_pose_bridge/package.dsv'
[0.513s] INFO:colcon.colcon_core.shell:Creating package script '/home/ubbbb/beidou_robot_ws/install/beidou_gazebo_pose_bridge/share/beidou_gazebo_pose_bridge/package.sh'
[0.513s] INFO:colcon.colcon_core.shell:Creating package script '/home/ubbbb/beidou_robot_ws/install/beidou_gazebo_pose_bridge/share/beidou_gazebo_pose_bridge/package.bash'
[0.514s] INFO:colcon.colcon_core.shell:Creating package script '/home/ubbbb/beidou_robot_ws/install/beidou_gazebo_pose_bridge/share/beidou_gazebo_pose_bridge/package.zsh'
[0.514s] Level 1:colcon.colcon_core.environment:create_file_with_runtime_dependencies(/home/ubbbb/beidou_robot_ws/install/beidou_gazebo_pose_bridge/share/colcon-core/packages/beidou_gazebo_pose_bridge)
[0.828s] DEBUG:colcon.colcon_core.event_handler.log_command:Invoked command in '/home/ubbbb/beidou_robot_ws/build/beidou_interfaces' returned '0': CMAKE_PREFIX_PATH=${CMAKE_PREFIX_PATH}:/opt/ros/jazzy DEBUGINFOD_URLS=https://debuginfod.ubuntu.com /usr/bin/cmake --build /home/ubbbb/beidou_robot_ws/build/beidou_interfaces -- -j18 -l18
[0.829s] DEBUG:colcon.colcon_core.event_handler.log_command:Invoking command in '/home/ubbbb/beidou_robot_ws/build/beidou_interfaces': CMAKE_PREFIX_PATH=${CMAKE_PREFIX_PATH}:/opt/ros/jazzy DEBUGINFOD_URLS=https://debuginfod.ubuntu.com /usr/bin/cmake --install /home/ubbbb/beidou_robot_ws/build/beidou_interfaces
[0.943s] Level 1:colcon.colcon_core.environment:create_environment_scripts_only(beidou_interfaces)
[0.944s] Level 1:colcon.colcon_core.environment:checking '/home/ubbbb/beidou_robot_ws/install/beidou_interfaces' for CMake module files
[0.945s] DEBUG:colcon.colcon_core.event_handler.log_command:Invoked command in '/home/ubbbb/beidou_robot_ws/build/beidou_interfaces' returned '0': CMAKE_PREFIX_PATH=${CMAKE_PREFIX_PATH}:/opt/ros/jazzy DEBUGINFOD_URLS=https://debuginfod.ubuntu.com /usr/bin/cmake --install /home/ubbbb/beidou_robot_ws/build/beidou_interfaces
[0.946s] Level 1:colcon.colcon_core.environment:checking '/home/ubbbb/beidou_robot_ws/install/beidou_interfaces' for CMake config files
[0.946s] Level 1:colcon.colcon_core.shell:create_environment_hook('beidou_interfaces', 'cmake_prefix_path')
[0.947s] INFO:colcon.colcon_core.shell:Creating environment hook '/home/ubbbb/beidou_robot_ws/install/beidou_interfaces/share/beidou_interfaces/hook/cmake_prefix_path.ps1'
[0.947s] INFO:colcon.colcon_core.shell:Creating environment descriptor '/home/ubbbb/beidou_robot_ws/install/beidou_interfaces/share/beidou_interfaces/hook/cmake_prefix_path.dsv'
[0.948s] INFO:colcon.colcon_core.shell:Creating environment hook '/home/ubbbb/beidou_robot_ws/install/beidou_interfaces/share/beidou_interfaces/hook/cmake_prefix_path.sh'
[0.949s] Level 1:colcon.colcon_core.environment:checking '/home/ubbbb/beidou_robot_ws/install/beidou_interfaces/lib'
[0.949s] Level 1:colcon.colcon_core.shell:create_environment_hook('beidou_interfaces', 'ld_library_path_lib')
[0.949s] INFO:colcon.colcon_core.shell:Creating environment hook '/home/ubbbb/beidou_robot_ws/install/beidou_interfaces/share/beidou_interfaces/hook/ld_library_path_lib.ps1'
[0.950s] INFO:colcon.colcon_core.shell:Creating environment descriptor '/home/ubbbb/beidou_robot_ws/install/beidou_interfaces/share/beidou_interfaces/hook/ld_library_path_lib.dsv'
[0.950s] INFO:colcon.colcon_core.shell:Creating environment hook '/home/ubbbb/beidou_robot_ws/install/beidou_interfaces/share/beidou_interfaces/hook/ld_library_path_lib.sh'
[0.950s] Level 1:colcon.colcon_core.environment:checking '/home/ubbbb/beidou_robot_ws/install/beidou_interfaces/bin'
[0.951s] Level 1:colcon.colcon_core.environment:checking '/home/ubbbb/beidou_robot_ws/install/beidou_interfaces/lib/pkgconfig/beidou_interfaces.pc'
[0.951s] Level 1:colcon.colcon_core.environment:checking '/home/ubbbb/beidou_robot_ws/install/beidou_interfaces/lib/python3.12/site-packages'
[0.951s] Level 1:colcon.colcon_core.shell:create_environment_hook('beidou_interfaces', 'pythonpath')
[0.951s] INFO:colcon.colcon_core.shell:Creating environment hook '/home/ubbbb/beidou_robot_ws/install/beidou_interfaces/share/beidou_interfaces/hook/pythonpath.ps1'
[0.952s] INFO:colcon.colcon_core.shell:Creating environment descriptor '/home/ubbbb/beidou_robot_ws/install/beidou_interfaces/share/beidou_interfaces/hook/pythonpath.dsv'
[0.952s] INFO:colcon.colcon_core.shell:Creating environment hook '/home/ubbbb/beidou_robot_ws/install/beidou_interfaces/share/beidou_interfaces/hook/pythonpath.sh'
[0.953s] Level 1:colcon.colcon_core.environment:checking '/home/ubbbb/beidou_robot_ws/install/beidou_interfaces/bin'
[0.953s] INFO:colcon.colcon_core.shell:Creating package script '/home/ubbbb/beidou_robot_ws/install/beidou_interfaces/share/beidou_interfaces/package.ps1'
[0.954s] INFO:colcon.colcon_core.shell:Creating package descriptor '/home/ubbbb/beidou_robot_ws/install/beidou_interfaces/share/beidou_interfaces/package.dsv'
[0.955s] INFO:colcon.colcon_core.shell:Creating package script '/home/ubbbb/beidou_robot_ws/install/beidou_interfaces/share/beidou_interfaces/package.sh'
[0.955s] INFO:colcon.colcon_core.shell:Creating package script '/home/ubbbb/beidou_robot_ws/install/beidou_interfaces/share/beidou_interfaces/package.bash'
[0.956s] INFO:colcon.colcon_core.shell:Creating package script '/home/ubbbb/beidou_robot_ws/install/beidou_interfaces/share/beidou_interfaces/package.zsh'
[0.956s] Level 1:colcon.colcon_core.environment:create_file_with_runtime_dependencies(/home/ubbbb/beidou_robot_ws/install/beidou_interfaces/share/colcon-core/packages/beidou_interfaces)
[0.957s] Level 1:colcon.colcon_core.environment:create_environment_scripts_only(beidou_interfaces)
[0.957s] Level 1:colcon.colcon_core.environment:checking '/home/ubbbb/beidou_robot_ws/install/beidou_interfaces' for CMake module files
[0.958s] Level 1:colcon.colcon_core.environment:checking '/home/ubbbb/beidou_robot_ws/install/beidou_interfaces' for CMake config files
[0.958s] Level 1:colcon.colcon_core.shell:create_environment_hook('beidou_interfaces', 'cmake_prefix_path')
[0.958s] INFO:colcon.colcon_core.shell:Creating environment hook '/home/ubbbb/beidou_robot_ws/install/beidou_interfaces/share/beidou_interfaces/hook/cmake_prefix_path.ps1'
[0.959s] INFO:colcon.colcon_core.shell:Creating environment descriptor '/home/ubbbb/beidou_robot_ws/install/beidou_interfaces/share/beidou_interfaces/hook/cmake_prefix_path.dsv'
[0.960s] INFO:colcon.colcon_core.shell:Creating environment hook '/home/ubbbb/beidou_robot_ws/install/beidou_interfaces/share/beidou_interfaces/hook/cmake_prefix_path.sh'
[0.960s] Level 1:colcon.colcon_core.environment:checking '/home/ubbbb/beidou_robot_ws/install/beidou_interfaces/lib'
[0.960s] Level 1:colcon.colcon_core.shell:create_environment_hook('beidou_interfaces', 'ld_library_path_lib')
[0.961s] INFO:colcon.colcon_core.shell:Creating environment hook '/home/ubbbb/beidou_robot_ws/install/beidou_interfaces/share/beidou_interfaces/hook/ld_library_path_lib.ps1'
[0.961s] INFO:colcon.colcon_core.shell:Creating environment descriptor '/home/ubbbb/beidou_robot_ws/install/beidou_interfaces/share/beidou_interfaces/hook/ld_library_path_lib.dsv'
[0.961s] INFO:colcon.colcon_core.shell:Creating environment hook '/home/ubbbb/beidou_robot_ws/install/beidou_interfaces/share/beidou_interfaces/hook/ld_library_path_lib.sh'
[0.962s] Level 1:colcon.colcon_core.environment:checking '/home/ubbbb/beidou_robot_ws/install/beidou_interfaces/bin'
[0.962s] Level 1:colcon.colcon_core.environment:checking '/home/ubbbb/beidou_robot_ws/install/beidou_interfaces/lib/pkgconfig/beidou_interfaces.pc'
[0.962s] Level 1:colcon.colcon_core.environment:checking '/home/ubbbb/beidou_robot_ws/install/beidou_interfaces/lib/python3.12/site-packages'
[0.962s] Level 1:colcon.colcon_core.shell:create_environment_hook('beidou_interfaces', 'pythonpath')
[0.962s] INFO:colcon.colcon_core.shell:Creating environment hook '/home/ubbbb/beidou_robot_ws/install/beidou_interfaces/share/beidou_interfaces/hook/pythonpath.ps1'
[0.963s] INFO:colcon.colcon_core.shell:Creating environment descriptor '/home/ubbbb/beidou_robot_ws/install/beidou_interfaces/share/beidou_interfaces/hook/pythonpath.dsv'
[0.963s] INFO:colcon.colcon_core.shell:Creating environment hook '/home/ubbbb/beidou_robot_ws/install/beidou_interfaces/share/beidou_interfaces/hook/pythonpath.sh'
[0.964s] Level 1:colcon.colcon_core.environment:checking '/home/ubbbb/beidou_robot_ws/install/beidou_interfaces/bin'
[0.964s] INFO:colcon.colcon_core.shell:Creating package script '/home/ubbbb/beidou_robot_ws/install/beidou_interfaces/share/beidou_interfaces/package.ps1'
[0.965s] INFO:colcon.colcon_core.shell:Creating package descriptor '/home/ubbbb/beidou_robot_ws/install/beidou_interfaces/share/beidou_interfaces/package.dsv'
[0.965s] INFO:colcon.colcon_core.shell:Creating package script '/home/ubbbb/beidou_robot_ws/install/beidou_interfaces/share/beidou_interfaces/package.sh'
[0.966s] INFO:colcon.colcon_core.shell:Creating package script '/home/ubbbb/beidou_robot_ws/install/beidou_interfaces/share/beidou_interfaces/package.bash'
[0.966s] INFO:colcon.colcon_core.shell:Creating package script '/home/ubbbb/beidou_robot_ws/install/beidou_interfaces/share/beidou_interfaces/package.zsh'
[0.967s] Level 1:colcon.colcon_core.environment:create_file_with_runtime_dependencies(/home/ubbbb/beidou_robot_ws/install/beidou_interfaces/share/colcon-core/packages/beidou_interfaces)
[0.967s] INFO:colcon.colcon_ros.task.ament_python.build:Building ROS package in '/home/ubbbb/beidou_robot_ws/src/beidou_gazebo' with build type 'ament_python'
[0.967s] Level 1:colcon.colcon_core.shell:create_environment_hook('beidou_gazebo', 'ament_prefix_path')
[0.967s] INFO:colcon.colcon_core.shell:Creating environment hook '/home/ubbbb/beidou_robot_ws/install/beidou_gazebo/share/beidou_gazebo/hook/ament_prefix_path.ps1'
[0.968s] INFO:colcon.colcon_core.shell:Creating environment descriptor '/home/ubbbb/beidou_robot_ws/install/beidou_gazebo/share/beidou_gazebo/hook/ament_prefix_path.dsv'
[0.968s] INFO:colcon.colcon_core.shell:Creating environment hook '/home/ubbbb/beidou_robot_ws/install/beidou_gazebo/share/beidou_gazebo/hook/ament_prefix_path.sh'
[0.969s] INFO:colcon.colcon_core.shell:Skip shell extension 'powershell' for command environment: Not usable outside of PowerShell
[0.969s] DEBUG:colcon.colcon_core.shell:Skip shell extension 'dsv' for command environment
[1.215s] INFO:colcon.colcon_core.task.python.build:Building Python package in '/home/ubbbb/beidou_robot_ws/src/beidou_gazebo'
[1.215s] INFO:colcon.colcon_core.shell:Skip shell extension 'powershell' for command environment: Not usable outside of PowerShell
[1.215s] DEBUG:colcon.colcon_core.shell:Skip shell extension 'dsv' for command environment
[1.817s] DEBUG:colcon.colcon_core.task.python.build:Available setuptools commands: bdist, develop, update_catalog, alias, symlink_data, build_py, clean, test, install_data, init_catalog, build_ext, build_clib, check, install_lib, saveopts, dist_info, sdist, editable_wheel, rotate, setopt, register, upload_docs, bdist_egg, easy_install, bdist_rpm, bdist_dumb, upload, build, build_scripts, install_headers, install_scripts, install_egg_info, install, compile_catalog, extract_messages, egg_info
[2.133s] DEBUG:colcon.colcon_core.task.python.build:Available setuptools 'develop' options: --record, --dry-run, --no-deps, --install-layout, --find-links, --upgrade, --egg-path, --always-copy, --install-dir, --multi-version, --zip-ok, --uninstall, --always-unzip, --prefix, --allow-hosts, --force-installation-into-system-dir, --local-snapshots-ok, --quiet, --script-dir, --index-url, --build-directory, --no-user-cfg, --site-dirs, --exclude-scripts, --no-find-links, --verbose, --help, --optimize, --editable, --version, --user
[2.135s] DEBUG:colcon.colcon_core.event_handler.log_command:Invoking command in '/home/ubbbb/beidou_robot_ws/build/beidou_gazebo': AMENT_PREFIX_PATH=/home/ubbbb/beidou_robot_ws/install/beidou_interfaces:/home/ubbbb/beidou_robot_ws/install/beidou_gazebo_pose_bridge:${AMENT_PREFIX_PATH} CMAKE_PREFIX_PATH=/home/ubbbb/beidou_robot_ws/install/beidou_interfaces:/home/ubbbb/beidou_robot_ws/install/beidou_gazebo_pose_bridge:${CMAKE_PREFIX_PATH} DEBUGINFOD_URLS=https://debuginfod.ubuntu.com LD_LIBRARY_PATH=/home/ubbbb/beidou_robot_ws/install/beidou_interfaces/lib:${LD_LIBRARY_PATH} PYTHONPATH=/home/ubbbb/beidou_robot_ws/build/beidou_gazebo/prefix_override:/usr/lib/python3/dist-packages/colcon_core/task/python/colcon_distutils_commands:/home/ubbbb/beidou_robot_ws/install/beidou_gazebo/lib/python3.12/site-packages:/home/ubbbb/beidou_robot_ws/install/beidou_interfaces/lib/python3.12/site-packages:${PYTHONPATH} /usr/bin/python3 -W ignore:setup.py install is deprecated -W ignore:easy_install command is deprecated setup.py develop --editable --build-directory /home/ubbbb/beidou_robot_ws/build/beidou_gazebo/build --no-deps symlink_data
[2.797s] Level 1:colcon.colcon_core.shell:create_environment_hook('beidou_gazebo', 'pythonpath_develop')
[2.798s] INFO:colcon.colcon_core.shell:Creating environment hook '/home/ubbbb/beidou_robot_ws/build/beidou_gazebo/share/beidou_gazebo/hook/pythonpath_develop.ps1'
[2.799s] DEBUG:colcon.colcon_core.event_handler.log_command:Invoked command in '/home/ubbbb/beidou_robot_ws/build/beidou_gazebo' returned '0': AMENT_PREFIX_PATH=/home/ubbbb/beidou_robot_ws/install/beidou_interfaces:/home/ubbbb/beidou_robot_ws/install/beidou_gazebo_pose_bridge:${AMENT_PREFIX_PATH} CMAKE_PREFIX_PATH=/home/ubbbb/beidou_robot_ws/install/beidou_interfaces:/home/ubbbb/beidou_robot_ws/install/beidou_gazebo_pose_bridge:${CMAKE_PREFIX_PATH} DEBUGINFOD_URLS=https://debuginfod.ubuntu.com LD_LIBRARY_PATH=/home/ubbbb/beidou_robot_ws/install/beidou_interfaces/lib:${LD_LIBRARY_PATH} PYTHONPATH=/home/ubbbb/beidou_robot_ws/build/beidou_gazebo/prefix_override:/usr/lib/python3/dist-packages/colcon_core/task/python/colcon_distutils_commands:/home/ubbbb/beidou_robot_ws/install/beidou_gazebo/lib/python3.12/site-packages:/home/ubbbb/beidou_robot_ws/install/beidou_interfaces/lib/python3.12/site-packages:${PYTHONPATH} /usr/bin/python3 -W ignore:setup.py install is deprecated -W ignore:easy_install command is deprecated setup.py develop --editable --build-directory /home/ubbbb/beidou_robot_ws/build/beidou_gazebo/build --no-deps symlink_data
[2.799s] INFO:colcon.colcon_core.shell:Creating environment descriptor '/home/ubbbb/beidou_robot_ws/build/beidou_gazebo/share/beidou_gazebo/hook/pythonpath_develop.dsv'
[2.800s] INFO:colcon.colcon_core.shell:Creating environment hook '/home/ubbbb/beidou_robot_ws/build/beidou_gazebo/share/beidou_gazebo/hook/pythonpath_develop.sh'
[2.801s] Level 1:colcon.colcon_core.environment:checking '/home/ubbbb/beidou_robot_ws/install/beidou_gazebo' for CMake module files
[2.801s] Level 1:colcon.colcon_core.environment:checking '/home/ubbbb/beidou_robot_ws/install/beidou_gazebo' for CMake config files
[2.802s] Level 1:colcon.colcon_core.environment:checking '/home/ubbbb/beidou_robot_ws/install/beidou_gazebo/lib'
[2.802s] Level 1:colcon.colcon_core.environment:checking '/home/ubbbb/beidou_robot_ws/install/beidou_gazebo/bin'
[2.802s] Level 1:colcon.colcon_core.environment:checking '/home/ubbbb/beidou_robot_ws/install/beidou_gazebo/lib/pkgconfig/beidou_gazebo.pc'
[2.803s] Level 1:colcon.colcon_core.environment:checking '/home/ubbbb/beidou_robot_ws/install/beidou_gazebo/lib/python3.12/site-packages'
[2.803s] Level 1:colcon.colcon_core.shell:create_environment_hook('beidou_gazebo', 'pythonpath')
[2.803s] INFO:colcon.colcon_core.shell:Creating environment hook '/home/ubbbb/beidou_robot_ws/install/beidou_gazebo/share/beidou_gazebo/hook/pythonpath.ps1'
[2.804s] INFO:colcon.colcon_core.shell:Creating environment descriptor '/home/ubbbb/beidou_robot_ws/install/beidou_gazebo/share/beidou_gazebo/hook/pythonpath.dsv'
[2.804s] INFO:colcon.colcon_core.shell:Creating environment hook '/home/ubbbb/beidou_robot_ws/install/beidou_gazebo/share/beidou_gazebo/hook/pythonpath.sh'
[2.805s] Level 1:colcon.colcon_core.environment:checking '/home/ubbbb/beidou_robot_ws/install/beidou_gazebo/bin'
[2.805s] Level 1:colcon.colcon_core.environment:create_environment_scripts_only(beidou_gazebo)
[2.805s] INFO:colcon.colcon_core.shell:Creating package script '/home/ubbbb/beidou_robot_ws/install/beidou_gazebo/share/beidou_gazebo/package.ps1'
[2.806s] INFO:colcon.colcon_core.shell:Creating package descriptor '/home/ubbbb/beidou_robot_ws/install/beidou_gazebo/share/beidou_gazebo/package.dsv'
[2.806s] INFO:colcon.colcon_core.shell:Creating package script '/home/ubbbb/beidou_robot_ws/install/beidou_gazebo/share/beidou_gazebo/package.sh'
[2.807s] INFO:colcon.colcon_core.shell:Creating package script '/home/ubbbb/beidou_robot_ws/install/beidou_gazebo/share/beidou_gazebo/package.bash'
[2.807s] INFO:colcon.colcon_core.shell:Creating package script '/home/ubbbb/beidou_robot_ws/install/beidou_gazebo/share/beidou_gazebo/package.zsh'
[2.808s] Level 1:colcon.colcon_core.environment:create_file_with_runtime_dependencies(/home/ubbbb/beidou_robot_ws/install/beidou_gazebo/share/colcon-core/packages/beidou_gazebo)
[2.808s] DEBUG:colcon.colcon_parallel_executor.executor.parallel:closing loop
[2.808s] DEBUG:colcon.colcon_parallel_executor.executor.parallel:loop closed
[2.808s] DEBUG:colcon.colcon_parallel_executor.executor.parallel:run_until_complete finished with '0'
[2.809s] DEBUG:colcon.colcon_core.event_reactor:joining thread
[2.817s] INFO:colcon.colcon_core.plugin_system:Skipping extension 'colcon_notification.desktop_notification.terminal_notifier': Not used on non-Darwin systems
[2.817s] INFO:colcon.colcon_core.plugin_system:Skipping extension 'colcon_notification.desktop_notification.win32': Not used on non-Windows systems
[2.817s] INFO:colcon.colcon_notification.desktop_notification:Sending desktop notification using 'notify2'
[2.842s] DEBUG:colcon.colcon_core.event_reactor:joined thread
[2.842s] INFO:colcon.colcon_core.shell:Creating prefix script '/home/ubbbb/beidou_robot_ws/install/local_setup.ps1'
[2.844s] INFO:colcon.colcon_core.shell:Creating prefix util module '/home/ubbbb/beidou_robot_ws/install/_local_setup_util_ps1.py'
[2.845s] INFO:colcon.colcon_core.shell:Creating prefix chain script '/home/ubbbb/beidou_robot_ws/install/setup.ps1'
[2.846s] INFO:colcon.colcon_core.shell:Creating prefix script '/home/ubbbb/beidou_robot_ws/install/local_setup.sh'
[2.847s] INFO:colcon.colcon_core.shell:Creating prefix util module '/home/ubbbb/beidou_robot_ws/install/_local_setup_util_sh.py'
[2.848s] INFO:colcon.colcon_core.shell:Creating prefix chain script '/home/ubbbb/beidou_robot_ws/install/setup.sh'
[2.849s] INFO:colcon.colcon_core.shell:Creating prefix script '/home/ubbbb/beidou_robot_ws/install/local_setup.bash'
[2.849s] INFO:colcon.colcon_core.shell:Creating prefix chain script '/home/ubbbb/beidou_robot_ws/install/setup.bash'
[2.850s] INFO:colcon.colcon_core.shell:Creating prefix script '/home/ubbbb/beidou_robot_ws/install/local_setup.zsh'
[2.851s] INFO:colcon.colcon_core.shell:Creating prefix chain script '/home/ubbbb/beidou_robot_ws/install/setup.zsh'
