[0.062s] DEBUG:colcon:Command line arguments: ['/usr/bin/colcon', 'build', '--symlink-install']
[0.062s] DEBUG:colcon:Parsed command line arguments: Namespace(log_base=None, log_level=None, verb_name='build', build_base='build', install_base='install', merge_install=False, symlink_install=True, test_result_base=None, continue_on_error=False, executor='parallel', parallel_workers=18, event_handlers=None, ignore_user_meta=False, metas=['./colcon.meta'], base_paths=['.'], packages_ignore=None, packages_ignore_regex=None, paths=None, packages_up_to=None, packages_up_to_regex=None, packages_above=None, packages_above_and_dependencies=None, packages_above_depth=None, packages_select_by_dep=None, packages_skip_by_dep=None, packages_skip_up_to=None, packages_select_build_failed=False, packages_skip_build_finished=False, packages_select_test_failures=False, packages_skip_test_passed=False, packages_select=None, packages_skip=None, packages_select_regex=None, packages_skip_regex=None, packages_start=None, packages_end=None, allow_overriding=[], cmake_args=None, cmake_target=None, cmake_target_skip_unavailable=False, cmake_clean_cache=False, cmake_clean_first=False, cmake_force_configure=False, ament_cmake_args=None, catkin_cmake_args=None, catkin_skip_building_tests=False, verb_parser=<colcon_defaults.argument_parser.defaults.DefaultArgumentsDecorator object at 0x7348ce66d8e0>, verb_extension=<colcon_core.verb.build.BuildVerb object at 0x7348ce7966c0>, main=<bound method BuildVerb.main of <colcon_core.verb.build.BuildVerb object at 0x7348ce7966c0>>)
[0.085s] Level 1:colcon.colcon_core.package_discovery:discover_packages(colcon_meta) check parameters
[0.085s] Level 1:colcon.colcon_core.package_discovery:discover_packages(recursive) check parameters
[0.085s] Level 1:colcon.colcon_core.package_discovery:discover_packages(ignore) check parameters
[0.085s] Level 1:colcon.colcon_core.package_discovery:discover_packages(path) check parameters
[0.085s] Level 1:colcon.colcon_core.package_discovery:discover_packages(colcon_meta) discover
[0.085s] Level 1:colcon.colcon_core.package_discovery:discover_packages(recursive) discover
[0.085s] INFO:colcon.colcon_core.package_discovery:Crawling recursively for packages in '/home/ubbbb/beidou_robot_ws'
[0.085s] Level 1:colcon.colcon_core.package_identification:_identify(.) by extensions ['ignore', 'ignore_ament_install']
[0.085s] Level 1:colcon.colcon_core.package_identification:_identify(.) by extension 'ignore'
[0.085s] Level 1:colcon.colcon_core.package_identification:_identify(.) by extension 'ignore_ament_install'
[0.086s] Level 1:colcon.colcon_core.package_identification:_identify(.) by extensions ['colcon_pkg']
[0.086s] Level 1:colcon.colcon_core.package_identification:_identify(.) by extension 'colcon_pkg'
[0.086s] Level 1:colcon.colcon_core.package_identification:_identify(.) by extensions ['colcon_meta']
[0.086s] Level 1:colcon.colcon_core.package_identification:_identify(.) by extension 'colcon_meta'
[0.086s] Level 1:colcon.colcon_core.package_identification:_identify(.) by extensions ['ros']
[0.086s] Level 1:colcon.colcon_core.package_identification:_identify(.) by extension 'ros'
[0.104s] Level 1:colcon.colcon_core.package_identification:_identify(.) by extensions ['cmake', 'python']
[0.104s] Level 1:colcon.colcon_core.package_identification:_identify(.) by extension 'cmake'
[0.104s] Level 1:colcon.colcon_core.package_identification:_identify(.) by extension 'python'
[0.104s] Level 1:colcon.colcon_core.package_identification:_identify(.) by extensions ['python_setup_py']
[0.104s] Level 1:colcon.colcon_core.package_identification:_identify(.) by extension 'python_setup_py'
[0.104s] Level 1:colcon.colcon_core.package_identification:_identify(build) by extensions ['ignore', 'ignore_ament_install']
[0.104s] Level 1:colcon.colcon_core.package_identification:_identify(build) by extension 'ignore'
[0.104s] Level 1:colcon.colcon_core.package_identification:_identify(build) ignored
[0.104s] Level 1:colcon.colcon_core.package_identification:_identify(install) by extensions ['ignore', 'ignore_ament_install']
[0.104s] Level 1:colcon.colcon_core.package_identification:_identify(install) by extension 'ignore'
[0.104s] Level 1:colcon.colcon_core.package_identification:_identify(install) ignored
[0.104s] Level 1:colcon.colcon_core.package_identification:_identify(log) by extensions ['ignore', 'ignore_ament_install']
[0.104s] Level 1:colcon.colcon_core.package_identification:_identify(log) by extension 'ignore'
[0.104s] Level 1:colcon.colcon_core.package_identification:_identify(log) ignored
[0.104s] Level 1:colcon.colcon_core.package_identification:_identify(src) by extensions ['ignore', 'ignore_ament_install']
[0.104s] Level 1:colcon.colcon_core.package_identification:_identify(src) by extension 'ignore'
[0.104s] Level 1:colcon.colcon_core.package_identification:_identify(src) by extension 'ignore_ament_install'
[0.104s] Level 1:colcon.colcon_core.package_identification:_identify(src) by extensions ['colcon_pkg']
[0.104s] Level 1:colcon.colcon_core.package_identification:_identify(src) by extension 'colcon_pkg'
[0.104s] Level 1:colcon.colcon_core.package_identification:_identify(src) by extensions ['colcon_meta']
[0.104s] Level 1:colcon.colcon_core.package_identification:_identify(src) by extension 'colcon_meta'
[0.104s] Level 1:colcon.colcon_core.package_identification:_identify(src) by extensions ['ros']
[0.104s] Level 1:colcon.colcon_core.package_identification:_identify(src) by extension 'ros'
[0.104s] Level 1:colcon.colcon_core.package_identification:_identify(src) by extensions ['cmake', 'python']
[0.104s] Level 1:colcon.colcon_core.package_identification:_identify(src) by extension 'cmake'
[0.104s] Level 1:colcon.colcon_core.package_identification:_identify(src) by extension 'python'
[0.104s] Level 1:colcon.colcon_core.package_identification:_identify(src) by extensions ['python_setup_py']
[0.104s] Level 1:colcon.colcon_core.package_identification:_identify(src) by extension 'python_setup_py'
[0.104s] Level 1:colcon.colcon_core.package_identification:_identify(src/beidou_gazebo) by extensions ['ignore', 'ignore_ament_install']
[0.104s] Level 1:colcon.colcon_core.package_identification:_identify(src/beidou_gazebo) by extension 'ignore'
[0.105s] Level 1:colcon.colcon_core.package_identification:_identify(src/beidou_gazebo) by extension 'ignore_ament_install'
[0.105s] Level 1:colcon.colcon_core.package_identification:_identify(src/beidou_gazebo) by extensions ['colcon_pkg']
[0.105s] Level 1:colcon.colcon_core.package_identification:_identify(src/beidou_gazebo) by extension 'colcon_pkg'
[0.105s] Level 1:colcon.colcon_core.package_identification:_identify(src/beidou_gazebo) by extensions ['colcon_meta']
[0.105s] Level 1:colcon.colcon_core.package_identification:_identify(src/beidou_gazebo) by extension 'colcon_meta'
[0.105s] Level 1:colcon.colcon_core.package_identification:_identify(src/beidou_gazebo) by extensions ['ros']
[0.105s] Level 1:colcon.colcon_core.package_identification:_identify(src/beidou_gazebo) by extension 'ros'
[0.106s] DEBUG:colcon.colcon_core.package_identification:Package 'src/beidou_gazebo' with type 'ros.ament_python' and name 'beidou_gazebo'
[0.106s] Level 1:colcon.colcon_core.package_discovery:discover_packages(recursive) using defaults
[0.106s] Level 1:colcon.colcon_core.package_discovery:discover_packages(ignore) discover
[0.106s] Level 1:colcon.colcon_core.package_discovery:discover_packages(ignore) using defaults
[0.106s] Level 1:colcon.colcon_core.package_discovery:discover_packages(path) discover
[0.107s] Level 1:colcon.colcon_core.package_discovery:discover_packages(path) using defaults
[0.117s] Level 1:colcon.colcon_core.package_discovery:discover_packages(prefix_path) check parameters
[0.117s] Level 1:colcon.colcon_core.package_discovery:discover_packages(prefix_path) discover
[0.119s] DEBUG:colcon.colcon_installed_package_information.package_discovery:Found 340 installed packages in /opt/ros/jazzy
[0.119s] Level 1:colcon.colcon_core.package_discovery:discover_packages(prefix_path) using defaults
[0.144s] Level 5:colcon.colcon_core.verb:set package 'beidou_gazebo' build argument 'cmake_args' from command line to 'None'
[0.144s] Level 5:colcon.colcon_core.verb:set package 'beidou_gazebo' build argument 'cmake_target' from command line to 'None'
[0.144s] Level 5:colcon.colcon_core.verb:set package 'beidou_gazebo' build argument 'cmake_target_skip_unavailable' from command line to 'False'
[0.144s] Level 5:colcon.colcon_core.verb:set package 'beidou_gazebo' build argument 'cmake_clean_cache' from command line to 'False'
[0.144s] Level 5:colcon.colcon_core.verb:set package 'beidou_gazebo' build argument 'cmake_clean_first' from command line to 'False'
[0.144s] Level 5:colcon.colcon_core.verb:set package 'beidou_gazebo' build argument 'cmake_force_configure' from command line to 'False'
[0.144s] Level 5:colcon.colcon_core.verb:set package 'beidou_gazebo' build argument 'ament_cmake_args' from command line to 'None'
[0.144s] Level 5:colcon.colcon_core.verb:set package 'beidou_gazebo' build argument 'catkin_cmake_args' from command line to 'None'
[0.144s] Level 5:colcon.colcon_core.verb:set package 'beidou_gazebo' build argument 'catkin_skip_building_tests' from command line to 'False'
[0.144s] DEBUG:colcon.colcon_core.verb:Building package 'beidou_gazebo' with the following arguments: {'ament_cmake_args': None, 'build_base': '/home/ubbbb/beidou_robot_ws/build/beidou_gazebo', 'catkin_cmake_args': None, 'catkin_skip_building_tests': False, 'cmake_args': None, 'cmake_clean_cache': False, 'cmake_clean_first': False, 'cmake_force_configure': False, 'cmake_target': None, 'cmake_target_skip_unavailable': False, 'install_base': '/home/ubbbb/beidou_robot_ws/install/beidou_gazebo', 'merge_install': False, 'path': '/home/ubbbb/beidou_robot_ws/src/beidou_gazebo', 'symlink_install': True, 'test_result_base': None}
[0.144s] INFO:colcon.colcon_core.executor:Executing jobs using 'parallel' executor
[0.145s] DEBUG:colcon.colcon_parallel_executor.executor.parallel:run_until_complete
[0.145s] INFO:colcon.colcon_ros.task.ament_python.build:Building ROS package in '/home/ubbbb/beidou_robot_ws/src/beidou_gazebo' with build type 'ament_python'
[0.145s] Level 1:colcon.colcon_core.shell:create_environment_hook('beidou_gazebo', 'ament_prefix_path')
[0.147s] INFO:colcon.colcon_core.plugin_system:Skipping extension 'colcon_core.shell.bat': Not used on non-Windows systems
[0.147s] INFO:colcon.colcon_core.shell:Creating environment hook '/home/ubbbb/beidou_robot_ws/install/beidou_gazebo/share/beidou_gazebo/hook/ament_prefix_path.ps1'
[0.147s] INFO:colcon.colcon_core.shell:Creating environment descriptor '/home/ubbbb/beidou_robot_ws/install/beidou_gazebo/share/beidou_gazebo/hook/ament_prefix_path.dsv'
[0.148s] INFO:colcon.colcon_core.shell:Creating environment hook '/home/ubbbb/beidou_robot_ws/install/beidou_gazebo/share/beidou_gazebo/hook/ament_prefix_path.sh'
[0.148s] INFO:colcon.colcon_core.shell:Skip shell extension 'powershell' for command environment: Not usable outside of PowerShell
[0.148s] DEBUG:colcon.colcon_core.shell:Skip shell extension 'dsv' for command environment
[0.288s] INFO:colcon.colcon_core.task.python.build:Building Python package in '/home/ubbbb/beidou_robot_ws/src/beidou_gazebo'
[0.288s] INFO:colcon.colcon_core.shell:Skip shell extension 'powershell' for command environment: Not usable outside of PowerShell
[0.288s] DEBUG:colcon.colcon_core.shell:Skip shell extension 'dsv' for command environment
[0.610s] DEBUG:colcon.colcon_core.task.python.build:Available setuptools commands: upload, dist_info, update_catalog, register, build_ext, test, install_lib, bdist_rpm, upload_docs, bdist_egg, install_data, symlink_data, build, bdist_dumb, compile_catalog, sdist, install, clean, extract_messages, easy_install, setopt, install_scripts, build_clib, develop, init_catalog, check, alias, egg_info, install_headers, editable_wheel, rotate, saveopts, build_scripts, bdist, install_egg_info, build_py
[0.808s] DEBUG:colcon.colcon_core.task.python.build:Available setuptools 'develop' options: --always-unzip, --zip-ok, --allow-hosts, --install-dir, --no-find-links, --dry-run, --version, --upgrade, --editable, --no-deps, --user, --optimize, --help, --quiet, --force-installation-into-system-dir, --local-snapshots-ok, --multi-version, --record, --build-directory, --exclude-scripts, --egg-path, --always-copy, --site-dirs, --index-url, --uninstall, --script-dir, --install-layout, --verbose, --no-user-cfg, --prefix, --find-links
[0.810s] DEBUG:colcon.colcon_core.event_handler.log_command:Invoking command in '/home/ubbbb/beidou_robot_ws/build/beidou_gazebo': DEBUGINFOD_URLS=https://debuginfod.ubuntu.com PYTHONPATH=/home/ubbbb/beidou_robot_ws/build/beidou_gazebo/prefix_override:/usr/lib/python3/dist-packages/colcon_core/task/python/colcon_distutils_commands:/home/ubbbb/beidou_robot_ws/install/beidou_gazebo/lib/python3.12/site-packages:${PYTHONPATH} /usr/bin/python3 -W ignore:setup.py install is deprecated -W ignore:easy_install command is deprecated setup.py develop --editable --build-directory /home/ubbbb/beidou_robot_ws/build/beidou_gazebo/build --no-deps symlink_data
[1.177s] Level 1:colcon.colcon_core.shell:create_environment_hook('beidou_gazebo', 'pythonpath_develop')
[1.177s] INFO:colcon.colcon_core.shell:Creating environment hook '/home/ubbbb/beidou_robot_ws/build/beidou_gazebo/share/beidou_gazebo/hook/pythonpath_develop.ps1'
[1.177s] DEBUG:colcon.colcon_core.event_handler.log_command:Invoked command in '/home/ubbbb/beidou_robot_ws/build/beidou_gazebo' returned '0': DEBUGINFOD_URLS=https://debuginfod.ubuntu.com PYTHONPATH=/home/ubbbb/beidou_robot_ws/build/beidou_gazebo/prefix_override:/usr/lib/python3/dist-packages/colcon_core/task/python/colcon_distutils_commands:/home/ubbbb/beidou_robot_ws/install/beidou_gazebo/lib/python3.12/site-packages:${PYTHONPATH} /usr/bin/python3 -W ignore:setup.py install is deprecated -W ignore:easy_install command is deprecated setup.py develop --editable --build-directory /home/ubbbb/beidou_robot_ws/build/beidou_gazebo/build --no-deps symlink_data
[1.178s] INFO:colcon.colcon_core.shell:Creating environment descriptor '/home/ubbbb/beidou_robot_ws/build/beidou_gazebo/share/beidou_gazebo/hook/pythonpath_develop.dsv'
[1.178s] INFO:colcon.colcon_core.shell:Creating environment hook '/home/ubbbb/beidou_robot_ws/build/beidou_gazebo/share/beidou_gazebo/hook/pythonpath_develop.sh'
[1.179s] Level 1:colcon.colcon_core.environment:checking '/home/ubbbb/beidou_robot_ws/install/beidou_gazebo' for CMake module files
[1.180s] Level 1:colcon.colcon_core.environment:checking '/home/ubbbb/beidou_robot_ws/install/beidou_gazebo' for CMake config files
[1.180s] Level 1:colcon.colcon_core.environment:checking '/home/ubbbb/beidou_robot_ws/install/beidou_gazebo/lib'
[1.180s] Level 1:colcon.colcon_core.environment:checking '/home/ubbbb/beidou_robot_ws/install/beidou_gazebo/bin'
[1.180s] Level 1:colcon.colcon_core.environment:checking '/home/ubbbb/beidou_robot_ws/install/beidou_gazebo/lib/pkgconfig/beidou_gazebo.pc'
[1.180s] Level 1:colcon.colcon_core.environment:checking '/home/ubbbb/beidou_robot_ws/install/beidou_gazebo/lib/python3.12/site-packages'
[1.181s] Level 1:colcon.colcon_core.shell:create_environment_hook('beidou_gazebo', 'pythonpath')
[1.181s] INFO:colcon.colcon_core.shell:Creating environment hook '/home/ubbbb/beidou_robot_ws/install/beidou_gazebo/share/beidou_gazebo/hook/pythonpath.ps1'
[1.181s] INFO:colcon.colcon_core.shell:Creating environment descriptor '/home/ubbbb/beidou_robot_ws/install/beidou_gazebo/share/beidou_gazebo/hook/pythonpath.dsv'
[1.181s] INFO:colcon.colcon_core.shell:Creating environment hook '/home/ubbbb/beidou_robot_ws/install/beidou_gazebo/share/beidou_gazebo/hook/pythonpath.sh'
[1.181s] Level 1:colcon.colcon_core.environment:checking '/home/ubbbb/beidou_robot_ws/install/beidou_gazebo/bin'
[1.181s] Level 1:colcon.colcon_core.environment:create_environment_scripts_only(beidou_gazebo)
[1.182s] INFO:colcon.colcon_core.shell:Creating package script '/home/ubbbb/beidou_robot_ws/install/beidou_gazebo/share/beidou_gazebo/package.ps1'
[1.182s] INFO:colcon.colcon_core.shell:Creating package descriptor '/home/ubbbb/beidou_robot_ws/install/beidou_gazebo/share/beidou_gazebo/package.dsv'
[1.183s] INFO:colcon.colcon_core.shell:Creating package script '/home/ubbbb/beidou_robot_ws/install/beidou_gazebo/share/beidou_gazebo/package.sh'
[1.183s] INFO:colcon.colcon_core.shell:Creating package script '/home/ubbbb/beidou_robot_ws/install/beidou_gazebo/share/beidou_gazebo/package.bash'
[1.184s] INFO:colcon.colcon_core.shell:Creating package script '/home/ubbbb/beidou_robot_ws/install/beidou_gazebo/share/beidou_gazebo/package.zsh'
[1.184s] Level 1:colcon.colcon_core.environment:create_file_with_runtime_dependencies(/home/ubbbb/beidou_robot_ws/install/beidou_gazebo/share/colcon-core/packages/beidou_gazebo)
[1.184s] DEBUG:colcon.colcon_parallel_executor.executor.parallel:closing loop
[1.185s] DEBUG:colcon.colcon_parallel_executor.executor.parallel:loop closed
[1.185s] DEBUG:colcon.colcon_parallel_executor.executor.parallel:run_until_complete finished with '0'
[1.185s] DEBUG:colcon.colcon_core.event_reactor:joining thread
[1.191s] INFO:colcon.colcon_core.plugin_system:Skipping extension 'colcon_notification.desktop_notification.terminal_notifier': Not used on non-Darwin systems
[1.191s] INFO:colcon.colcon_core.plugin_system:Skipping extension 'colcon_notification.desktop_notification.win32': Not used on non-Windows systems
[1.191s] INFO:colcon.colcon_notification.desktop_notification:Sending desktop notification using 'notify2'
[1.206s] DEBUG:colcon.colcon_core.event_reactor:joined thread
[1.206s] INFO:colcon.colcon_core.shell:Creating prefix script '/home/ubbbb/beidou_robot_ws/install/local_setup.ps1'
[1.207s] INFO:colcon.colcon_core.shell:Creating prefix util module '/home/ubbbb/beidou_robot_ws/install/_local_setup_util_ps1.py'
[1.210s] INFO:colcon.colcon_core.shell:Creating prefix chain script '/home/ubbbb/beidou_robot_ws/install/setup.ps1'
[1.212s] INFO:colcon.colcon_core.shell:Creating prefix script '/home/ubbbb/beidou_robot_ws/install/local_setup.sh'
[1.213s] INFO:colcon.colcon_core.shell:Creating prefix util module '/home/ubbbb/beidou_robot_ws/install/_local_setup_util_sh.py'
[1.214s] INFO:colcon.colcon_core.shell:Creating prefix chain script '/home/ubbbb/beidou_robot_ws/install/setup.sh'
[1.215s] INFO:colcon.colcon_core.shell:Creating prefix script '/home/ubbbb/beidou_robot_ws/install/local_setup.bash'
[1.216s] INFO:colcon.colcon_core.shell:Creating prefix chain script '/home/ubbbb/beidou_robot_ws/install/setup.bash'
[1.218s] INFO:colcon.colcon_core.shell:Creating prefix script '/home/ubbbb/beidou_robot_ws/install/local_setup.zsh'
[1.219s] INFO:colcon.colcon_core.shell:Creating prefix chain script '/home/ubbbb/beidou_robot_ws/install/setup.zsh'
