running develop
running egg_info
creating beidou_gazebo.egg-info
writing beidou_gazebo.egg-info/PKG-INFO
writing dependency_links to beidou_gazebo.egg-info/dependency_links.txt
writing requirements to beidou_gazebo.egg-info/requires.txt
writing top-level names to beidou_gazebo.egg-info/top_level.txt
writing manifest file 'beidou_gazebo.egg-info/SOURCES.txt'
reading manifest file 'beidou_gazebo.egg-info/SOURCES.txt'
writing manifest file 'beidou_gazebo.egg-info/SOURCES.txt'
running build_ext
Creating /home/ubbbb/beidou_robot_ws/install/beidou_gazebo/lib/python3.12/site-packages/beidou-gazebo.egg-link (link to .)

Installed /home/ubbbb/beidou_robot_ws/build/beidou_gazebo
running symlink_data
creating /home/ubbbb/beidou_robot_ws/install/beidou_gazebo/share/ament_index
creating /home/ubbbb/beidou_robot_ws/install/beidou_gazebo/share/ament_index/resource_index
creating /home/ubbbb/beidou_robot_ws/install/beidou_gazebo/share/ament_index/resource_index/packages
symbolically linking /home/ubbbb/beidou_robot_ws/build/beidou_gazebo/resource/beidou_gazebo -> /home/ubbbb/beidou_robot_ws/install/beidou_gazebo/share/ament_index/resource_index/packages
symbolically linking /home/ubbbb/beidou_robot_ws/build/beidou_gazebo/package.xml -> /home/ubbbb/beidou_robot_ws/install/beidou_gazebo/share/beidou_gazebo
creating /home/ubbbb/beidou_robot_ws/install/beidou_gazebo/share/beidou_gazebo/launch
symbolically linking /home/ubbbb/beidou_robot_ws/build/beidou_gazebo/launch/elderly_home.launch.py -> /home/ubbbb/beidou_robot_ws/install/beidou_gazebo/share/beidou_gazebo/launch
creating /home/ubbbb/beidou_robot_ws/install/beidou_gazebo/share/beidou_gazebo/worlds
symbolically linking /home/ubbbb/beidou_robot_ws/build/beidou_gazebo/worlds/elderly_home.sdf -> /home/ubbbb/beidou_robot_ws/install/beidou_gazebo/share/beidou_gazebo/worlds
creating /home/ubbbb/beidou_robot_ws/install/beidou_gazebo/share/beidou_gazebo/models
creating /home/ubbbb/beidou_robot_ws/install/beidou_gazebo/share/beidou_gazebo/models/simple_robot
symbolically linking /home/ubbbb/beidou_robot_ws/build/beidou_gazebo/models/simple_robot/model.sdf -> /home/ubbbb/beidou_robot_ws/install/beidou_gazebo/share/beidou_gazebo/models/simple_robot
symbolically linking /home/ubbbb/beidou_robot_ws/build/beidou_gazebo/models/simple_robot/model.config -> /home/ubbbb/beidou_robot_ws/install/beidou_gazebo/share/beidou_gazebo/models/simple_robot
