[0.769s] Invoking command in '/home/ubbbb/beidou_robot_ws/build/beidou_gazebo': DEBUGINFOD_URLS=https://debuginfod.ubuntu.com PYTHONPATH=/home/ubbbb/beidou_robot_ws/build/beidou_gazebo/prefix_override:/usr/lib/python3/dist-packages/colcon_core/task/python/colcon_distutils_commands:/home/ubbbb/beidou_robot_ws/install/beidou_gazebo/lib/python3.12/site-packages:${PYTHONPATH} /usr/bin/python3 -W ignore:setup.py install is deprecated -W ignore:easy_install command is deprecated setup.py develop --editable --build-directory /home/ubbbb/beidou_robot_ws/build/beidou_gazebo/build --no-deps symlink_data
[0.948s] running develop
[1.047s] running egg_info
[1.047s] creating beidou_gazebo.egg-info
[1.057s] writing beidou_gazebo.egg-info/PKG-INFO
[1.057s] writing dependency_links to beidou_gazebo.egg-info/dependency_links.txt
[1.058s] writing requirements to beidou_gazebo.egg-info/requires.txt
[1.058s] writing top-level names to beidou_gazebo.egg-info/top_level.txt
[1.058s] writing manifest file 'beidou_gazebo.egg-info/SOURCES.txt'
[1.077s] reading manifest file 'beidou_gazebo.egg-info/SOURCES.txt'
[1.077s] writing manifest file 'beidou_gazebo.egg-info/SOURCES.txt'
[1.088s] running build_ext
[1.088s] Creating /home/ubbbb/beidou_robot_ws/install/beidou_gazebo/lib/python3.12/site-packages/beidou-gazebo.egg-link (link to .)
[1.088s] 
[1.089s] Installed /home/ubbbb/beidou_robot_ws/build/beidou_gazebo
[1.089s] running symlink_data
[1.089s] creating /home/ubbbb/beidou_robot_ws/install/beidou_gazebo/share/ament_index
[1.089s] creating /home/ubbbb/beidou_robot_ws/install/beidou_gazebo/share/ament_index/resource_index
[1.089s] creating /home/ubbbb/beidou_robot_ws/install/beidou_gazebo/share/ament_index/resource_index/packages
[1.089s] symbolically linking /home/ubbbb/beidou_robot_ws/build/beidou_gazebo/resource/beidou_gazebo -> /home/ubbbb/beidou_robot_ws/install/beidou_gazebo/share/ament_index/resource_index/packages
[1.089s] symbolically linking /home/ubbbb/beidou_robot_ws/build/beidou_gazebo/package.xml -> /home/ubbbb/beidou_robot_ws/install/beidou_gazebo/share/beidou_gazebo
[1.089s] creating /home/ubbbb/beidou_robot_ws/install/beidou_gazebo/share/beidou_gazebo/launch
[1.089s] symbolically linking /home/ubbbb/beidou_robot_ws/build/beidou_gazebo/launch/elderly_home.launch.py -> /home/ubbbb/beidou_robot_ws/install/beidou_gazebo/share/beidou_gazebo/launch
[1.090s] creating /home/ubbbb/beidou_robot_ws/install/beidou_gazebo/share/beidou_gazebo/worlds
[1.090s] symbolically linking /home/ubbbb/beidou_robot_ws/build/beidou_gazebo/worlds/elderly_home.sdf -> /home/ubbbb/beidou_robot_ws/install/beidou_gazebo/share/beidou_gazebo/worlds
[1.090s] creating /home/ubbbb/beidou_robot_ws/install/beidou_gazebo/share/beidou_gazebo/models
[1.090s] creating /home/ubbbb/beidou_robot_ws/install/beidou_gazebo/share/beidou_gazebo/models/simple_robot
[1.090s] symbolically linking /home/ubbbb/beidou_robot_ws/build/beidou_gazebo/models/simple_robot/model.sdf -> /home/ubbbb/beidou_robot_ws/install/beidou_gazebo/share/beidou_gazebo/models/simple_robot
[1.090s] symbolically linking /home/ubbbb/beidou_robot_ws/build/beidou_gazebo/models/simple_robot/model.config -> /home/ubbbb/beidou_robot_ws/install/beidou_gazebo/share/beidou_gazebo/models/simple_robot
[1.111s] Invoked command in '/home/ubbbb/beidou_robot_ws/build/beidou_gazebo' returned '0': DEBUGINFOD_URLS=https://debuginfod.ubuntu.com PYTHONPATH=/home/ubbbb/beidou_robot_ws/build/beidou_gazebo/prefix_override:/usr/lib/python3/dist-packages/colcon_core/task/python/colcon_distutils_commands:/home/ubbbb/beidou_robot_ws/install/beidou_gazebo/lib/python3.12/site-packages:${PYTHONPATH} /usr/bin/python3 -W ignore:setup.py install is deprecated -W ignore:easy_install command is deprecated setup.py develop --editable --build-directory /home/ubbbb/beidou_robot_ws/build/beidou_gazebo/build --no-deps symlink_data
