[1.373s] Invoking command in '/home/ubbbb/beidou_robot_ws/build/beidou_gazebo': AMENT_PREFIX_PATH=/home/ubbbb/beidou_robot_ws/install/beidou_gazebo_pose_bridge:${AMENT_PREFIX_PATH} CMAKE_PREFIX_PATH=/home/ubbbb/beidou_robot_ws/install/beidou_gazebo_pose_bridge:${CMAKE_PREFIX_PATH} DEBUGINFOD_URLS=https://debuginfod.ubuntu.com PYTHONPATH=/home/ubbbb/beidou_robot_ws/build/beidou_gazebo/prefix_override:/usr/lib/python3/dist-packages/colcon_core/task/python/colcon_distutils_commands:/home/ubbbb/beidou_robot_ws/install/beidou_gazebo/lib/python3.12/site-packages:${PYTHONPATH} /usr/bin/python3 -W ignore:setup.py install is deprecated -W ignore:easy_install command is deprecated setup.py develop --editable --build-directory /home/ubbbb/beidou_robot_ws/build/beidou_gazebo/build --no-deps symlink_data
[1.717s] running develop
[1.929s] running egg_info
[1.948s] writing beidou_gazebo.egg-info/PKG-INFO
[1.948s] writing dependency_links to beidou_gazebo.egg-info/dependency_links.txt
[1.948s] writing entry points to beidou_gazebo.egg-info/entry_points.txt
[1.949s] writing requirements to beidou_gazebo.egg-info/requires.txt
[1.949s] writing top-level names to beidou_gazebo.egg-info/top_level.txt
[1.989s] reading manifest file 'beidou_gazebo.egg-info/SOURCES.txt'
[1.990s] writing manifest file 'beidou_gazebo.egg-info/SOURCES.txt'
[2.011s] running build_ext
[2.011s] Creating /home/ubbbb/beidou_robot_ws/install/beidou_gazebo/lib/python3.12/site-packages/beidou-gazebo.egg-link (link to .)
[2.012s] Installing beidou_position_publisher script to /home/ubbbb/beidou_robot_ws/install/beidou_gazebo/lib/beidou_gazebo
[2.013s] Installing elderly_companion_navigation script to /home/ubbbb/beidou_robot_ws/install/beidou_gazebo/lib/beidou_gazebo
[2.013s] Installing elderly_geofence script to /home/ubbbb/beidou_robot_ws/install/beidou_gazebo/lib/beidou_gazebo
[2.013s] Installing elderly_guard_navigation script to /home/ubbbb/beidou_robot_ws/install/beidou_gazebo/lib/beidou_gazebo
[2.013s] Installing elderly_voice_alarm script to /home/ubbbb/beidou_robot_ws/install/beidou_gazebo/lib/beidou_gazebo
[2.013s] Installing elderly_walker script to /home/ubbbb/beidou_robot_ws/install/beidou_gazebo/lib/beidou_gazebo
[2.013s] Installing piper_chinese_tts script to /home/ubbbb/beidou_robot_ws/install/beidou_gazebo/lib/beidou_gazebo
[2.014s] 
[2.014s] Installed /home/ubbbb/beidou_robot_ws/build/beidou_gazebo
[2.014s] running symlink_data
[2.066s] Invoked command in '/home/ubbbb/beidou_robot_ws/build/beidou_gazebo' returned '0': AMENT_PREFIX_PATH=/home/ubbbb/beidou_robot_ws/install/beidou_gazebo_pose_bridge:${AMENT_PREFIX_PATH} CMAKE_PREFIX_PATH=/home/ubbbb/beidou_robot_ws/install/beidou_gazebo_pose_bridge:${CMAKE_PREFIX_PATH} DEBUGINFOD_URLS=https://debuginfod.ubuntu.com PYTHONPATH=/home/ubbbb/beidou_robot_ws/build/beidou_gazebo/prefix_override:/usr/lib/python3/dist-packages/colcon_core/task/python/colcon_distutils_commands:/home/ubbbb/beidou_robot_ws/install/beidou_gazebo/lib/python3.12/site-packages:${PYTHONPATH} /usr/bin/python3 -W ignore:setup.py install is deprecated -W ignore:easy_install command is deprecated setup.py develop --editable --build-directory /home/ubbbb/beidou_robot_ws/build/beidou_gazebo/build --no-deps symlink_data
