[0.020s] Invoking command in '/home/ubbbb/beidou_robot_ws/build/beidou_gazebo_pose_bridge': CMAKE_PREFIX_PATH=${CMAKE_PREFIX_PATH}:/opt/ros/jazzy DEBUGINFOD_URLS=https://debuginfod.ubuntu.com /usr/bin/cmake --build /home/ubbbb/beidou_robot_ws/build/beidou_gazebo_pose_bridge -- -j18 -l18
[0.180s] [100%] Built target elderly_pose_bridge
[0.198s] Invoked command in '/home/ubbbb/beidou_robot_ws/build/beidou_gazebo_pose_bridge' returned '0': CMAKE_PREFIX_PATH=${CMAKE_PREFIX_PATH}:/opt/ros/jazzy DEBUGINFOD_URLS=https://debuginfod.ubuntu.com /usr/bin/cmake --build /home/ubbbb/beidou_robot_ws/build/beidou_gazebo_pose_bridge -- -j18 -l18
[0.219s] Invoking command in '/home/ubbbb/beidou_robot_ws/build/beidou_gazebo_pose_bridge': CMAKE_PREFIX_PATH=${CMAKE_PREFIX_PATH}:/opt/ros/jazzy DEBUGINFOD_URLS=https://debuginfod.ubuntu.com /usr/bin/cmake --install /home/ubbbb/beidou_robot_ws/build/beidou_gazebo_pose_bridge
[0.231s] -- Install configuration: ""
[0.232s] -- Execute custom install script
[0.233s] -- Up-to-date symlink: /home/ubbbb/beidou_robot_ws/install/beidou_gazebo_pose_bridge/lib/beidou_gazebo_pose_bridge/elderly_pose_bridge
[0.233s] -- Up-to-date symlink: /home/ubbbb/beidou_robot_ws/install/beidou_gazebo_pose_bridge/share/ament_index/resource_index/package_run_dependencies/beidou_gazebo_pose_bridge
[0.234s] -- Up-to-date symlink: /home/ubbbb/beidou_robot_ws/install/beidou_gazebo_pose_bridge/share/ament_index/resource_index/parent_prefix_path/beidou_gazebo_pose_bridge
[0.234s] -- Up-to-date symlink: /home/ubbbb/beidou_robot_ws/install/beidou_gazebo_pose_bridge/share/beidou_gazebo_pose_bridge/environment/ament_prefix_path.sh
[0.234s] -- Up-to-date symlink: /home/ubbbb/beidou_robot_ws/install/beidou_gazebo_pose_bridge/share/beidou_gazebo_pose_bridge/environment/ament_prefix_path.dsv
[0.234s] -- Up-to-date symlink: /home/ubbbb/beidou_robot_ws/install/beidou_gazebo_pose_bridge/share/beidou_gazebo_pose_bridge/environment/path.sh
[0.235s] -- Up-to-date symlink: /home/ubbbb/beidou_robot_ws/install/beidou_gazebo_pose_bridge/share/beidou_gazebo_pose_bridge/environment/path.dsv
[0.235s] -- Up-to-date symlink: /home/ubbbb/beidou_robot_ws/install/beidou_gazebo_pose_bridge/share/beidou_gazebo_pose_bridge/local_setup.bash
[0.236s] -- Up-to-date symlink: /home/ubbbb/beidou_robot_ws/install/beidou_gazebo_pose_bridge/share/beidou_gazebo_pose_bridge/local_setup.sh
[0.236s] -- Up-to-date symlink: /home/ubbbb/beidou_robot_ws/install/beidou_gazebo_pose_bridge/share/beidou_gazebo_pose_bridge/local_setup.zsh
[0.236s] -- Up-to-date symlink: /home/ubbbb/beidou_robot_ws/install/beidou_gazebo_pose_bridge/share/beidou_gazebo_pose_bridge/local_setup.dsv
[0.236s] -- Symlinking: /home/ubbbb/beidou_robot_ws/install/beidou_gazebo_pose_bridge/share/beidou_gazebo_pose_bridge/package.dsv
[0.251s] -- Up-to-date symlink: /home/ubbbb/beidou_robot_ws/install/beidou_gazebo_pose_bridge/share/ament_index/resource_index/packages/beidou_gazebo_pose_bridge
[0.251s] -- Up-to-date symlink: /home/ubbbb/beidou_robot_ws/install/beidou_gazebo_pose_bridge/share/beidou_gazebo_pose_bridge/cmake/beidou_gazebo_pose_bridgeConfig.cmake
[0.251s] -- Up-to-date symlink: /home/ubbbb/beidou_robot_ws/install/beidou_gazebo_pose_bridge/share/beidou_gazebo_pose_bridge/cmake/beidou_gazebo_pose_bridgeConfig-version.cmake
[0.251s] -- Up-to-date symlink: /home/ubbbb/beidou_robot_ws/install/beidou_gazebo_pose_bridge/share/beidou_gazebo_pose_bridge/package.xml
[0.254s] Invoked command in '/home/ubbbb/beidou_robot_ws/build/beidou_gazebo_pose_bridge' returned '0': CMAKE_PREFIX_PATH=${CMAKE_PREFIX_PATH}:/opt/ros/jazzy DEBUGINFOD_URLS=https://debuginfod.ubuntu.com /usr/bin/cmake --install /home/ubbbb/beidou_robot_ws/build/beidou_gazebo_pose_bridge
