[0.668s] Invoking command in '/home/ubbbb/beidou_robot_ws/build/beidou_gazebo': AMENT_PREFIX_PATH=/home/ubbbb/beidou_robot_ws/install/beidou_gazebo_pose_bridge:${AMENT_PREFIX_PATH} CMAKE_PREFIX_PATH=/home/ubbbb/beidou_robot_ws/install/beidou_gazebo_pose_bridge:${CMAKE_PREFIX_PATH} DEBUGINFOD_URLS=https://debuginfod.ubuntu.com PYTHONPATH=/home/ubbbb/beidou_robot_ws/build/beidou_gazebo/prefix_override:/usr/lib/python3/dist-packages/colcon_core/task/python/colcon_distutils_commands:/home/ubbbb/beidou_robot_ws/install/beidou_gazebo/lib/python3.12/site-packages:${PYTHONPATH} /usr/bin/python3 -W ignore:setup.py install is deprecated -W ignore:easy_install command is deprecated setup.py develop --editable --build-directory /home/ubbbb/beidou_robot_ws/build/beidou_gazebo/build --no-deps symlink_data
[0.859s] running develop
[0.970s] running egg_info
[0.980s] writing beidou_gazebo.egg-info/PKG-INFO
[0.981s] writing dependency_links to beidou_gazebo.egg-info/dependency_links.txt
[0.981s] writing entry points to beidou_gazebo.egg-info/entry_points.txt
[0.981s] writing requirements to beidou_gazebo.egg-info/requires.txt
[0.981s] writing top-level names to beidou_gazebo.egg-info/top_level.txt
[1.001s] reading manifest file 'beidou_gazebo.egg-info/SOURCES.txt'
[1.002s] writing manifest file 'beidou_gazebo.egg-info/SOURCES.txt'
[1.013s] running build_ext
[1.013s] Creating /home/ubbbb/beidou_robot_ws/install/beidou_gazebo/lib/python3.12/site-packages/beidou-gazebo.egg-link (link to .)
[1.013s] Installing beidou_position_publisher script to /home/ubbbb/beidou_robot_ws/install/beidou_gazebo/lib/beidou_gazebo
[1.013s] Installing elderly_companion_navigation script to /home/ubbbb/beidou_robot_ws/install/beidou_gazebo/lib/beidou_gazebo
[1.013s] Installing elderly_geofence script to /home/ubbbb/beidou_robot_ws/install/beidou_gazebo/lib/beidou_gazebo
[1.013s] Installing elderly_guard_navigation script to /home/ubbbb/beidou_robot_ws/install/beidou_gazebo/lib/beidou_gazebo
[1.014s] Installing elderly_voice_alarm script to /home/ubbbb/beidou_robot_ws/install/beidou_gazebo/lib/beidou_gazebo
[1.014s] Installing elderly_walker script to /home/ubbbb/beidou_robot_ws/install/beidou_gazebo/lib/beidou_gazebo
[1.014s] Installing piper_chinese_tts script to /home/ubbbb/beidou_robot_ws/install/beidou_gazebo/lib/beidou_gazebo
[1.014s] 
[1.014s] Installed /home/ubbbb/beidou_robot_ws/build/beidou_gazebo
[1.014s] running symlink_data
[1.014s] symbolically linking /home/ubbbb/beidou_robot_ws/build/beidou_gazebo/launch/elderly_walker.launch.py -> /home/ubbbb/beidou_robot_ws/install/beidou_gazebo/share/beidou_gazebo/launch
[1.039s] Invoked command in '/home/ubbbb/beidou_robot_ws/build/beidou_gazebo' returned '0': AMENT_PREFIX_PATH=/home/ubbbb/beidou_robot_ws/install/beidou_gazebo_pose_bridge:${AMENT_PREFIX_PATH} CMAKE_PREFIX_PATH=/home/ubbbb/beidou_robot_ws/install/beidou_gazebo_pose_bridge:${CMAKE_PREFIX_PATH} DEBUGINFOD_URLS=https://debuginfod.ubuntu.com PYTHONPATH=/home/ubbbb/beidou_robot_ws/build/beidou_gazebo/prefix_override:/usr/lib/python3/dist-packages/colcon_core/task/python/colcon_distutils_commands:/home/ubbbb/beidou_robot_ws/install/beidou_gazebo/lib/python3.12/site-packages:${PYTHONPATH} /usr/bin/python3 -W ignore:setup.py install is deprecated -W ignore:easy_install command is deprecated setup.py develop --editable --build-directory /home/ubbbb/beidou_robot_ws/build/beidou_gazebo/build --no-deps symlink_data
